 plobd

 Timestamp is 3a895fa8 (Tue Feb 13 17:24:08 2001)

 Preferred load address is 00400000

 Start         Length     Name                   Class
 0001:00000000 0004abd0H .text                   CODE
 0002:00000000 00000214H .idata$5                DATA
 0002:00000218 00008494H .rdata                  DATA
 0002:000086ac 00000064H .idata$2                DATA
 0002:00008710 00000014H .idata$3                DATA
 0002:00008724 00000214H .idata$4                DATA
 0002:00008938 00000642H .idata$6                DATA
 0002:00008f80 00002907H .edata                  DATA
 0003:00000000 00000004H .CRT$XCA                DATA
 0003:00000004 00000004H .CRT$XCZ                DATA
 0003:00000008 00000004H .CRT$XIA                DATA
 0003:0000000c 00000004H .CRT$XIZ                DATA
 0003:00000010 00009b04H .data                   DATA
 0003:00009b18 0002314cH .bss                    DATA
 0004:00000000 00000178H .rsrc$01                DATA
 0004:00000180 00001bd0H .rsrc$02                DATA

  Address         Publics by Value              Rva+Base     Lib:Object

 0001:00000000       _fnLISPsuspendCallback     00401000 f   splobcallb.obj
 0001:00000020       _fnLISPwakeupCallback      00401020 f   splobcallb.obj
 0001:00000040       _fnLISPerrorCallback       00401040 f   splobcallb.obj
 0001:000001e0       _fnPlobdGetVersion         004011e0 f   plobdsvc.obj
 0001:000001f0       _fnPlobdSetVersion         004011f0 f   plobdsvc.obj
 0001:00000200       _fnPlobdGetPortOffset      00401200 f   plobdsvc.obj
 0001:00000210       _fnPlobdGetPort            00401210 f   plobdsvc.obj
 0001:00000220       _fnPlobdSetPort            00401220 f   plobdsvc.obj
 0001:00000230       _fnServerPlobdRequest      00401230 f   plobdsvc.obj
 0001:00000240       _fnServerPlobdReply        00401240 f   plobdsvc.obj
 0001:00000350       _fnrpc_fnclientdbreadroot_1 00401350 f   plobdsvc.obj
 0001:000004a0       _fnrpc_fnserverdbwriteroot_1 004014a0 f   plobdsvc.obj
 0001:000005f0       _fnrpc_fnclientdbsessions_1 004015f0 f   plobdsvc.obj
 0001:00000740       _fnrpc_fnservergetversion_1 00401740 f   plobdsvc.obj
 0001:00000890       _fnrpc_fnclientdbcreatemachine_1 00401890 f   plobdsvc.obj
 0001:000009e0       _fnrpc_fnclientmachineloginp_1 004019e0 f   plobdsvc.obj
 0001:00000b30       _fnrpc_fnclientmachineaddr_1 00401b30 f   plobdsvc.obj
 0001:00000d10       _fnrpc_fnclientdbmachinesearch_1 00401d10 f   plobdsvc.obj
 0001:00000e60       _fnrpc_fnclientdbmachinedelete_1 00401e60 f   plobdsvc.obj
 0001:00000fb0       _fnrpc_fnclientdbmachineinsert_1 00401fb0 f   plobdsvc.obj
 0001:00001100       _fnrpc_fnclientdbmachines_1 00402100 f   plobdsvc.obj
 0001:00001250       _fnrpc_fnservergetportbydirectory_1 00402250 f   plobdsvc.obj
 0001:000013a0       _fnrpc_fnservergetpid_1    004023a0 f   plobdsvc.obj
 0001:000014e0       _fnrpc_fnservergetdirectory_1 004024e0 f   plobdsvc.obj
 0001:000016b0       _fnrpc_fnserverexit_1      004026b0 f   plobdsvc.obj
 0001:00001800       _fnrpc_fnserverdbreset_1   00402800 f   plobdsvc.obj
 0001:00001950       _fnrpc_fnserverrestart_1   00402950 f   plobdsvc.obj
 0001:00001aa0       _fnrpc_fnclientobjectcanmodify_1 00402aa0 f   plobdsvc.obj
 0001:00001bf0       _fnrpc_fnserverdbclose_batch_1 00402bf0 f   plobdsvc.obj
 0001:00001ca0       _fnrpc_fnclientdbconfiguration_1 00402ca0 f   plobdsvc.obj
 0001:00001e00       _fnrpc_fnserverdbcreateobject_1 00402e00 f   plobdsvc.obj
 0001:00001f60       _fnrpc_fnserverdbcreateobjects_1 00402f60 f   plobdsvc.obj
 0001:00002150       _fnrpc_fnserverobjectdestroy_batch_1 00403150 f   plobdsvc.obj
 0001:00002200       _fnrpc_fnserverobjectobjidsize_1 00403200 f   plobdsvc.obj
 0001:00002350       _fnrpc_fnserverdbopen_1    00403350 f   plobdsvc.obj
 0001:000024b0       _fnrpc_fnserverobjectflush_1 004034b0 f   plobdsvc.obj
 0001:00002600       _fnrpc_fnserverobjectreadatindex_1 00403600 f   plobdsvc.obj
 0001:00002760       _fnrpc_fnserverobjectreadatindices_1 00403760 f   plobdsvc.obj
 0001:000029d0       _fnrpc_fnserverobjectreadobjid_1 004039d0 f   plobdsvc.obj
 0001:00002b30       _fnrpc_fnserverobjectreadvalues_1 00403b30 f   plobdsvc.obj
 0001:00002d30       _fnrpc_fnclientdbstatistics_1 00403d30 f   plobdsvc.obj
 0001:00002ea0       _fnrpc_fnserverdbstabilise_batch_1 00403ea0 f   plobdsvc.obj
 0001:00002f40       _fnrpc_fnserverobjecttypetag_1 00403f40 f   plobdsvc.obj
 0001:00003090       _fnrpc_fnserverobjectvaluesize_1 00404090 f   plobdsvc.obj
 0001:000031e0       _fnrpc_fnserverobjectwriteatindex_1 004041e0 f   plobdsvc.obj
 0001:00003340       _fnrpc_fnserverobjectwriteatindices_1 00404340 f   plobdsvc.obj
 0001:000034a0       _fnrpc_fnserverobjectwriteobjid_1 004044a0 f   plobdsvc.obj
 0001:00003600       _fnrpc_fnserverobjectwritevalues_1 00404600 f   plobdsvc.obj
 0001:00003760       _fnrpc_fnshortmakedependent_1 00404760 f   plobdsvc.obj
 0001:000038b0       _fnrpc_fnserverobjectpeekslots_1 004048b0 f   plobdsvc.obj
 0001:00003aa0       _fnrpc_fnserverobjectpeekvalues_1 00404aa0 f   plobdsvc.obj
 0001:00003d80       _fnrpc_fnserverobjectpoke_batch_1 00404d80 f   plobdsvc.obj
 0001:00003e40       _fnrpc_fnflushmode_1       00404e40 f   plobdsvc.obj
 0001:00003f90       _fnrpc_fnflagword_1        00404f90 f   plobdsvc.obj
 0001:000040e0       _fnrpc_fnshortmakeivector_1 004050e0 f   plobdsvc.obj
 0001:00004230       _fnrpc_fnshortmakestring_1 00405230 f   plobdsvc.obj
 0001:00004380       _fnrpc_fnserverdbcreatestructures_1 00405380 f   plobdsvc.obj
 0001:00004570       _fnrpc_fnserverdbcreateinstances_1 00405570 f   plobdsvc.obj
 0001:000047d0       _fnrpc_fnserverinstancewritewrapper_1 004057d0 f   plobdsvc.obj
 0001:00004920       _fnrpc_fnserverinstancewritedata_1 00405920 f   plobdsvc.obj
 0001:00004a70       _fnrpc_fnserverdbtypetagname_1 00405a70 f   plobdsvc.obj
 0001:00004bc0       _fnrpc_fnserverobjectprettyprint_1 00405bc0 f   plobdsvc.obj
 0001:00004da0       _fnrpc_fnshortprintsymbol_1 00405da0 f   plobdsvc.obj
 0001:00004f70       _fnrpc_fnshortmakesinglefloat_1 00405f70 f   plobdsvc.obj
 0001:000050c0       _fnrpc_fnshortmakedoublefloat_1 004060c0 f   plobdsvc.obj
 0001:00005210       _fnrpc_fnserverdbmakebignum_1 00406210 f   plobdsvc.obj
 0001:00005360       _fnrpc_fnserverobjectreadbignum_1 00406360 f   plobdsvc.obj
 0001:00005540       _fnrpc_fnserverobjectreaddoublefloat_1 00406540 f   plobdsvc.obj
 0001:00005690       _fnrpc_fnserverobjectreadfixnum_1 00406690 f   plobdsvc.obj
 0001:000057f0       _fnrpc_fnserverobjectreadsinglefloat_1 004067f0 f   plobdsvc.obj
 0001:00005940       _fnrpc_fnserverobjectwritebignum_1 00406940 f   plobdsvc.obj
 0001:00005aa0       _fnrpc_fnserverobjectwritedoublefloat_1 00406aa0 f   plobdsvc.obj
 0001:00005bf0       _fnrpc_fnserverobjectwritefixnum_1 00406bf0 f   plobdsvc.obj
 0001:00005d50       _fnrpc_fnserverobjectwritesinglefloat_1 00406d50 f   plobdsvc.obj
 0001:00005ea0       _fnrpc_fnclientlockprint_1 00406ea0 f   plobdsvc.obj
 0001:00005ff0       _fnrpc_fnclienttransactionlockget_1 00406ff0 f   plobdsvc.obj
 0001:00006150       _fnrpc_fnservertransactionlockinsert_1 00407150 f   plobdsvc.obj
 0001:000062c0       _fnrpc_fnservertransactionlockset_1 004072c0 f   plobdsvc.obj
 0001:00006430       _fnrpc_fnservertransactionunlock_1 00407430 f   plobdsvc.obj
 0001:00006590       _fnrpc_fnservertransactionunlockall_1 00407590 f   plobdsvc.obj
 0001:000066e0       _fnrpc_fnservertransactionunlockallall_1 004076e0 f   plobdsvc.obj
 0001:00006830       _fnrpc_fnshortmakereadonly_1 00407830 f   plobdsvc.obj
 0001:00006980       _fnrpc_fnservertransactionbegin_1 00407980 f   plobdsvc.obj
 0001:00006ad0       _fnrpc_fnservertransactioncancel_1 00407ad0 f   plobdsvc.obj
 0001:00006c20       _fnrpc_fnservertransactionend_1 00407c20 f   plobdsvc.obj
 0001:00006d70       _fnrpc_fnservertransactionflush_batch_1 00407d70 f   plobdsvc.obj
 0001:00006e10       _fnrpc_fnserverdbtransactionp_1 00407e10 f   plobdsvc.obj
 0001:00006f60       _fnrpc_fnclientbtreeclear_1 00407f60 f   plobdsvc.obj
 0001:000070b0       _fnrpc_fnclientbtreecount_1 004080b0 f   plobdsvc.obj
 0001:00007200       _fnrpc_fnserverbtreedelete_1 00408200 f   plobdsvc.obj
 0001:00007350       _fnrpc_fnserverbtreedeletebyfloat_1 00408350 f   plobdsvc.obj
 0001:000074a0       _fnrpc_fnserverbtreedeletebydouble_1 004084a0 f   plobdsvc.obj
 0001:000075f0       _fnrpc_fnserverbtreedeletebystring_1 004085f0 f   plobdsvc.obj
 0001:00007740       _fnrpc_fnserverbtreeinsert_1 00408740 f   plobdsvc.obj
 0001:000078a0       _fnrpc_fnserverbtreeinsertbyfloat_1 004088a0 f   plobdsvc.obj
 0001:00007a00       _fnrpc_fnserverbtreeinsertbydouble_1 00408a00 f   plobdsvc.obj
 0001:00007b60       _fnrpc_fnserverbtreeinsertbystring_1 00408b60 f   plobdsvc.obj
 0001:00007cc0       _fnrpc_fnserverbtreemapsearch_1 00408cc0 f   plobdsvc.obj
 0001:00007e30       _fnrpc_fnserverbtreemapsearchbyfloat_1 00408e30 f   plobdsvc.obj
 0001:00007fa0       _fnrpc_fnserverbtreemapsearchbydouble_1 00408fa0 f   plobdsvc.obj
 0001:00008110       _fnrpc_fnserverbtreemapsearchbystring_1 00409110 f   plobdsvc.obj
 0001:00008280       _fnrpc_fnserverbtreemapseek_1 00409280 f   plobdsvc.obj
 0001:000083f0       _fnrpc_fnserverbtreemapseekset_1 004093f0 f   plobdsvc.obj
 0001:00008550       _fnrpc_fnserverbtreemapfirst_1 00409550 f   plobdsvc.obj
 0001:000088c0       _fnrpc_fnserverbtreemapfirstbyfloat_1 004098c0 f   plobdsvc.obj
 0001:00008c30       _fnrpc_fnserverbtreemapfirstbydouble_1 00409c30 f   plobdsvc.obj
 0001:00008fb0       _fnrpc_fnserverbtreemapfirstbystring_1 00409fb0 f   plobdsvc.obj
 0001:00009320       _fnrpc_fnclientbtreemapnext_1 0040a320 f   plobdsvc.obj
 0001:00009670       _fnrpc_fnclientbtreemaplast_1 0040a670 f   plobdsvc.obj
 0001:000097c0       _fnrpc_fnclientbtreeprint_1 0040a7c0 f   plobdsvc.obj
 0001:00009910       _fnrpc_fnserverbtreesearch_1 0040a910 f   plobdsvc.obj
 0001:00009a80       _fnrpc_fnserverbtreesearchbyfloat_1 0040aa80 f   plobdsvc.obj
 0001:00009bf0       _fnrpc_fnserverbtreesearchbydouble_1 0040abf0 f   plobdsvc.obj
 0001:00009d60       _fnrpc_fnserverbtreesearchbystring_1 0040ad60 f   plobdsvc.obj
 0001:00009ed0       _fnrpc_fnclientbtreeroot_1 0040aed0 f   plobdsvc.obj
 0001:0000a020       _fnrpc_fnclientbtreesize_1 0040b020 f   plobdsvc.obj
 0001:0000a170       _fnrpc_fnclientbtreetestmode_1 0040b170 f   plobdsvc.obj
 0001:0000a2c0       _fnrpc_fnclientbtreepagesize_1 0040b2c0 f   plobdsvc.obj
 0001:0000a410       _fnrpc_fnclientbtreepageparent_1 0040b410 f   plobdsvc.obj
 0001:0000a560       _fnrpc_fnclientbtreepagecount_1 0040b560 f   plobdsvc.obj
 0001:0000a6b0       _fnrpc_fnclientbtreepagegetsize_1 0040b6b0 f   plobdsvc.obj
 0001:0000a800       _fnrpc_fnclientbtreepageitem_1 0040b800 f   plobdsvc.obj
 0001:0000abd0       _main                      0040bbd0 f   plobdsvc.obj
 0001:0000abf0       _fnMain                    0040bbf0 f   plobdsvc.obj
 0001:0000b8d0       _xdr_GETVERSION            0040c8d0 f   plobdxdr.obj
 0001:0000b8f0       _xdr_MACHLOGINP            0040c8f0 f   plobdxdr.obj
 0001:0000b910       _xdr_LISPROOTIDX           0040c910 f   plobdxdr.obj
 0001:0000b930       _xdr_SHSYMBOLIDX           0040c930 f   plobdxdr.obj
 0001:0000b950       _xdr_SHFUNCTIONIDX         0040c950 f   plobdxdr.obj
 0001:0000b970       _xdr_SHTLATTERIDX          0040c970 f   plobdxdr.obj
 0001:0000b990       _xdr_SHTYPETAG             0040c990 f   plobdxdr.obj
 0001:0000b9b0       _xdr_ERRLVL                0040c9b0 f   plobdxdr.obj
 0001:0000b9d0       _xdr_GETACTION             0040c9d0 f   plobdxdr.obj
 0001:0000b9f0       _xdr_SHLOCK                0040c9f0 f   plobdxdr.obj
 0001:0000ba10       _xdr_DAYLIGHTSAVINGTIME    0040ca10 f   plobdxdr.obj
 0001:0000ba30       _xdr_DEPENDENTMODE         0040ca30 f   plobdxdr.obj
 0001:0000ba50       _xdr_NUMERICSTDSTREAM      0040ca50 f   plobdxdr.obj
 0001:0000ba70       _xdr_FLUSHMODE             0040ca70 f   plobdxdr.obj
 0001:0000ba90       _xdr_FLAGMODE              0040ca90 f   plobdxdr.obj
 0001:0000bab0       _xdr_SHCONSIDX             0040cab0 f   plobdxdr.obj
 0001:0000bad0       _xdr_SHVECTORIDX           0040cad0 f   plobdxdr.obj
 0001:0000baf0       _xdr_IVECTORTAG            0040caf0 f   plobdxdr.obj
 0001:0000bb10       _xdr_IVECTORIDX            0040cb10 f   plobdxdr.obj
 0001:0000bb30       _xdr_SHARRAYIDX            0040cb30 f   plobdxdr.obj
 0001:0000bb50       _xdr_SHSTRINGIDX           0040cb50 f   plobdxdr.obj
 0001:0000bb70       _xdr_SHBITVECTORIDX        0040cb70 f   plobdxdr.obj
 0001:0000bb90       _xdr_SHSTRUCTIDX           0040cb90 f   plobdxdr.obj
 0001:0000bbb0       _xdr_SHSTRUCTDESCIDX       0040cbb0 f   plobdxdr.obj
 0001:0000bbd0       _xdr_SHSTRUCTSLOTDESCIDX   0040cbd0 f   plobdxdr.obj
 0001:0000bbf0       _xdr_SHPACKAGEIDX          0040cbf0 f   plobdxdr.obj
 0001:0000bc10       _xdr_SHINSTIDX             0040cc10 f   plobdxdr.obj
 0001:0000bc30       _xdr_SHPLOBDESCRIDX        0040cc30 f   plobdxdr.obj
 0001:0000bc50       _xdr_SHCLASSDESCRIDX       0040cc50 f   plobdxdr.obj
 0001:0000bc70       _xdr_SHCLASSLOTIDX         0040cc70 f   plobdxdr.obj
 0001:0000bc90       _xdr_SHDIRCLASSLOTIDX      0040cc90 f   plobdxdr.obj
 0001:0000bcb0       _xdr_SHEFFCLASSLOTIDX      0040ccb0 f   plobdxdr.obj
 0001:0000bcd0       _xdr_SHMETHODIDX           0040ccd0 f   plobdxdr.obj
 0001:0000bcf0       _xdr_COMPARETAG            0040ccf0 f   plobdxdr.obj
 0001:0000bd10       _xdr_TYPEFLAGS             0040cd10 f   plobdxdr.obj
 0001:0000bd30       _xdr_SHRATIOIDX            0040cd30 f   plobdxdr.obj
 0001:0000bd50       _xdr_SHCOMPLEXIDX          0040cd50 f   plobdxdr.obj
 0001:0000bd70       _xdr_SHBIGNUMIDX           0040cd70 f   plobdxdr.obj
 0001:0000bd90       _xdr_READONLYMODE          0040cd90 f   plobdxdr.obj
 0001:0000bdb0       _xdr_SHHEAPIDX             0040cdb0 f   plobdxdr.obj
 0001:0000bdd0       _xdr_BTREERESULT           0040cdd0 f   plobdxdr.obj
 0001:0000bdf0       _xdr_SHBTREEIDX            0040cdf0 f   plobdxdr.obj
 0001:0000be10       _xdr_SEEK                  0040ce10 f   plobdxdr.obj
 0001:0000be30       _xdr_psint                 0040ce30 f   plobdxdr.obj
 0001:0000be50       _xdr_SHORTOBJID            0040ce50 f   plobdxdr.obj
 0001:0000be70       _xdr_OBJID                 0040ce70 f   plobdxdr.obj
 0001:0000be90       _xdr_TRACTID               0040ce90 f   plobdxdr.obj
 0001:0000beb0       _xdr_as_is_vector_t        0040ceb0 f   plobdxdr.obj
 0001:0000bed0       _xdr_void_vector_t         0040ced0 f   plobdxdr.obj
 0001:0000bef0       _xdr_int_vector_t          0040cef0 f   plobdxdr.obj
 0001:0000bf20       _xdr_u_int_vector_t        0040cf20 f   plobdxdr.obj
 0001:0000bf50       _xdr_float_vector_t        0040cf50 f   plobdxdr.obj
 0001:0000bf80       _xdr_double_vector_t       0040cf80 f   plobdxdr.obj
 0001:0000bfb0       _xdr_string_t              0040cfb0 f   plobdxdr.obj
 0001:0000bfd0       _xdr_fnClientDbReadRoot_rets 0040cfd0 f   plobdxdr.obj
 0001:0000c020       _xdr_fnServerDbWriteRoot_rets 0040d020 f   plobdxdr.obj
 0001:0000c070       _xdr_fnServerDbWriteRoot_args 0040d070 f   plobdxdr.obj
 0001:0000c0b0       _xdr_fnClientDbSessions_rets 0040d0b0 f   plobdxdr.obj
 0001:0000c100       _xdr_fnServerGetVersion_rets 0040d100 f   plobdxdr.obj
 0001:0000c150       _xdr_fnServerGetVersion_args 0040d150 f   plobdxdr.obj
 0001:0000c190       _xdr_fnClientDbCreateMachine_rets 0040d190 f   plobdxdr.obj
 0001:0000c1e0       _xdr_fnClientDbCreateMachine_args 0040d1e0 f   plobdxdr.obj
 0001:0000c230       _xdr_fnClientMachineLoginP_rets 0040d230 f   plobdxdr.obj
 0001:0000c280       _xdr_fnClientMachineLoginP_args 0040d280 f   plobdxdr.obj
 0001:0000c2d0       _xdr_fnClientMachineAddr_rets 0040d2d0 f   plobdxdr.obj
 0001:0000c330       _xdr_fnClientMachineAddr_args 0040d330 f   plobdxdr.obj
 0001:0000c380       _xdr_fnClientDbMachineSearch_rets 0040d380 f   plobdxdr.obj
 0001:0000c3d0       _xdr_fnClientDbMachineSearch_args 0040d3d0 f   plobdxdr.obj
 0001:0000c410       _xdr_fnClientDbMachineDelete_rets 0040d410 f   plobdxdr.obj
 0001:0000c460       _xdr_fnClientDbMachineDelete_args 0040d460 f   plobdxdr.obj
 0001:0000c4a0       _xdr_fnClientDbMachineInsert_rets 0040d4a0 f   plobdxdr.obj
 0001:0000c4f0       _xdr_fnClientDbMachineInsert_args 0040d4f0 f   plobdxdr.obj
 0001:0000c530       _xdr_fnClientDbMachines_rets 0040d530 f   plobdxdr.obj
 0001:0000c580       _xdr_fnServerGetPortByDirectory_rets 0040d580 f   plobdxdr.obj
 0001:0000c5d0       _xdr_fnServerGetPortByDirectory_args 0040d5d0 f   plobdxdr.obj
 0001:0000c610       _xdr_fnServerGetPID_rets   0040d610 f   plobdxdr.obj
 0001:0000c660       _xdr_fnServerGetDirectory_rets 0040d660 f   plobdxdr.obj
 0001:0000c6c0       _xdr_fnServerGetDirectory_args 0040d6c0 f   plobdxdr.obj
 0001:0000c700       _xdr_fnServerExit_rets     0040d700 f   plobdxdr.obj
 0001:0000c750       _xdr_fnServerExit_args     0040d750 f   plobdxdr.obj
 0001:0000c790       _xdr_fnServerDbReset_rets  0040d790 f   plobdxdr.obj
 0001:0000c7e0       _xdr_fnServerDbReset_args  0040d7e0 f   plobdxdr.obj
 0001:0000c820       _xdr_fnServerRestart_rets  0040d820 f   plobdxdr.obj
 0001:0000c870       _xdr_fnServerRestart_args  0040d870 f   plobdxdr.obj
 0001:0000c8b0       _xdr_fnClientObjectCanModify_rets 0040d8b0 f   plobdxdr.obj
 0001:0000c900       _xdr_fnClientObjectCanModify_args 0040d900 f   plobdxdr.obj
 0001:0000c940       _xdr_fnServerDbClose_args  0040d940 f   plobdxdr.obj
 0001:0000c980       _xdr_fnClientDbConfiguration_rets 0040d980 f   plobdxdr.obj
 0001:0000ca20       _xdr_fnServerDbCreateObject_rets 0040da20 f   plobdxdr.obj
 0001:0000ca70       _xdr_fnServerDbCreateObject_args 0040da70 f   plobdxdr.obj
 0001:0000cae0       _xdr_fnServerDbCreateObjects_rets 0040dae0 f   plobdxdr.obj
 0001:0000cb40       _xdr_fnServerDbCreateObjects_args 0040db40 f   plobdxdr.obj
 0001:0000cbe0       _xdr_fnServerObjectDestroy_args 0040dbe0 f   plobdxdr.obj
 0001:0000cc20       _xdr_fnServerObjectObjIdSize_rets 0040dc20 f   plobdxdr.obj
 0001:0000cc70       _xdr_fnServerObjectObjIdSize_args 0040dc70 f   plobdxdr.obj
 0001:0000ccb0       _xdr_fnServerDbOpen_rets   0040dcb0 f   plobdxdr.obj
 0001:0000cd20       _xdr_fnServerDbOpen_args   0040dd20 f   plobdxdr.obj
 0001:0000cd80       _xdr_fnServerObjectFlush_rets 0040dd80 f   plobdxdr.obj
 0001:0000cdd0       _xdr_fnServerObjectFlush_args 0040ddd0 f   plobdxdr.obj
 0001:0000ce10       _xdr_fnServerObjectReadAtIndex_rets 0040de10 f   plobdxdr.obj
 0001:0000ce80       _xdr_fnServerObjectReadAtIndex_args 0040de80 f   plobdxdr.obj
 0001:0000cef0       _xdr_fnServerObjectReadAtIndices_rets 0040def0 f   plobdxdr.obj
 0001:0000cf60       _xdr_fnServerObjectReadAtIndices_args 0040df60 f   plobdxdr.obj
 0001:0000d010       _xdr_fnServerObjectReadObjId_rets 0040e010 f   plobdxdr.obj
 0001:0000d070       _xdr_fnServerObjectReadObjId_args 0040e070 f   plobdxdr.obj
 0001:0000d0e0       _xdr_fnServerObjectReadValues_rets 0040e0e0 f   plobdxdr.obj
 0001:0000d170       _xdr_fnServerObjectReadValues_args 0040e170 f   plobdxdr.obj
 0001:0000d220       _xdr_fnClientDbStatistics_rets 0040e220 f   plobdxdr.obj
 0001:0000d2e0       _xdr_fnServerObjectTypeTag_rets 0040e2e0 f   plobdxdr.obj
 0001:0000d330       _xdr_fnServerObjectTypeTag_args 0040e330 f   plobdxdr.obj
 0001:0000d370       _xdr_fnServerObjectValueSize_rets 0040e370 f   plobdxdr.obj
 0001:0000d3c0       _xdr_fnServerObjectValueSize_args 0040e3c0 f   plobdxdr.obj
 0001:0000d400       _xdr_fnServerObjectWriteAtIndex_rets 0040e400 f   plobdxdr.obj
 0001:0000d450       _xdr_fnServerObjectWriteAtIndex_args 0040e450 f   plobdxdr.obj
 0001:0000d4f0       _xdr_fnServerObjectWriteAtIndices_rets 0040e4f0 f   plobdxdr.obj
 0001:0000d540       _xdr_fnServerObjectWriteAtIndices_args 0040e540 f   plobdxdr.obj
 0001:0000d5f0       _xdr_fnServerObjectWriteObjId_rets 0040e5f0 f   plobdxdr.obj
 0001:0000d640       _xdr_fnServerObjectWriteObjId_args 0040e640 f   plobdxdr.obj
 0001:0000d6d0       _xdr_fnServerObjectWriteValues_rets 0040e6d0 f   plobdxdr.obj
 0001:0000d720       _xdr_fnServerObjectWriteValues_args 0040e720 f   plobdxdr.obj
 0001:0000d7d0       _xdr_fnShortMakeDependent_rets 0040e7d0 f   plobdxdr.obj
 0001:0000d820       _xdr_fnShortMakeDependent_args 0040e820 f   plobdxdr.obj
 0001:0000d870       _xdr_fnServerObjectPeekSlots_rets 0040e870 f   plobdxdr.obj
 0001:0000d8d0       _xdr_fnServerObjectPeekSlots_args 0040e8d0 f   plobdxdr.obj
 0001:0000d930       _xdr_fnServerObjectPeekValues_rets 0040e930 f   plobdxdr.obj
 0001:0000d9c0       _xdr_fnServerObjectPeekValues_args 0040e9c0 f   plobdxdr.obj
 0001:0000da70       _xdr_fnServerObjectPoke_args 0040ea70 f   plobdxdr.obj
 0001:0000db10       _xdr_fnFlushMode_rets      0040eb10 f   plobdxdr.obj
 0001:0000db60       _xdr_fnFlushMode_args      0040eb60 f   plobdxdr.obj
 0001:0000dba0       _xdr_fnFlagWord_rets       0040eba0 f   plobdxdr.obj
 0001:0000dbf0       _xdr_fnFlagWord_args       0040ebf0 f   plobdxdr.obj
 0001:0000dc30       _xdr_fnShortMakeIVector_rets 0040ec30 f   plobdxdr.obj
 0001:0000dc80       _xdr_fnShortMakeIVector_args 0040ec80 f   plobdxdr.obj
 0001:0000dcd0       _xdr_fnShortMakeString_rets 0040ecd0 f   plobdxdr.obj
 0001:0000dd20       _xdr_fnShortMakeString_args 0040ed20 f   plobdxdr.obj
 0001:0000dd60       _xdr_fnServerDbCreateStructures_rets 0040ed60 f   plobdxdr.obj
 0001:0000ddd0       _xdr_fnServerDbCreateStructures_args 0040edd0 f   plobdxdr.obj
 0001:0000de30       _xdr_fnServerDbCreateInstances_rets 0040ee30 f   plobdxdr.obj
 0001:0000dec0       _xdr_fnServerDbCreateInstances_args 0040eec0 f   plobdxdr.obj
 0001:0000df30       _xdr_fnServerInstanceWriteWrapper_rets 0040ef30 f   plobdxdr.obj
 0001:0000df80       _xdr_fnServerInstanceWriteWrapper_args 0040ef80 f   plobdxdr.obj
 0001:0000dfd0       _xdr_fnServerInstanceWriteData_rets 0040efd0 f   plobdxdr.obj
 0001:0000e020       _xdr_fnServerInstanceWriteData_args 0040f020 f   plobdxdr.obj
 0001:0000e070       _xdr_fnServerDbTypeTagName_rets 0040f070 f   plobdxdr.obj
 0001:0000e0c0       _xdr_fnServerObjectPrettyPrint_rets 0040f0c0 f   plobdxdr.obj
 0001:0000e120       _xdr_fnServerObjectPrettyPrint_args 0040f120 f   plobdxdr.obj
 0001:0000e190       _xdr_fnShortPrintSymbol_rets 0040f190 f   plobdxdr.obj
 0001:0000e1f0       _xdr_fnShortPrintSymbol_args 0040f1f0 f   plobdxdr.obj
 0001:0000e250       _xdr_fnShortMakeSingleFloat_rets 0040f250 f   plobdxdr.obj
 0001:0000e2a0       _xdr_fnShortMakeSingleFloat_args 0040f2a0 f   plobdxdr.obj
 0001:0000e2e0       _xdr_fnShortMakeDoubleFloat_rets 0040f2e0 f   plobdxdr.obj
 0001:0000e330       _xdr_fnShortMakeDoubleFloat_args 0040f330 f   plobdxdr.obj
 0001:0000e370       _xdr_fnServerDbMakeBignum_rets 0040f370 f   plobdxdr.obj
 0001:0000e3c0       _xdr_fnServerDbMakeBignum_args 0040f3c0 f   plobdxdr.obj
 0001:0000e420       _xdr_fnServerObjectReadBignum_rets 0040f420 f   plobdxdr.obj
 0001:0000e480       _xdr_fnServerObjectReadBignum_args 0040f480 f   plobdxdr.obj
 0001:0000e4f0       _xdr_fnServerObjectReadDoubleFloat_rets 0040f4f0 f   plobdxdr.obj
 0001:0000e550       _xdr_fnServerObjectReadDoubleFloat_args 0040f550 f   plobdxdr.obj
 0001:0000e590       _xdr_fnServerObjectReadFixnum_rets 0040f590 f   plobdxdr.obj
 0001:0000e5f0       _xdr_fnServerObjectReadFixnum_args 0040f5f0 f   plobdxdr.obj
 0001:0000e660       _xdr_fnServerObjectReadSingleFloat_rets 0040f660 f   plobdxdr.obj
 0001:0000e6c0       _xdr_fnServerObjectReadSingleFloat_args 0040f6c0 f   plobdxdr.obj
 0001:0000e700       _xdr_fnServerObjectWriteBignum_rets 0040f700 f   plobdxdr.obj
 0001:0000e750       _xdr_fnServerObjectWriteBignum_args 0040f750 f   plobdxdr.obj
 0001:0000e7c0       _xdr_fnServerObjectWriteDoubleFloat_rets 0040f7c0 f   plobdxdr.obj
 0001:0000e810       _xdr_fnServerObjectWriteDoubleFloat_args 0040f810 f   plobdxdr.obj
 0001:0000e860       _xdr_fnServerObjectWriteFixnum_rets 0040f860 f   plobdxdr.obj
 0001:0000e8b0       _xdr_fnServerObjectWriteFixnum_args 0040f8b0 f   plobdxdr.obj
 0001:0000e940       _xdr_fnServerObjectWriteSingleFloat_rets 0040f940 f   plobdxdr.obj
 0001:0000e990       _xdr_fnServerObjectWriteSingleFloat_args 0040f990 f   plobdxdr.obj
 0001:0000e9e0       _xdr_fnClientLockPrint_rets 0040f9e0 f   plobdxdr.obj
 0001:0000ea30       _xdr_fnClientLockPrint_args 0040fa30 f   plobdxdr.obj
 0001:0000ea90       _xdr_fnClientTransactionLockGet_rets 0040fa90 f   plobdxdr.obj
 0001:0000eae0       _xdr_fnClientTransactionLockGet_args 0040fae0 f   plobdxdr.obj
 0001:0000eb70       _xdr_fnServerTransactionLockInsert_rets 0040fb70 f   plobdxdr.obj
 0001:0000ebe0       _xdr_fnServerTransactionLockInsert_args 0040fbe0 f   plobdxdr.obj
 0001:0000ec70       _xdr_fnServerTransactionLockSet_rets 0040fc70 f   plobdxdr.obj
 0001:0000ece0       _xdr_fnServerTransactionLockSet_args 0040fce0 f   plobdxdr.obj
 0001:0000ed70       _xdr_fnServerTransactionUnlock_rets 0040fd70 f   plobdxdr.obj
 0001:0000edd0       _xdr_fnServerTransactionUnlock_args 0040fdd0 f   plobdxdr.obj
 0001:0000ee40       _xdr_fnServerTransactionUnlockAll_rets 0040fe40 f   plobdxdr.obj
 0001:0000ee90       _xdr_fnServerTransactionUnlockAll_args 0040fe90 f   plobdxdr.obj
 0001:0000eee0       _xdr_fnServerTransactionUnlockAllAll_rets 0040fee0 f   plobdxdr.obj
 0001:0000ef30       _xdr_fnServerTransactionUnlockAllAll_args 0040ff30 f   plobdxdr.obj
 0001:0000ef70       _xdr_fnShortMakeReadOnly_rets 0040ff70 f   plobdxdr.obj
 0001:0000efc0       _xdr_fnShortMakeReadOnly_args 0040ffc0 f   plobdxdr.obj
 0001:0000f010       _xdr_fnServerTransactionBegin_rets 00410010 f   plobdxdr.obj
 0001:0000f060       _xdr_fnServerTransactionBegin_args 00410060 f   plobdxdr.obj
 0001:0000f0a0       _xdr_fnServerTransactionCancel_rets 004100a0 f   plobdxdr.obj
 0001:0000f0f0       _xdr_fnServerTransactionCancel_args 004100f0 f   plobdxdr.obj
 0001:0000f130       _xdr_fnServerTransactionEnd_rets 00410130 f   plobdxdr.obj
 0001:0000f180       _xdr_fnServerTransactionEnd_args 00410180 f   plobdxdr.obj
 0001:0000f1c0       _xdr_fnServerDbTransactionP_rets 004101c0 f   plobdxdr.obj
 0001:0000f210       _xdr_fnServerDbTransactionP_args 00410210 f   plobdxdr.obj
 0001:0000f250       _xdr_fnClientBtreeClear_rets 00410250 f   plobdxdr.obj
 0001:0000f2a0       _xdr_fnClientBtreeClear_args 004102a0 f   plobdxdr.obj
 0001:0000f2e0       _xdr_fnClientBtreeCount_rets 004102e0 f   plobdxdr.obj
 0001:0000f330       _xdr_fnClientBtreeCount_args 00410330 f   plobdxdr.obj
 0001:0000f370       _xdr_fnServerBtreeDelete_rets 00410370 f   plobdxdr.obj
 0001:0000f3c0       _xdr_fnServerBtreeDelete_args 004103c0 f   plobdxdr.obj
 0001:0000f420       _xdr_fnServerBtreeDeleteByFloat_rets 00410420 f   plobdxdr.obj
 0001:0000f470       _xdr_fnServerBtreeDeleteByFloat_args 00410470 f   plobdxdr.obj
 0001:0000f4c0       _xdr_fnServerBtreeDeleteByDouble_rets 004104c0 f   plobdxdr.obj
 0001:0000f510       _xdr_fnServerBtreeDeleteByDouble_args 00410510 f   plobdxdr.obj
 0001:0000f560       _xdr_fnServerBtreeDeleteByString_rets 00410560 f   plobdxdr.obj
 0001:0000f5b0       _xdr_fnServerBtreeDeleteByString_args 004105b0 f   plobdxdr.obj
 0001:0000f600       _xdr_fnServerBtreeInsert_rets 00410600 f   plobdxdr.obj
 0001:0000f650       _xdr_fnServerBtreeInsert_args 00410650 f   plobdxdr.obj
 0001:0000f6e0       _xdr_fnServerBtreeInsertByFloat_rets 004106e0 f   plobdxdr.obj
 0001:0000f730       _xdr_fnServerBtreeInsertByFloat_args 00410730 f   plobdxdr.obj
 0001:0000f7a0       _xdr_fnServerBtreeInsertByDouble_rets 004107a0 f   plobdxdr.obj
 0001:0000f7f0       _xdr_fnServerBtreeInsertByDouble_args 004107f0 f   plobdxdr.obj
 0001:0000f860       _xdr_fnServerBtreeInsertByString_rets 00410860 f   plobdxdr.obj
 0001:0000f8b0       _xdr_fnServerBtreeInsertByString_args 004108b0 f   plobdxdr.obj
 0001:0000f920       _xdr_fnServerBtreemapSearch_rets 00410920 f   plobdxdr.obj
 0001:0000f970       _xdr_fnServerBtreemapSearch_args 00410970 f   plobdxdr.obj
 0001:0000fa50       _xdr_fnServerBtreemapSearchByFloat_rets 00410a50 f   plobdxdr.obj
 0001:0000faa0       _xdr_fnServerBtreemapSearchByFloat_args 00410aa0 f   plobdxdr.obj
 0001:0000fb80       _xdr_fnServerBtreemapSearchByDouble_rets 00410b80 f   plobdxdr.obj
 0001:0000fbd0       _xdr_fnServerBtreemapSearchByDouble_args 00410bd0 f   plobdxdr.obj
 0001:0000fcb0       _xdr_fnServerBtreemapSearchByString_rets 00410cb0 f   plobdxdr.obj
 0001:0000fd00       _xdr_fnServerBtreemapSearchByString_args 00410d00 f   plobdxdr.obj
 0001:0000fde0       _xdr_fnServerBtreemapSeek_rets 00410de0 f   plobdxdr.obj
 0001:0000fe80       _xdr_fnServerBtreemapSeek_args 00410e80 f   plobdxdr.obj
 0001:0000fee0       _xdr_fnServerBtreemapSeekSet_rets 00410ee0 f   plobdxdr.obj
 0001:0000ff30       _xdr_fnServerBtreemapSeekSet_args 00410f30 f   plobdxdr.obj
 0001:0000ffc0       _xdr_fnServerBtreemapFirst_rets 00410fc0 f   plobdxdr.obj
 0001:00010070       _xdr_fnServerBtreemapFirst_args 00411070 f   plobdxdr.obj
 0001:000101a0       _xdr_fnServerBtreemapFirstByFloat_rets 004111a0 f   plobdxdr.obj
 0001:00010250       _xdr_fnServerBtreemapFirstByFloat_args 00411250 f   plobdxdr.obj
 0001:00010380       _xdr_fnServerBtreemapFirstByDouble_rets 00411380 f   plobdxdr.obj
 0001:00010430       _xdr_fnServerBtreemapFirstByDouble_args 00411430 f   plobdxdr.obj
 0001:00010560       _xdr_fnServerBtreemapFirstByString_rets 00411560 f   plobdxdr.obj
 0001:00010610       _xdr_fnServerBtreemapFirstByString_args 00411610 f   plobdxdr.obj
 0001:00010740       _xdr_fnClientBtreemapNext_rets 00411740 f   plobdxdr.obj
 0001:000107e0       _xdr_fnClientBtreemapNext_args 004117e0 f   plobdxdr.obj
 0001:00010880       _xdr_fnClientBtreemapLast_rets 00411880 f   plobdxdr.obj
 0001:000108d0       _xdr_fnClientBtreemapLast_args 004118d0 f   plobdxdr.obj
 0001:00010910       _xdr_fnClientBtreePrint_rets 00411910 f   plobdxdr.obj
 0001:00010960       _xdr_fnClientBtreePrint_args 00411960 f   plobdxdr.obj
 0001:000109b0       _xdr_fnServerBtreeSearch_rets 004119b0 f   plobdxdr.obj
 0001:00010a50       _xdr_fnServerBtreeSearch_args 00411a50 f   plobdxdr.obj
 0001:00010ab0       _xdr_fnServerBtreeSearchByFloat_rets 00411ab0 f   plobdxdr.obj
 0001:00010b50       _xdr_fnServerBtreeSearchByFloat_args 00411b50 f   plobdxdr.obj
 0001:00010bb0       _xdr_fnServerBtreeSearchByDouble_rets 00411bb0 f   plobdxdr.obj
 0001:00010c50       _xdr_fnServerBtreeSearchByDouble_args 00411c50 f   plobdxdr.obj
 0001:00010cb0       _xdr_fnServerBtreeSearchByString_rets 00411cb0 f   plobdxdr.obj
 0001:00010d50       _xdr_fnServerBtreeSearchByString_args 00411d50 f   plobdxdr.obj
 0001:00010db0       _xdr_fnClientBtreeRoot_rets 00411db0 f   plobdxdr.obj
 0001:00010e00       _xdr_fnClientBtreeRoot_args 00411e00 f   plobdxdr.obj
 0001:00010e40       _xdr_fnClientBtreeSize_rets 00411e40 f   plobdxdr.obj
 0001:00010e90       _xdr_fnClientBtreeSize_args 00411e90 f   plobdxdr.obj
 0001:00010ed0       _xdr_fnClientBtreeTestMode_rets 00411ed0 f   plobdxdr.obj
 0001:00010f20       _xdr_fnClientBtreeTestMode_args 00411f20 f   plobdxdr.obj
 0001:00010f70       _xdr_fnClientBtreePageSize_rets 00411f70 f   plobdxdr.obj
 0001:00010fc0       _xdr_fnClientBtreePageSize_args 00411fc0 f   plobdxdr.obj
 0001:00011010       _xdr_fnClientBtreepageParent_rets 00412010 f   plobdxdr.obj
 0001:00011060       _xdr_fnClientBtreepageParent_args 00412060 f   plobdxdr.obj
 0001:000110a0       _xdr_fnClientBtreepageCount_rets 004120a0 f   plobdxdr.obj
 0001:000110f0       _xdr_fnClientBtreepageCount_args 004120f0 f   plobdxdr.obj
 0001:00011130       _xdr_fnClientBtreepageGetSize_rets 00412130 f   plobdxdr.obj
 0001:00011180       _xdr_fnClientBtreepageGetSize_args 00412180 f   plobdxdr.obj
 0001:000111c0       _xdr_fnClientBtreepageItem_rets 004121c0 f   plobdxdr.obj
 0001:00011270       _xdr_fnClientBtreepageItem_args 00412270 f   plobdxdr.obj
 0001:000118f0       _xdr_fnPatchedServerObjectReadValues_rets 004128f0 f   plobpxdr.obj
 0001:00011960       _xdr_fnPatchedServerObjectWriteValues_args 00412960 f   plobpxdr.obj
 0001:000119f0       _xdr_fnPatchedServerObjectPeekValues_rets 004129f0 f   plobpxdr.obj
 0001:00011ce0       _xdr_fnPatchedServerObjectPoke_args 00412ce0 f   plobpxdr.obj
 0001:00012040       _fnGlobalErrorHandler      00413040 f   libcommonplob:global.obj
 0001:00012110       _fnGlobalSetErrorHandler   00413110 f   libcommonplob:global.obj
 0001:00012140       _fnLogOpen                 00413140 f   libcommonplob:global.obj
 0001:000121d0       _fnLogClose                004131d0 f   libcommonplob:global.obj
 0001:00012210       _fnLogSetDirectory         00413210 f   libcommonplob:global.obj
 0001:00012240       _fnLogNextVersion          00413240 f   libcommonplob:global.obj
 0001:00012330       _fnSetFnMkLogPrompt        00413330 f   libcommonplob:global.obj
 0001:00012360       __fnGlobalLog              00413360 f   libcommonplob:global.obj
 0001:000124e0       __fnGlobalAssertFailed     004134e0 f   libcommonplob:global.obj
 0001:00012640       __fnGlobalCError           00413640 f   libcommonplob:global.obj
 0001:00012690       __fnGlobalError            00413690 f   libcommonplob:global.obj
 0001:000126e0       _fnGetHost                 004136e0 f   libcommonplob:global.obj
 0001:00012740       _fnGetUser                 00413740 f   libcommonplob:global.obj
 0001:000127b0       _fnStrCmp                  004137b0 f   libcommonplob:global.obj
 0001:00012800       _strnncmp                  00413800 f   libcommonplob:global.obj
 0001:00012880       _strnnicmp                 00413880 f   libcommonplob:global.obj
 0001:00012940       _fnStrLwr                  00413940 f   libcommonplob:global.obj
 0001:00012990       _fnStrUpr                  00413990 f   libcommonplob:global.obj
 0001:000129e0       _fnStrICmp                 004139e0 f   libcommonplob:global.obj
 0001:00012a60       _fnStrNICmp                00413a60 f   libcommonplob:global.obj
 0001:00012af0       _fnDeinitializeCommon      00413af0 f   libcommonplob:global.obj
 0001:00012b20       _fnInitializeCommon        00413b20 f   libcommonplob:global.obj
 0001:00012b60       _fnInitializeGlobalModule  00413b60 f   libcommonplob:global.obj
 0001:00012b70       _fnDeinitializeGlobalModule 00413b70 f   libcommonplob:global.obj
 0001:00012b80       _fnInitCommonPlobModule    00413b80 f   libcommonplob:plob.obj
 0001:00012ba0       _fnDeinitCommonPlobModule  00413ba0 f   libcommonplob:plob.obj
 0001:00012bb0       _fnDeinitializePlob        00413bb0 f   libcommonplob:plob.obj
 0001:00012be0       _fnInitializePlob          00413be0 f   libcommonplob:plob.obj
 0001:00012c20       _fnImmediate2ObjId         00413c20 f   libcommonplob:plob.obj
 0001:00012d70       _fnObjId2Immediate         00413d70 f   libcommonplob:plob.obj
 0001:00012df0       _fnMakeLispPointer         00413df0 f   libcommonplob:plob.obj
 0001:00012e60       _fnInitCommonTypeModule    00413e60 f   libcommonplob:plobtype.obj
 0001:00012ef0       _fnDeinitCommonTypeModule  00413ef0 f   libcommonplob:plobtype.obj
 0001:00013240       _fnRegisterPlobClass       00414240 f   libcommonplob:plobtype.obj
 0001:00013350       _fnPrintImmediateObject    00414350 f   libcommonplob:plobtype.obj
 0001:000134c0       _fnCompareTag2String       004144c0 f   libcommonplob:plobtype.obj
 0001:00013590       _fnTypeTagName             00414590 f   libcommonplob:plobtype.obj
 0001:00013600       _fnTypeTagSizeValue        00414600 f   libcommonplob:plobtype.obj
 0001:000136d0       _fnShortObjIdValidP        004146d0 f   libcommonplob:plobtype.obj
 0001:00013710       _fnLISPmapClassInfoFirst   00414710 f   libcommonplob:plobtype.obj
 0001:000137e0       _fnLISPmapClassInfoNext    004147e0 f   libcommonplob:plobtype.obj
 0001:00013960       _fnRegisterFunction        00414960 f   libcommonplob:generic.obj
 0001:00013af0       _fnRegisterClass           00414af0 f   libcommonplob:generic.obj
 0001:00013d40       _fnRegisterMethod          00414d40 f   libcommonplob:generic.obj
 0001:00014010       _fnFindClassName           00415010 f   libcommonplob:generic.obj
 0001:00014070       _fnFindClassInfo           00415070 f   libcommonplob:generic.obj
 0001:00014210       _fnFindFunctionByName      00415210 f   libcommonplob:generic.obj
 0001:00014270       _fnFindMethod              00415270 f   libcommonplob:generic.obj
 0001:00014400       _fnEnumClassInfo           00415400 f   libcommonplob:generic.obj
 0001:00014460       _fnClassInfoFirst          00415460 f   libcommonplob:generic.obj
 0001:000144f0       _fnClassInfoNext           004154f0 f   libcommonplob:generic.obj
 0001:00014580       _fnInitializeGenericModule 00415580 f   libcommonplob:generic.obj
 0001:00014590       _fnDeinitializeGenericModule 00415590 f   libcommonplob:generic.obj
 0001:00014af0       _fnMalloc                  00415af0 f   libcommonplob:trmalloc.obj
 0001:00014c20       _fnReAlloc                 00415c20 f   libcommonplob:trmalloc.obj
 0001:00014e40       _fnFree                    00415e40 f   libcommonplob:trmalloc.obj
 0001:00014f60       _fnMallocFlags             00415f60 f   libcommonplob:trmalloc.obj
 0001:00014fa0       _fnMallocLabel             00415fa0 f   libcommonplob:trmalloc.obj
 0001:00014ff0       _fnMallocLog               00415ff0 f   libcommonplob:trmalloc.obj
 0001:00015030       _fnInitializeMallocModule  00416030 f   libcommonplob:trmalloc.obj
 0001:00015040       _fnDeinitializeMallocModule 00416040 f   libcommonplob:trmalloc.obj
 0001:000154b0       _fnHashCreate              004164b0 f   libcommonplob:hash.obj
 0001:00015580       _fnHashDestroy             00416580 f   libcommonplob:hash.obj
 0001:000156a0       _fnHashResize              004166a0 f   libcommonplob:hash.obj
 0001:00015760       _fnHashClear               00416760 f   libcommonplob:hash.obj
 0001:00015820       _fnHashInsert              00416820 f   libcommonplob:hash.obj
 0001:00015ac0       _fnHashGet                 00416ac0 f   libcommonplob:hash.obj
 0001:00015bf0       _fnHashEnum                00416bf0 f   libcommonplob:hash.obj
 0001:00015d10       _fnHashFirst               00416d10 f   libcommonplob:hash.obj
 0001:00015e50       _fnHashNext                00416e50 f   libcommonplob:hash.obj
 0001:00015fd0       _fnHashLast                00416fd0 f   libcommonplob:hash.obj
 0001:00016090       _fnHashDelete              00417090 f   libcommonplob:hash.obj
 0001:000162d0       _fnHashOccupied            004172d0 f   libcommonplob:hash.obj
 0001:000164a0       _fnHashDebug               004174a0 f   libcommonplob:hash.obj
 0001:00016820       _fnInitializeHashModule    00417820 f   libcommonplob:hash.obj
 0001:00016830       _fnDeinitializeHashModule  00417830 f   libcommonplob:hash.obj
 0001:00016860       _fnInitCommonAdminModule   00417860 f   libcommonplob:plobadmin.obj
 0001:00016870       _fnDeinitCommonAdminModule 00417870 f   libcommonplob:plobadmin.obj
 0001:00016880       _fnDatabaseP               00417880 f   libcommonplob:plobadmin.obj
 0001:00016da0       _fnStorePid                00417da0 f   libcommonplob:plobadmin.obj
 0001:00016dd0       _fnUnstorePid              00417dd0 f   libcommonplob:plobadmin.obj
 0001:00016e00       _fnGetDirectoryByPort      00417e00 f   libcommonplob:plobadmin.obj
 0001:00017050       _fnGetPortByDirectory      00418050 f   libcommonplob:plobadmin.obj
 0001:000170e0       _fnGetPidByPort            004180e0 f   libcommonplob:plobadmin.obj
 0001:00017140       _fnStartLocalServer        00418140 f   libcommonplob:plobadmin.obj
 0001:00017400       _fnInitCommonBTreeModule   00418400 f   libcommonplob:plobbtree.obj
 0001:00017430       _fnDeinitCommonBTreeModule 00418430 f   libcommonplob:plobbtree.obj
 0001:00017440       _fnInitCommonRootModule    00418440 f   libcommonplob:plobroot.obj
 0001:00017470       _fnDeinitCommonRootModule  00418470 f   libcommonplob:plobroot.obj
 0001:00017480       _fnGetVersionString        00418480 f   libcommonplob:plobroot.obj
 0001:00017510       _fnGetVersionDateString    00418510 f   libcommonplob:plobroot.obj
 0001:00017550       _fnGetCopyrightString      00418550 f   libcommonplob:plobroot.obj
 0001:000175e0       _fnGetEmailString          004185e0 f   libcommonplob:plobroot.obj
 0001:00017600       _fnGetCompileDateString    00418600 f   libcommonplob:plobroot.obj
 0001:00017620       _fnGetCompileTimeString    00418620 f   libcommonplob:plobroot.obj
 0001:00017640       _fnGetCompileOpsysString   00418640 f   libcommonplob:plobroot.obj
 0001:00017660       _fnInitCommonHeapModule    00418660 f   libcommonplob:plobheap.obj
 0001:00017680       _fnDeinitCommonHeapModule  00418680 f   libcommonplob:plobheap.obj
 0001:00017690       _fnInitCommonLockModule    00418690 f   libcommonplob:ploblock.obj
 0001:000176c0       _fnDeinitCommonLockModule  004186c0 f   libcommonplob:ploblock.obj
 0001:000176d0       _fnInitCommonCLOSModule    004186d0 f   libcommonplob:plobclos.obj
 0001:000176f0       _fnDeinitCommonCLOSModule  004186f0 f   libcommonplob:plobclos.obj
 0001:00017700       _fnInitCommonStructModule  00418700 f   libcommonplob:plobstruct.obj
 0001:00017720       _fnDeinitCommonStructModule 00418720 f   libcommonplob:plobstruct.obj
 0001:00017730       _fnInitCommonSequModule    00418730 f   libcommonplob:plobsequ.obj
 0001:00017760       _fnDeinitCommonSequModule  00418760 f   libcommonplob:plobsequ.obj
 0001:00017770       _fnInitCommonNumberModule  00418770 f   libcommonplob:plobnumber.obj
 0001:000177d0       _fnDeinitCommonNumberModule 004187d0 f   libcommonplob:plobnumber.obj
 0001:00017810       _fnPrintFloat              00418810 f   libcommonplob:plobnumber.obj
 0001:000178a0       _fnInitCommonFfModule      004188a0 f   libcommonplob:plobff.obj
 0001:000178b0       _fnDeinitCommonFfModule    004188b0 f   libcommonplob:plobff.obj
 0001:000178c0       _fnRegisterCcallable       004188c0 f   libcommonplob:plobff.obj
 0001:000178f0       _fnInitCommonMiscModule    004188f0 f   libcommonplob:plobmisc.obj
 0001:00017900       _fnDeinitCommonMiscModule  00418900 f   libcommonplob:plobmisc.obj
 0001:00017910       _fnIdentity                00418910 f   libcommonplob:plobmisc.obj
 0001:00017930       _fnShiftLeftAndSet         00418930 f   libcommonplob:plobmisc.obj
 0001:00017960       _fnUnmaskAndAdd            00418960 f   libcommonplob:plobmisc.obj
 0001:000179a0       _fnSplitURL                004189a0 f   libcommonplob:plobmisc.obj
 0001:00017ab0       _fnMergeURLs               00418ab0 f   libcommonplob:plobmisc.obj
 0001:00017d10       _fnGetHostAddr             00418d10 f   libcommonplob:plobmisc.obj
 0001:000181a0       _fnInitializeMiscModule    004191a0 f   libserverplob:splobmisc.obj
 0001:000181e0       _fnDeinitializeMiscModule  004191e0 f   libserverplob:splobmisc.obj
 0001:00018280       _fnStoreError              00419280 f   libserverplob:splobmisc.obj
 0001:00018310       _fnStoreErrorIf            00419310 f   libserverplob:splobmisc.obj
 0001:00018350       _fnPLOBerrorCallback       00419350 f   libserverplob:splobmisc.obj
 0001:00018390       _fnPLOBsaveCallback        00419390 f   libserverplob:splobmisc.obj
 0001:000183a0       _fnPLOBrestoreCallback     004193a0 f   libserverplob:splobmisc.obj
 0001:000183b0       _fnPLOBstabiliseCallback   004193b0 f   libserverplob:splobmisc.obj
 0001:000183c0       _fnPLOBsuspendCallback     004193c0 f   libserverplob:splobmisc.obj
 0001:000184b0       _fnPLOBwakeupCallback      004194b0 f   libserverplob:splobmisc.obj
 0001:000185a0       _fnPeekHandleCreate        004195a0 f   libserverplob:splobmisc.obj
 0001:000186e0       _fnPeekHandleDestroy       004196e0 f   libserverplob:splobmisc.obj
 0001:00018720       _fnPeekHandleDestroyAll    00419720 f   libserverplob:splobmisc.obj
 0001:00018790       _fnPeekHandleInsert        00419790 f   libserverplob:splobmisc.obj
 0001:00018930       _fnPeekHandlePtr           00419930 f   libserverplob:splobmisc.obj
 0001:00018980       _fnMakeDependent           00419980 f   libserverplob:splobmisc.obj
 0001:00018af0       _fnMakeDependentFromSymbol 00419af0 f   libserverplob:splobmisc.obj
 0001:00018d90       _fnDependentP              00419d90 f   libserverplob:splobmisc.obj
 0001:00018e80       _fnShortMakeDependent      00419e80 f   libserverplob:splobmisc.obj
 0001:00019090       _fnServerObjectPeekSlots   0041a090 f   libserverplob:splobmisc.obj
 0001:000194d0       _fnServerObjectPeekValues  0041a4d0 f   libserverplob:splobmisc.obj
 0001:000198a0       _fnServerObjectPoke        0041a8a0 f   libserverplob:splobmisc.obj
 0001:00019d40       _fnFlushMode               0041ad40 f   libserverplob:splobmisc.obj
 0001:00019ea0       _fnFlagWord                0041aea0 f   libserverplob:splobmisc.obj
 0001:00019ff0       _fnInitializeRootModule    0041aff0 f   libserverplob:splobroot.obj
 0001:0001a1d0       _fnDeinitializeRootModule  0041b1d0 f   libserverplob:splobroot.obj
 0001:0001a9e0       _fnGetNextTractId          0041b9e0 f   libserverplob:splobroot.obj
 0001:0001aa60       _fnGetRootFreeList         0041ba60 f   libserverplob:splobroot.obj
 0001:0001aab0       _fnSetRootFreeList         0041bab0 f   libserverplob:splobroot.obj
 0001:0001ab40       _fnGetRootLockQueue        0041bb40 f   libserverplob:splobroot.obj
 0001:0001ac00       _fnGetRootLock             0041bc00 f   libserverplob:splobroot.obj
 0001:0001ac50       _fnSetRootLock             0041bc50 f   libserverplob:splobroot.obj
 0001:0001ad40       _fnIncGCcounter            0041bd40 f   libserverplob:splobroot.obj
 0001:0001ae40       _fnGetGCcounter            0041be40 f   libserverplob:splobroot.obj
 0001:0001aee0       _fnSetGlobalMinMaxObjId    0041bee0 f   libserverplob:splobroot.obj
 0001:0001af50       _fnUsers                   0041bf50 f   libserverplob:splobroot.obj
 0001:0001b020       _fnUserInsertByName        0041c020 f   libserverplob:splobroot.obj
 0001:0001b1a0       _fnUserSearchByName        0041c1a0 f   libserverplob:splobroot.obj
 0001:0001b220       _fnUserDeleteByName        0041c220 f   libserverplob:splobroot.obj
 0001:0001b2e0       _fnMachs                   0041c2e0 f   libserverplob:splobroot.obj
 0001:0001b3b0       _fnCreateMachine           0041c3b0 f   libserverplob:splobroot.obj
 0001:0001b5f0       _fnMachLoginP              0041c5f0 f   libserverplob:splobroot.obj
 0001:0001b850       _fnMachInsertByAddr        0041c850 f   libserverplob:splobroot.obj
 0001:0001b950       _fnMachSearchByAddr        0041c950 f   libserverplob:splobroot.obj
 0001:0001b9f0       _fnMachDeleteByAddr        0041c9f0 f   libserverplob:splobroot.obj
 0001:0001bae0       _fnSessions                0041cae0 f   libserverplob:splobroot.obj
 0001:0001bbb0       _fnSessionInsert           0041cbb0 f   libserverplob:splobroot.obj
 0001:0001bc40       _fnSessionSearch           0041cc40 f   libserverplob:splobroot.obj
 0001:0001bd00       _fnSessionDelete           0041cd00 f   libserverplob:splobroot.obj
 0001:0001be00       _fnReadLispRoot            0041ce00 f   libserverplob:splobroot.obj
 0001:0001be60       _fnLoginP                  0041ce60 f   libserverplob:splobroot.obj
 0001:0001c010       _fnAdminP                  0041d010 f   libserverplob:splobroot.obj
 0001:0001c080       _fnAdminSet                0041d080 f   libserverplob:splobroot.obj
 0001:0001c0e0       _fnClientDbReadRoot        0041d0e0 f   libserverplob:splobroot.obj
 0001:0001c360       _fnServerDbWriteRoot       0041d360 f   libserverplob:splobroot.obj
 0001:0001c9c0       _fnClientDbSessions        0041d9c0 f   libserverplob:splobroot.obj
 0001:0001cbc0       _fnServerGetVersion        0041dbc0 f   libserverplob:splobroot.obj
 0001:0001cdb0       _fnClientDbCreateMachine   0041ddb0 f   libserverplob:splobroot.obj
 0001:0001cfe0       _fnClientMachineLoginP     0041dfe0 f   libserverplob:splobroot.obj
 0001:0001d250       _fnClientMachineAddr       0041e250 f   libserverplob:splobroot.obj
 0001:0001d4d0       _fnClientDbMachineSearch   0041e4d0 f   libserverplob:splobroot.obj
 0001:0001d7c0       _fnClientDbMachineDelete   0041e7c0 f   libserverplob:splobroot.obj
 0001:0001dab0       _fnClientDbMachineInsert   0041eab0 f   libserverplob:splobroot.obj
 0001:0001de70       _fnClientDbMachines        0041ee70 f   libserverplob:splobroot.obj
 0001:0001e300       _fnInitializeAdminModule   0041f300 f   libserverplob:splobadmin.obj
 0001:0001e350       _fnDeinitializeAdminModule 0041f350 f   libserverplob:splobadmin.obj
 0001:0001e5a0       _fnGetClientCred           0041f5a0 f   libserverplob:splobadmin.obj
 0001:0001e830       _fnServerGetPortByDirectory 0041f830 f   libserverplob:splobadmin.obj
 0001:0001e9a0       _fnServerGetPID            0041f9a0 f   libserverplob:splobadmin.obj
 0001:0001ea70       _fnServerGetDirectory      0041fa70 f   libserverplob:splobadmin.obj
 0001:0001eba0       _fnServerExit              0041fba0 f   libserverplob:splobadmin.obj
 0001:0001ed20       _fnServerDbReset           0041fd20 f   libserverplob:splobadmin.obj
 0001:0001eea0       _fnServerRestart           0041fea0 f   libserverplob:splobadmin.obj
 0001:0001f020       _fnInitializeAfterRegister 00420020 f   libserverplob:splob.obj
 0001:0001f120       _fnInitializePlobModule    00420120 f   libserverplob:splob.obj
 0001:0001f170       _fnDeinitializePlobModule  00420170 f   libserverplob:splob.obj
 0001:0001f230       _fnServerInitializePlob    00420230 f   libserverplob:splob.obj
 0001:0001fc00       _fnTypeString              00420c00 f   libserverplob:splob.obj
 0001:0001fc50       _fnObjId2ObjPtr            00420c50 f   libserverplob:splob.obj
 0001:0001fe60       _fnObjId2ValPtr            00420e60 f   libserverplob:splob.obj
 0001:00020050       _fnInvalidateAllCaches     00421050 f   libserverplob:splob.obj
 0001:00020130       _fnAtomicLock              00421130 f   libserverplob:splob.obj
 0001:00020340       _fnAtomicUnlock            00421340 f   libserverplob:splob.obj
 0001:000204e0       _fnClientObjectCanModify   004214e0 f   libserverplob:splob.obj
 0001:000206f0       _fnServerDbClose           004216f0 f   libserverplob:splob.obj
 0001:000209e0       _fnClientDbConfiguration   004219e0 f   libserverplob:splob.obj
 0001:00020e10       _fnCreateObject            00421e10 f   libserverplob:splob.obj
 0001:00021180       _fnServerDbCreateObject    00422180 f   libserverplob:splob.obj
 0001:00021330       _fnServerDbCreateObjects   00422330 f   libserverplob:splob.obj
 0001:00021660       _fnDestroyObject           00422660 f   libserverplob:splob.obj
 0001:000219e0       _fnServerObjectDestroy     004229e0 f   libserverplob:splob.obj
 0001:00021bc0       _fnServerObjectObjIdSize   00422bc0 f   libserverplob:splob.obj
 0001:00021e20       _fnServerDbOpen            00422e20 f   libserverplob:splob.obj
 0001:000225b0       _fnServerObjectFlush       004235b0 f   libserverplob:splob.obj
 0001:00022780       _fnServerObjectReadAtIndex 00423780 f   libserverplob:splob.obj
 0001:00022bc0       _fnServerObjectReadAtIndices 00423bc0 f   libserverplob:splob.obj
 0001:00023090       _fnServerObjectReadObjId   00424090 f   libserverplob:splob.obj
 0001:00023300       _fnServerObjectReadValues  00424300 f   libserverplob:splob.obj
 0001:00023a00       _fnServerDbStabilise       00424a00 f   libserverplob:splob.obj
 0001:00023b70       _fnClientDbStatistics      00424b70 f   libserverplob:splob.obj
 0001:00023d80       _fnServerObjectTypeTag     00424d80 f   libserverplob:splob.obj
 0001:00023f40       _fnServerObjectValueSize   00424f40 f   libserverplob:splob.obj
 0001:00024180       _fnClientObjectValueSize   00425180 f   libserverplob:splob.obj
 0001:00024320       _fnServerObjectWriteAtIndex 00425320 f   libserverplob:splob.obj
 0001:00024890       _fnServerObjectWriteAtIndices 00425890 f   libserverplob:splob.obj
 0001:00024f10       _fnServerObjectWriteObjId  00425f10 f   libserverplob:splob.obj
 0001:000250c0       _fnServerObjectWriteValues 004260c0 f   libserverplob:splob.obj
 0001:000256c0       _fnInitializeSequModule    004266c0 f   libserverplob:splobsequ.obj
 0001:00025e40       _fnDeinitializeSequModule  00426e40 f   libserverplob:splobsequ.obj
 0001:000268c0       _fnMakeVector              004278c0 f   libserverplob:splobsequ.obj
 0001:00026910       _fnMakeIVector             00427910 f   libserverplob:splobsequ.obj
 0001:00026a70       _fnShortMakeIVector        00427a70 f   libserverplob:splobsequ.obj
 0001:00026c10       _fnStringPtr               00427c10 f   libserverplob:splobsequ.obj
 0001:00026db0       _fnMakeString              00427db0 f   libserverplob:splobsequ.obj
 0001:00026e90       _fnShortMakeString         00427e90 f   libserverplob:splobsequ.obj
 0001:00027000       _fnInitializeStructModule  00428000 f   libserverplob:splobstruct.obj
 0001:00027060       _fnDeinitializeStructModule 00428060 f   libserverplob:splobstruct.obj
 0001:00027110       _fnAddName                 00428110 f   libserverplob:splobstruct.obj
 0001:00027320       _fnLocateStructDescr       00428320 f   libserverplob:splobstruct.obj
 0001:00027910       _fnFindClass               00428910 f   libserverplob:splobstruct.obj
 0001:00027aa0       _fnFindPackage             00428aa0 f   libserverplob:splobstruct.obj
 0001:00027af0       _fnCreatePackage           00428af0 f   libserverplob:splobstruct.obj
 0001:00027d80       _fnFindSymbol              00428d80 f   libserverplob:splobstruct.obj
 0001:00027dd0       _fnCreateSymbol            00428dd0 f   libserverplob:splobstruct.obj
 0001:00027ec0       _fnServerDbCreateStructures 00428ec0 f   libserverplob:splobstruct.obj
 0001:00028390       _fnInitializeCLOSModule    00429390 f   libserverplob:splobclos.obj
 0001:000283f0       _fnDeinitializeCLOSModule  004293f0 f   libserverplob:splobclos.obj
 0001:00028550       _fnLocateClassDescr        00429550 f   libserverplob:splobclos.obj
 0001:00028cc0       _fnServerDbCreateInstances 00429cc0 f   libserverplob:splobclos.obj
 0001:000291a0       _fnServerInstanceWriteWrapper 0042a1a0 f   libserverplob:splobclos.obj
 0001:00029530       _fnServerInstanceWriteData 0042a530 f   libserverplob:splobclos.obj
 0001:000297b0       _fnInitializeTypeModule    0042a7b0 f   libserverplob:splobtype.obj
 0001:00029940       _fnDeinitializeTypeModule  0042a940 f   libserverplob:splobtype.obj
 0001:00029950       _fnTypeTagOf               0042a950 f   libserverplob:splobtype.obj
 0001:00029a80       _fnUnexpectedTypeTag       0042aa80 f   libserverplob:splobtype.obj
 0001:00029c80       _mfnInitStandard           0042ac80 f   libserverplob:splobtype.obj
 0001:00029e20       _fnNameCompare             0042ae20 f   libserverplob:splobtype.obj
 0001:00029ef0       _fnServerDbTypeTagName     0042aef0 f   libserverplob:splobtype.obj
 0001:0002a040       _fnServerObjectPrettyPrint 0042b040 f   libserverplob:splobtype.obj
 0001:0002a200       _fnShortPrintSymbol        0042b200 f   libserverplob:splobtype.obj
 0001:0002a3b0       _fnPrintObject             0042b3b0 f   libserverplob:splobtype.obj
 0001:0002a630       _fnTypeAddBuiltInClasses   0042b630 f   libserverplob:splobtype.obj
 0001:0002a890       _fnBarifyString            0042b890 f   libserverplob:splobtype.obj
 0001:0002a980       _fnPrintSymbol             0042b980 f   libserverplob:splobtype.obj
 0001:0002ab70       _mfnStandardValues         0042bb70 f   libserverplob:splobtype.obj
 0001:0002ab90       _mfnStandardValueTypeTag   0042bb90 f   libserverplob:splobtype.obj
 0001:0002abb0       _gfnValues                 0042bbb0 f   libserverplob:splobtype.obj
 0001:0002acb0       _gfnValueTypeTag           0042bcb0 f   libserverplob:splobtype.obj
 0001:0002adb0       _gfnInitializeInstance     0042bdb0 f   libserverplob:splobtype.obj
 0001:0002aed0       _gfnPrintObjectDetails     0042bed0 f   libserverplob:splobtype.obj
 0001:0002b030       _gfnCount                  0042c030 f   libserverplob:splobtype.obj
 0001:0002b100       _gfnDestroy                0042c100 f   libserverplob:splobtype.obj
 0001:0002b1d0       _gfnCompare                0042c1d0 f   libserverplob:splobtype.obj
 0001:0002b2b0       _gfnEqual                  0042c2b0 f   libserverplob:splobtype.obj
 0001:0002b3a0       _gfnFlush                  0042c3a0 f   libserverplob:splobtype.obj
 0001:0002b460       _gfnNameOf                 0042c460 f   libserverplob:splobtype.obj
 0001:0002b530       _gfnLockAcquired           0042c530 f   libserverplob:splobtype.obj
 0001:0002b600       _gfnLockReleased           0042c600 f   libserverplob:splobtype.obj
 0001:0002b6d0       _gfnObjectStateChanged     0042c6d0 f   libserverplob:splobtype.obj
 0001:0002b7a0       _fnInitializeNumberModule  0042c7a0 f   libserverplob:splobnumber.obj
 0001:0002bba0       _fnDeinitializeNumberModule 0042cba0 f   libserverplob:splobnumber.obj
 0001:0002ced0       _mfnNumberCompare          0042ded0 f   libserverplob:splobnumber.obj
 0001:0002d0a0       _fnMakeFloat               0042e0a0 f   libserverplob:splobnumber.obj
 0001:0002d150       _fnMakeDouble              0042e150 f   libserverplob:splobnumber.obj
 0001:0002d200       _fnServerDbMakeBignum      0042e200 f   libserverplob:splobnumber.obj
 0001:0002d4b0       _fnShortMakeSingleFloat    0042e4b0 f   libserverplob:splobnumber.obj
 0001:0002d650       _fnShortMakeDoubleFloat    0042e650 f   libserverplob:splobnumber.obj
 0001:0002d7f0       _fnServerObjectReadBignum  0042e7f0 f   libserverplob:splobnumber.obj
 0001:0002dc40       _fnServerObjectReadDoubleFloat 0042ec40 f   libserverplob:splobnumber.obj
 0001:0002de00       _fnServerObjectReadFixnum  0042ee00 f   libserverplob:splobnumber.obj
 0001:0002e080       _fnServerObjectReadSingleFloat 0042f080 f   libserverplob:splobnumber.obj
 0001:0002e240       _fnServerObjectWriteBignum 0042f240 f   libserverplob:splobnumber.obj
 0001:0002e680       _fnServerObjectWriteDoubleFloat 0042f680 f   libserverplob:splobnumber.obj
 0001:0002e830       _fnServerObjectWriteFixnum 0042f830 f   libserverplob:splobnumber.obj
 0001:0002e9e0       _fnServerObjectWriteSingleFloat 0042f9e0 f   libserverplob:splobnumber.obj
 0001:0002eb90       _fnInitializeLockModule    0042fb90 f   libserverplob:sploblock.obj
 0001:0002ecf0       _fnDeinitializeLockModule  0042fcf0 f   libserverplob:sploblock.obj
 0001:00031a70       _fnPrintLock               00432a70 f   libserverplob:sploblock.obj
 0001:00031e40       _fnUnlock                  00432e40 f   libserverplob:sploblock.obj
 0001:000325f0       _fnLockGet                 004335f0 f   libserverplob:sploblock.obj
 0001:00032e30       _fnLockInsert              00433e30 f   libserverplob:sploblock.obj
 0001:00032e60       _fnLockSet                 00433e60 f   libserverplob:sploblock.obj
 0001:00032f70       _fnSetLockRetry            00433f70 f   libserverplob:sploblock.obj
 0001:00033090       _fnUnlockAll               00434090 f   libserverplob:sploblock.obj
 0001:00033480       _fnUnlockAllAll            00434480 f   libserverplob:sploblock.obj
 0001:000336e0       _fnMakeReadOnly            004346e0 f   libserverplob:sploblock.obj
 0001:000337e0       _fnClientLockPrint         004347e0 f   libserverplob:sploblock.obj
 0001:00033a10       _fnClientTransactionLockGet 00434a10 f   libserverplob:sploblock.obj
 0001:00033d00       _fnServerTransactionLockInsert 00434d00 f   libserverplob:sploblock.obj
 0001:000340b0       _fnServerTransactionLockSet 004350b0 f   libserverplob:sploblock.obj
 0001:00034440       _fnServerTransactionUnlock 00435440 f   libserverplob:sploblock.obj
 0001:000346d0       _fnServerTransactionUnlockAll 004356d0 f   libserverplob:sploblock.obj
 0001:00034940       _fnServerTransactionUnlockAllAll 00435940 f   libserverplob:sploblock.obj
 0001:00034b60       _fnShortMakeReadOnly       00435b60 f   libserverplob:sploblock.obj
 0001:000357b0       _fnInitializeHeapModule    004367b0 f   libserverplob:splobheap.obj
 0001:00035910       _fnDeinitializeHeapModule  00436910 f   libserverplob:splobheap.obj
 0001:00037f00       _fnMakeHeap                00438f00 f   libserverplob:splobheap.obj
 0001:00037fa0       _fnHeapUser                00438fa0 f   libserverplob:splobheap.obj
 0001:00038010       _fnHeapMachine             00439010 f   libserverplob:splobheap.obj
 0001:00038080       _fnHeapDescription         00439080 f   libserverplob:splobheap.obj
 0001:000380f0       _fnTransactionBegin        004390f0 f   libserverplob:splobheap.obj
 0001:000382e0       _fnServerTransactionBegin  004392e0 f   libserverplob:splobheap.obj
 0001:000384f0       _fnTransactionCancel       004394f0 f   libserverplob:splobheap.obj
 0001:00038620       _fnServerTransactionCancel 00439620 f   libserverplob:splobheap.obj
 0001:00038830       _fnTransactionEnd          00439830 f   libserverplob:splobheap.obj
 0001:00038980       _fnServerTransactionEnd    00439980 f   libserverplob:splobheap.obj
 0001:00038b90       _fnServerTransactionFlush  00439b90 f   libserverplob:splobheap.obj
 0001:00038d20       _fnServerDbTransactionP    00439d20 f   libserverplob:splobheap.obj
 0001:00038ff0       _fnInitializeBTreeModule   00439ff0 f   libserverplob:splobbtree.obj
 0001:000391d0       _fnDeinitializeBTreeModule 0043a1d0 f   libserverplob:splobbtree.obj
 0001:0003c2d0       _fnMakeBTree               0043d2d0 f   libserverplob:splobbtree.obj
 0001:0003c880       _fnBTreeClear              0043d880 f   libserverplob:splobbtree.obj
 0001:0003c980       _fnBTreeDelete             0043d980 f   libserverplob:splobbtree.obj
 0001:0003cc70       _fnBTreeDeleteByObjId      0043dc70 f   libserverplob:splobbtree.obj
 0001:0003ccb0       _fnBTreeInsert             0043dcb0 f   libserverplob:splobbtree.obj
 0001:0003ce60       _fnBTreeInsertByObjId      0043de60 f   libserverplob:splobbtree.obj
 0001:0003ceb0       _fnBTreeMap                0043deb0 f   libserverplob:splobbtree.obj
 0001:0003d240       _fnBTreeMapAll             0043e240 f   libserverplob:splobbtree.obj
 0001:0003d290       _fnBTreeMapByObjId         0043e290 f   libserverplob:splobbtree.obj
 0001:0003d320       _fnBTreeMapFirstByObjId    0043e320 f   libserverplob:splobbtree.obj
 0001:0003e7a0       _fnBTreeMapSearch          0043f7a0 f   libserverplob:splobbtree.obj
 0001:0003ead0       _fnBTreeMapSeek            0043fad0 f   libserverplob:splobbtree.obj
 0001:0003eca0       _fnBTreeMapSeekSet         0043fca0 f   libserverplob:splobbtree.obj
 0001:0003ee70       _fnBTreeMapFirst           0043fe70 f   libserverplob:splobbtree.obj
 0001:0003f100       _fnBTreeMapNext            00440100 f   libserverplob:splobbtree.obj
 0001:0003f320       _fnBTreeMapLast            00440320 f   libserverplob:splobbtree.obj
 0001:0003f400       _fnBTreeSearch             00440400 f   libserverplob:splobbtree.obj
 0001:0003f4d0       _fnBTreeSearchByObjId      004404d0 f   libserverplob:splobbtree.obj
 0001:0003f570       _fnBTreeTestMode           00440570 f   libserverplob:splobbtree.obj
 0001:0003f600       _fnBTreeRoot               00440600 f   libserverplob:splobbtree.obj
 0001:0003f630       _fnBTreeCount              00440630 f   libserverplob:splobbtree.obj
 0001:0003f6c0       _fnBTreeSize               004406c0 f   libserverplob:splobbtree.obj
 0001:0003f7a0       _fnBTreeSetPageSize        004407a0 f   libserverplob:splobbtree.obj
 0001:0003f9a0       _fnClientBtreeClear        004409a0 f   libserverplob:splobbtree.obj
 0001:0003fc20       _fnClientBtreeCount        00440c20 f   libserverplob:splobbtree.obj
 0001:0003fe40       _fnServerBtreeDelete       00440e40 f   libserverplob:splobbtree.obj
 0001:000400e0       _fnServerBtreeDeleteByFloat 004410e0 f   libserverplob:splobbtree.obj
 0001:00040290       _fnServerBtreeDeleteByDouble 00441290 f   libserverplob:splobbtree.obj
 0001:00040440       _fnServerBtreeDeleteByString 00441440 f   libserverplob:splobbtree.obj
 0001:000405f0       _fnServerBtreeInsert       004415f0 f   libserverplob:splobbtree.obj
 0001:000408a0       _fnServerBtreeInsertByFloat 004418a0 f   libserverplob:splobbtree.obj
 0001:00040a50       _fnServerBtreeInsertByDouble 00441a50 f   libserverplob:splobbtree.obj
 0001:00040c00       _fnServerBtreeInsertByString 00441c00 f   libserverplob:splobbtree.obj
 0001:00040db0       _fnServerBtreemapSearch    00441db0 f   libserverplob:splobbtree.obj
 0001:000410c0       _fnServerBtreemapSearchByFloat 004420c0 f   libserverplob:splobbtree.obj
 0001:00041280       _fnServerBtreemapSearchByDouble 00442280 f   libserverplob:splobbtree.obj
 0001:00041440       _fnServerBtreemapSearchByString 00442440 f   libserverplob:splobbtree.obj
 0001:00041600       _fnServerBtreemapSeek      00442600 f   libserverplob:splobbtree.obj
 0001:00041860       _fnServerBtreemapSeekSet   00442860 f   libserverplob:splobbtree.obj
 0001:00041a90       _fnServerBtreemapFirst     00442a90 f   libserverplob:splobbtree.obj
 0001:00041ec0       _fnServerBtreemapFirstByFloat 00442ec0 f   libserverplob:splobbtree.obj
 0001:00042100       _fnServerBtreemapFirstByDouble 00443100 f   libserverplob:splobbtree.obj
 0001:00042340       _fnServerBtreemapFirstByString 00443340 f   libserverplob:splobbtree.obj
 0001:00042580       _fnClientBtreemapNext      00443580 f   libserverplob:splobbtree.obj
 0001:000428f0       _fnClientBtreemapLast      004438f0 f   libserverplob:splobbtree.obj
 0001:00042b10       _fnClientBtreePrint        00443b10 f   libserverplob:splobbtree.obj
 0001:00042d70       _fnServerBtreeSearch       00443d70 f   libserverplob:splobbtree.obj
 0001:00043060       _fnServerBtreeSearchByFloat 00444060 f   libserverplob:splobbtree.obj
 0001:00043220       _fnServerBtreeSearchByDouble 00444220 f   libserverplob:splobbtree.obj
 0001:000433e0       _fnServerBtreeSearchByString 004443e0 f   libserverplob:splobbtree.obj
 0001:000435a0       _fnClientBtreeRoot         004445a0 f   libserverplob:splobbtree.obj
 0001:00043820       _fnClientBtreeSize         00444820 f   libserverplob:splobbtree.obj
 0001:00043a30       _fnClientBtreeTestMode     00444a30 f   libserverplob:splobbtree.obj
 0001:00043c40       _fnBTreePageParent         00444c40 f   libserverplob:splobbtree.obj
 0001:00043c70       _fnBTreePageCount          00444c70 f   libserverplob:splobbtree.obj
 0001:00043d00       _fnBTreePageSize           00444d00 f   libserverplob:splobbtree.obj
 0001:00043d40       _fnBTreePageItem           00444d40 f   libserverplob:splobbtree.obj
 0001:00043e20       _fnClientBtreePageSize     00444e20 f   libserverplob:splobbtree.obj
 0001:00044030       _fnClientBtreepageParent   00445030 f   libserverplob:splobbtree.obj
 0001:000442b0       _fnClientBtreepageCount    004452b0 f   libserverplob:splobbtree.obj
 0001:000444c0       _fnClientBtreepageGetSize  004454c0 f   libserverplob:splobbtree.obj
 0001:000446d0       _fnClientBtreepageItem     004456d0 f   libserverplob:splobbtree.obj
 0001:00044b00       _fnInitializeFfModule      00445b00 f   libserverplob:splobff.obj
 0001:00044b10       _fnDeinitializeFfModule    00445b10 f   libserverplob:splobff.obj
 0001:00044b20       _fnHandleException         00445b20 f   libpostore:win32_win32sig.obj
 0001:00044ec0       _sigaction                 00445ec0 f   libpostore:win32_win32sig.obj
 0001:00044f40       _SH_close                  00445f40 f   libpostore:win32_sheap.obj
 0001:00044f50       _SH_stabilise              00445f50 f   libpostore:win32_sheap.obj
 0001:000450a0       _SH_key_to_address         004460a0 f   libpostore:win32_sheap.obj
 0001:00045130       _SH_create_object          00446130 f   libpostore:win32_sheap.obj
 0001:000452b0       _SH_destroy_object         004462b0 f   libpostore:win32_sheap.obj
 0001:000452c0       _SH_garbage_collect        004462c0 f   libpostore:win32_sheap.obj
 0001:00045990       _SH_full_garbage_collect   00446990 f   libpostore:win32_sheap.obj
 0001:00045a20       _SH_incremental_garbage_collect 00446a20 f   libpostore:win32_sheap.obj
 0001:00045a30       _SH_first_object           00446a30 f   libpostore:win32_sheap.obj
 0001:00045a40       _SH_read_words             00446a40 f   libpostore:win32_sheap.obj
 0001:00045ae0       _SH_write_words            00446ae0 f   libpostore:win32_sheap.obj
 0001:00045b80       _SH_read_byte              00446b80 f   libpostore:win32_sheap.obj
 0001:00045c00       _SH_write_byte             00446c00 f   libpostore:win32_sheap.obj
 0001:00045c70       _SH_read_word              00446c70 f   libpostore:win32_sheap.obj
 0001:00045cf0       _SH_write_word             00446cf0 f   libpostore:win32_sheap.obj
 0001:00045d70       _SH_read_key               00446d70 f   libpostore:win32_sheap.obj
 0001:00045df0       _SH_write_key              00446df0 f   libpostore:win32_sheap.obj
 0001:00045fc0       _SH_can_modify             00446fc0 f   libpostore:win32_sheap.obj
 0001:00046050       _SH_configuration          00447050 f   libpostore:win32_sheap.obj
 0001:00046080       _SH_statistics             00447080 f   libpostore:win32_sheap.obj
 0001:000460f0       _SH_get_restart_clock      004470f0 f   libpostore:win32_sheap.obj
 0001:00046100       _SH_set_restart_clock      00447100 f   libpostore:win32_sheap.obj
 0001:00046110       _SH_open                   00447110 f   libpostore:win32_sheap.obj
 0001:00046140       _SH_open_at_addr           00447140 f   libpostore:win32_sheap.obj
 0001:000466c0       _SH_read_lock              004476c0 f   libpostore:win32_sheap.obj
 0001:00046740       _SH_set_lock               00447740 f   libpostore:win32_sheap.obj
 0001:000467c0       _SH_write_lock             004477c0 f   libpostore:win32_sheap.obj
 0001:00046830       _SH_create_database        00447830 f   libpostore:win32_sheap.obj
 0001:00046850       _SH_set_signal_handler     00447850 f   libpostore:win32_sheap.obj
 0001:00046860       _SS_close                  00447860 f   libpostore:win32_svmstore.obj
 0001:000469d0       _SS_stabilise              004479d0 f   libpostore:win32_svmstore.obj
 0001:00046fe0       _SS_real_address           00447fe0 f   libpostore:win32_svmstore.obj
 0001:00047000       _SS_read_word              00448000 f   libpostore:win32_svmstore.obj
 0001:00047080       _SS_read_words             00448080 f   libpostore:win32_svmstore.obj
 0001:00047120       _SS_write_word             00448120 f   libpostore:win32_svmstore.obj
 0001:000471a0       _SS_write_words            004481a0 f   libpostore:win32_svmstore.obj
 0001:00047240       _SS_first_address          00448240 f   libpostore:win32_svmstore.obj
 0001:00047260       _SS_last_address           00448260 f   libpostore:win32_svmstore.obj
 0001:00047280       _SS_set_sheap_version      00448280 f   libpostore:win32_svmstore.obj
 0001:00047300       _SS_get_sheap_version      00448300 f   libpostore:win32_svmstore.obj
 0001:00047380       _SS_set_restart_clock      00448380 f   libpostore:win32_svmstore.obj
 0001:00047400       _SS_get_restart_clock      00448400 f   libpostore:win32_svmstore.obj
 0001:00047480       _SS_configuration          00448480 f   libpostore:win32_svmstore.obj
 0001:000474a0       _SS_statistics             004484a0 f   libpostore:win32_svmstore.obj
 0001:000474b0       _SS_saveVM                 004484b0 f   libpostore:win32_svmstore.obj
 0001:00047930       _SS_scratchVM              00448930 f   libpostore:win32_svmstore.obj
 0001:00047bb0       _SS_reserveVM              00448bb0 f   libpostore:win32_svmstore.obj
 0001:00047de0       _SS_dontneedVM             00448de0 f   libpostore:win32_svmstore.obj
 0001:00047fc0       _SS_open                   00448fc0 f   libpostore:win32_svmstore.obj
 0001:00047ff0       _SS_open_at_addr           00448ff0 f   libpostore:win32_svmstore.obj
 0001:00048cc0       _SS_Xmemlock               00449cc0 f   libpostore:win32_svmstore.obj
 0001:00048d40       _SS_set_lock               00449d40 f   libpostore:win32_svmstore.obj
 0001:00048dd0       _SS_compact                00449dd0 f   libpostore:win32_svmstore.obj
 0001:00049110       _SS_create_database        0044a110 f   libpostore:win32_svmstore.obj
 0001:000495f0       _SS_initialize             0044a5f0 f   libpostore:win32_svmstore.obj
 0001:00049620       _SS_set_signal_handler     0044a620 f   libpostore:win32_svmstore.obj
 0001:00049710       _fnChmod                   0044a710 f   libpostore:win32_file.obj
 0001:00049750       _fnClose                   0044a750 f   libpostore:win32_file.obj
 0001:000497d0       _fnFcntl                   0044a7d0 f   libpostore:win32_file.obj
 0001:000497f0       _fnFsync                   0044a7f0 f   libpostore:win32_file.obj
 0001:00049860       _fnFtruncate               0044a860 f   libpostore:win32_file.obj
 0001:000498e0       _fnLockf                   0044a8e0 f   libpostore:win32_file.obj
 0001:000499f0       _fnLseek                   0044a9f0 f   libpostore:win32_file.obj
 0001:00049a90       _fnMkdir                   0044aa90 f   libpostore:win32_file.obj
 0001:00049ae0       _fnMkstemp                 0044aae0 f   libpostore:win32_file.obj
 0001:00049bb0       _fnOpen                    0044abb0 f   libpostore:win32_file.obj
 0001:00049ce0       _fnRead                    0044ace0 f   libpostore:win32_file.obj
 0001:00049d70       _fnUmask                   0044ad70 f   libpostore:win32_file.obj
 0001:00049da0       _fnUnlink                  0044ada0 f   libpostore:win32_file.obj
 0001:00049df0       _fnWrite                   0044adf0 f   libpostore:win32_file.obj
 0001:00049e80       _fnMmap                    0044ae80 f   libpostore:win32_mman.obj
 0001:0004a340       _fnMprotect                0044b340 f   libpostore:win32_mman.obj
 0001:0004a570       _fnMsync                   0044b570 f   libpostore:win32_mman.obj
 0001:0004a6a0       _fnMunmap                  0044b6a0 f   libpostore:win32_mman.obj
 0001:0004a7a0       _fnGetpagesize             0044b7a0 f   libpostore:win32_unistd.obj
 0001:0004a800       _fnFdHandle                0044b800 f   libpostore:win32_u2win32.obj
 0001:0004a860       _fnFdToFileHandle          0044b860 f   libpostore:win32_u2win32.obj
 0001:0004a890       _fnGetLastErrno            0044b890 f   libpostore:win32_u2win32.obj
 0001:0004a920       _svcerr_systemerr          0044b920 f   oncrpc:oncrpc.dll
 0001:0004a926       _svc_sendreply             0044b926 f   oncrpc:oncrpc.dll
 0001:0004a92c       _xdr_free                  0044b92c f   oncrpc:oncrpc.dll
 0001:0004a932       _xdr_void                  0044b932 f   oncrpc:oncrpc.dll
 0001:0004a938       _svctcp_create             0044b938 f   oncrpc:oncrpc.dll
 0001:0004a93e       _svc_register              0044b93e f   oncrpc:oncrpc.dll
 0001:0004a944       _rpc_nt_exit               0044b944 f   oncrpc:oncrpc.dll
 0001:0004a94a       _svcudp_create             0044b94a f   oncrpc:oncrpc.dll
 0001:0004a950       _pmap_unset                0044b950 f   oncrpc:oncrpc.dll
 0001:0004a956       _rpc_nt_init               0044b956 f   oncrpc:oncrpc.dll
 0001:0004a95c       _svc_run                   0044b95c f   oncrpc:oncrpc.dll
 0001:0004a962       _svcerr_noproc             0044b962 f   oncrpc:oncrpc.dll
 0001:0004a968       _svcerr_decode             0044b968 f   oncrpc:oncrpc.dll
 0001:0004a96e       _bzero                     0044b96e f   oncrpc:oncrpc.dll
 0001:0004a974       _xdr_enum                  0044b974 f   oncrpc:oncrpc.dll
 0001:0004a97a       _xdr_int                   0044b97a f   oncrpc:oncrpc.dll
 0001:0004a980       _xdr_bytes                 0044b980 f   oncrpc:oncrpc.dll
 0001:0004a986       _xdr_array                 0044b986 f   oncrpc:oncrpc.dll
 0001:0004a98c       _xdr_u_int                 0044b98c f   oncrpc:oncrpc.dll
 0001:0004a992       _xdr_float                 0044b992 f   oncrpc:oncrpc.dll
 0001:0004a998       _xdr_double                0044b998 f   oncrpc:oncrpc.dll
 0001:0004a99e       _xdr_string                0044b99e f   oncrpc:oncrpc.dll
 0001:0004a9a4       _xdr_bool                  0044b9a4 f   oncrpc:oncrpc.dll
 0001:0004a9aa       _xdr_opaque                0044b9aa f   oncrpc:oncrpc.dll
 0001:0004a9b0       _clnt_create               0044b9b0 f   oncrpc:oncrpc.dll
 0001:0004a9b6       _svc_unregister            0044b9b6 f   oncrpc:oncrpc.dll
 0001:0004a9bc       _abort                     0044b9bc f   msvcrt:MSVCRT.dll
 0001:0004a9c2       _sprintf                   0044b9c2 f   msvcrt:MSVCRT.dll
 0001:0004a9d0       __except_handler3          0044b9d0 f   msvcrt:MSVCRT.dll
 0001:0004a9d6       _free                      0044b9d6 f   msvcrt:MSVCRT.dll
 0001:0004a9dc       _exit                      0044b9dc f   msvcrt:MSVCRT.dll
 0001:0004a9e2       _fprintf                   0044b9e2 f   msvcrt:MSVCRT.dll
 0001:0004a9e8       _malloc                    0044b9e8 f   msvcrt:MSVCRT.dll
 0001:0004a9ee       _mainCRTStartup            0044b9ee f   msvcrt:crtexe.obj
 0001:0004aafe       _rename                    0044bafe f   msvcrt:MSVCRT.dll
 0001:0004ab04       __onexit                   0044bb04 f   msvcrt:atonexit.obj
 0001:0004ab30       _atexit                    0044bb30 f   msvcrt:atonexit.obj
 0001:0004ab42       __setjmp3                  0044bb42 f   msvcrt:MSVCRT.dll
 0001:0004ab48       __ftol                     0044bb48 f   msvcrt:MSVCRT.dll
 0001:0004ab4e       __seh_longjmp_unwind@4     0044bb4e f   msvcrt:MSVCRT.dll
 0001:0004ab54       __beginthread              0044bb54 f   msvcrt:MSVCRT.dll
 0001:0004ab60       __chkstk                   0044bb60 f   msvcrt:chkstk.obj
 0001:0004ab60       __alloca_probe             0044bb60 f   msvcrt:chkstk.obj
 0001:0004ab90       __XcptFilter               0044bb90 f   msvcrt:MSVCRT.dll
 0001:0004ab96       __initterm                 0044bb96 f   msvcrt:MSVCRT.dll
 0001:0004ab9c       __setdefaultprecision      0044bb9c f   msvcrt:fp8.obj
 0001:0004abae       __matherr                  0044bbae f   msvcrt:merr.obj
 0001:0004abb1       __setargv                  0044bbb1 f   msvcrt:dllargv.obj
 0001:0004abb2       ___dllonexit               0044bbb2 f   msvcrt:MSVCRT.dll
 0001:0004abb8       __controlfp                0044bbb8 f   msvcrt:MSVCRT.dll
 0001:0004abbe       _gethostname@8             0044bbbe f   ws2_32:WS2_32.dll
 0001:0004abc4       _WSAStartup@8              0044bbc4 f   ws2_32:WS2_32.dll
 0002:00000000       __imp__GetUserNameA@8      0044c000     advapi32:ADVAPI32.dll
 0002:00000004       \177ADVAPI32_NULL_THUNK_DATA 0044c004     advapi32:ADVAPI32.dll
 0002:00000008       __imp__VirtualProtect@16   0044c008     kernel32:KERNEL32.dll
 0002:0000000c       __imp__GetSystemInfo@4     0044c00c     kernel32:KERNEL32.dll
 0002:00000010       __imp__FlushViewOfFile@8   0044c010     kernel32:KERNEL32.dll
 0002:00000014       __imp__CreateFileMappingA@24 0044c014     kernel32:KERNEL32.dll
 0002:00000018       __imp__UnmapViewOfFile@4   0044c018     kernel32:KERNEL32.dll
 0002:0000001c       __imp__WriteFile@20        0044c01c     kernel32:KERNEL32.dll
 0002:00000020       __imp__DeleteFileA@4       0044c020     kernel32:KERNEL32.dll
 0002:00000024       __imp__ReadFile@20         0044c024     kernel32:KERNEL32.dll
 0002:00000028       __imp__MapViewOfFileEx@24  0044c028     kernel32:KERNEL32.dll
 0002:0000002c       __imp__GetTempPathA@8      0044c02c     kernel32:KERNEL32.dll
 0002:00000030       __imp__CreateFileA@28      0044c030     kernel32:KERNEL32.dll
 0002:00000034       __imp__CreateDirectoryA@8  0044c034     kernel32:KERNEL32.dll
 0002:00000038       __imp__SetFilePointer@16   0044c038     kernel32:KERNEL32.dll
 0002:0000003c       __imp__LockFileEx@24       0044c03c     kernel32:KERNEL32.dll
 0002:00000040       __imp__LockFile@20         0044c040     kernel32:KERNEL32.dll
 0002:00000044       __imp__UnlockFile@20       0044c044     kernel32:KERNEL32.dll
 0002:00000048       __imp__SetEndOfFile@4      0044c048     kernel32:KERNEL32.dll
[...]
 0001:0003d3f0       _fnBTreeMapStoreKey        0043e3f0 f   libserverplob:splobbtree.obj
 0001:0003d5a0       _fnBtreeMapGetKeyPtr       0043e5a0 f   libserverplob:splobbtree.obj
 0001:0003d640       _fnBTreeMapUnstoreKey      0043e640 f   libserverplob:splobbtree.obj
 0001:0003d690       _fnBTreeMapLocate          0043e690 f   libserverplob:splobbtree.obj
 0001:0003dc50       _fnBTreeMapDescending      0043ec50 f   libserverplob:splobbtree.obj
 0001:0003dea0       _fnBTreeMapAscending       0043eea0 f   libserverplob:splobbtree.obj
 0001:0003e120       _fnBTreeMapIncrement       0043f120 f   libserverplob:splobbtree.obj
 0001:0003e570       _fnBTreeMapSeekSetOrEnd    0043f570 f   libserverplob:splobbtree.obj
 0001:00035920       _mfnHeapInitializeInstance 00436920 f   libserverplob:splobheap.obj
 0001:00035980       _mfnHeapPrintObjectDetails 00436980 f   libserverplob:splobheap.obj
 0001:00035a40       _mfnHeapLockAcquired       00436a40 f   libserverplob:splobheap.obj
 0001:00035b50       _mfnHeapLockReleased       00436b50 f   libserverplob:splobheap.obj
 0001:00035be0       _mfnHeapObjectStateChanged 00436be0 f   libserverplob:splobheap.obj
 0001:00035ca0       _mfnHeapDestroy            00436ca0 f   libserverplob:splobheap.obj
 0001:00035dc0       _mfnHeapFlush              00436dc0 f   libserverplob:splobheap.obj
 0001:00035de0       _fnRestoreIdxTable         00436de0 f   libserverplob:splobheap.obj
 0001:00035fe0       _fnGetPlobHeap             00436fe0 f   libserverplob:splobheap.obj
 0001:00036160       _fnAllocateBuffer          00437160 f   libserverplob:splobheap.obj
 0001:000361d0       _fnRead                    004371d0 f   libserverplob:splobheap.obj
 0001:00036290       _fnWrite                   00437290 f   libserverplob:splobheap.obj
 0001:00036590       _fnSeek                    00437590 f   libserverplob:splobheap.obj
 0001:00036630       _fnFlush                   00437630 f   libserverplob:splobheap.obj
 0001:00036670       _fnTractFilename           00437670 f   libserverplob:splobheap.obj
 0001:00036720       _fnTractOpen               00437720 f   libserverplob:splobheap.obj
 0001:00036850       _fnTractClose              00437850 f   libserverplob:splobheap.obj
 0001:000368d0       _fnClose                   004378d0 f   libserverplob:splobheap.obj
 0001:00036920       _fnTractUnlink             00437920 f   libserverplob:splobheap.obj
 0001:00036980       _fnSaveTractIdx            00437980 f   libserverplob:splobheap.obj
 0001:00036cd0       _fnSaveVectorLock          00437cd0 f   libserverplob:splobheap.obj
 0001:00036f00       _fnSaveLock                00437f00 f   libserverplob:splobheap.obj
 0001:00036ff0       _fnUnsaveLock              00437ff0 f   libserverplob:splobheap.obj
 0001:000370e0       _fnSaveObject              004380e0 f   libserverplob:splobheap.obj
 0001:00037560       _fnTractRollback           00438560 f   libserverplob:splobheap.obj
 0001:00037e30       _fnTractUnlock             00438e30 f   libserverplob:splobheap.obj
 0001:0002ed00       _fnInitLockHeader          0042fd00 f   libserverplob:sploblock.obj
 0001:0002ed30       _mfnInitSumLock            0042fd30 f   libserverplob:sploblock.obj
 0001:0002ed70       _fnAddModeString           0042fd70 f   libserverplob:sploblock.obj
 0001:0002ee30       _fnSumLockLevel            0042fe30 f   libserverplob:sploblock.obj
 0001:0002ee70       _mfnPrintSumLock           0042fe70 f   libserverplob:sploblock.obj
 0001:0002ef90       _mfnInitOneLock            0042ff90 f   libserverplob:sploblock.obj
 0001:0002efc0       _mfnPrintOneLock           0042ffc0 f   libserverplob:sploblock.obj
 0001:0002f050       _mfnInitQueueEntry         00430050 f   libserverplob:sploblock.obj
 0001:0002f080       _fnGetSumLock              00430080 f   libserverplob:sploblock.obj
 0001:0002f150       _fnGetOneLock              00430150 f   libserverplob:sploblock.obj
 0001:0002f220       _fnGetQueueEntry           00430220 f   libserverplob:sploblock.obj
 0001:0002f2f0       _fnSHlock2LevelMode        004302f0 f   libserverplob:sploblock.obj
 0001:0002f3d0       _fnLevelMode2SHlock        004303d0 f   libserverplob:sploblock.obj
 0001:0002f410       _fnInsertVectorLock        00430410 f   libserverplob:sploblock.obj
 0001:0002f4d0       _fnSearchElementLock       004304d0 f   libserverplob:sploblock.obj
 0001:0002f7f0       _fnSearchVectorLock        004307f0 f   libserverplob:sploblock.obj
 0001:0002f910       _fnSearchStoreLock         00430910 f   libserverplob:sploblock.obj
 0001:0002f9a0       _fnSearchSumLock           004309a0 f   libserverplob:sploblock.obj
 0001:0002fa00       _fnSearchOneLock           00430a00 f   libserverplob:sploblock.obj
 0001:0002fc90       _fnGetCurrentSHlock        00430c90 f   libserverplob:sploblock.obj
 0001:0002fd30       _fnIncHolds                00430d30 f   libserverplob:sploblock.obj
 0001:0002fdc0       _fnLockGrant               00430dc0 f   libserverplob:sploblock.obj
 0001:0002fe80       _fnResolveConflicts        00430e80 f   libserverplob:sploblock.obj
 0001:00030090       _fnLockAcquire             00431090 f   libserverplob:sploblock.obj
 0001:00030390       _fnGetLockOfLevel          00431390 f   libserverplob:sploblock.obj
 0001:000304f0       _fnSetLockByLevelMode      004314f0 f   libserverplob:sploblock.obj
 0001:000310a0       _fnDeleteOneLock           004320a0 f   libserverplob:sploblock.obj
 0001:00031110       _fnDeleteElementLock       00432110 f   libserverplob:sploblock.obj
 0001:000311e0       _fnDeleteVectorLock        004321e0 f   libserverplob:sploblock.obj
 0001:00031220       _fnDeleteStoreLock         00432220 f   libserverplob:sploblock.obj
 0001:00031230       _fnDeleteSumLock           00432230 f   libserverplob:sploblock.obj
 0001:00031270       _fnLockRelease             00432270 f   libserverplob:sploblock.obj
 0001:00031690       _fnLockReleaseAll          00432690 f   libserverplob:sploblock.obj
 0001:000326b0       _fnLockInsertOnObject      004336b0 f   libserverplob:sploblock.obj
 0001:00032930       _fnLockInsertOnDependents  00433930 f   libserverplob:sploblock.obj
 0001:00034d70       _fnLockWait                00435d70 f   libserverplob:sploblock.obj
 0001:00034fa0       _fnLockWakeup              00435fa0 f   libserverplob:sploblock.obj
 0001:00035390       _fnLockEnqueue             00436390 f   libserverplob:sploblock.obj
 0001:00035600       _fnLockDequeue             00436600 f   libserverplob:sploblock.obj
 0001:0002bbb0       _fnLocateSymbols           0042cbb0 f   libserverplob:splobnumber.obj
 0001:0002c000       _mfnInitSingleFloat        0042d000 f   libserverplob:splobnumber.obj
 0001:0002c030       _mfnInitDoubleFloat        0042d030 f   libserverplob:splobnumber.obj
 0001:0002c060       _mfnInitBignum             0042d060 f   libserverplob:splobnumber.obj
 0001:0002c090       _mfnInitRatio              0042d090 f   libserverplob:splobnumber.obj
 0001:0002c0c0       _mfnInitComplex            0042d0c0 f   libserverplob:splobnumber.obj
 0001:0002c0f0       _mfnPrintSingleFloat       0042d0f0 f   libserverplob:splobnumber.obj
 0001:0002c120       _mfnPrintDoubleFloat       0042d120 f   libserverplob:splobnumber.obj
 0001:0002c140       _mfnPrintBignum            0042d140 f   libserverplob:splobnumber.obj
 0001:0002c570       _fnPrintRorC               0042d570 f   libserverplob:splobnumber.obj
 0001:0002c9e0       _mfnPrintRatio             0042d9e0 f   libserverplob:splobnumber.obj
 0001:0002ca10       _mfnPrintComplex           0042da10 f   libserverplob:splobnumber.obj
 0001:0002ca40       _mfnBignumValues           0042da40 f   libserverplob:splobnumber.obj
 0001:0002ca60       _mfnBignumValueTypeTag     0042da60 f   libserverplob:splobnumber.obj
 0001:0002ca70       _fnObjId2Double            0042da70 f   libserverplob:splobnumber.obj
 0001:00029cc0       _mfnPrintSymbol            0042acc0 f   libserverplob:splobtype.obj
 0001:00029ce0       _mfnPrintFunction          0042ace0 f   libserverplob:splobtype.obj
 0001:00029d20       _mfnSymbolNameOf           0042ad20 f   libserverplob:splobtype.obj
 0001:00029df0       _mfnFunctionNameOf         0042adf0 f   libserverplob:splobtype.obj
 0001:00029e90       _mfnSymbolCompare          0042ae90 f   libserverplob:splobtype.obj
 0001:00029ec0       _mfnCStringCompare         0042aec0 f   libserverplob:splobtype.obj
 0001:00028400       _fnInstanceVector          00429400 f   libserverplob:splobclos.obj
 0001:00028470       _fnLocateDescrVector       00429470 f   libserverplob:splobclos.obj
 0001:00028650       _mfnPrintInstance          00429650 f   libserverplob:splobclos.obj
 0001:00027070       _fnAdd1Name                00428070 f   libserverplob:splobstruct.obj
 0001:000274b0       _mfnPrintStructure         004284b0 f   libserverplob:splobstruct.obj
 0001:00027a00       _fnLocatePackage           00428a00 f   libserverplob:splobstruct.obj
 0001:00027c60       _fnLocateSymbol            00428c60 f   libserverplob:splobstruct.obj
 0001:00025e50       _mfnInitIVector            00426e50 f   libserverplob:splobsequ.obj
 0001:00025e80       _mfnInitArray              00426e80 f   libserverplob:splobsequ.obj
 0001:00025f00       _mfnInitString             00426f00 f   libserverplob:splobsequ.obj
 0001:00025f30       _mfnInitBitVector          00426f30 f   libserverplob:splobsequ.obj
 0001:00025f60       _mfnPrintCons              00426f60 f   libserverplob:splobsequ.obj
 0001:000261d0       _mfnPrintArray             004271d0 f   libserverplob:splobsequ.obj
 0001:000264c0       _mfnPrintString            004274c0 f   libserverplob:splobsequ.obj
 0001:00026550       _mfnPrintBitVector         00427550 f   libserverplob:splobsequ.obj
 0001:00026580       _mfnPrintVector            00427580 f   libserverplob:splobsequ.obj
 0001:000265c0       _mfnPrintIVector           004275c0 f   libserverplob:splobsequ.obj
 0001:00026710       _mfnStringNameOf           00427710 f   libserverplob:splobsequ.obj
 0001:00026760       _mfnStringValues           00427760 f   libserverplob:splobsequ.obj
 0001:00026780       _mfnBitVectorValues        00427780 f   libserverplob:splobsequ.obj
 0001:000267a0       _mfnIVectorValues          004277a0 f   libserverplob:splobsequ.obj
 0001:00026800       _mfnStringValueTypeTag     00427800 f   libserverplob:splobsequ.obj
 0001:00026810       _mfnBitVectorValueTypeTag  00427810 f   libserverplob:splobsequ.obj
 0001:00026820       _mfnIVectorValueTypeTag    00427820 f   libserverplob:splobsequ.obj
 0001:00026890       _mfnStringCompare          00427890 f   libserverplob:splobsequ.obj
 0001:0001f060       _fnWaitForExit             00420060 f   libserverplob:splob.obj
 0001:0001faf0       _fnHelp                    00420af0 f   libserverplob:splob.obj
 0001:0001fb60       _mfnPrintZombie            00420b60 f   libserverplob:splob.obj
 0001:0001fbd0       _fnGC                      00420bd0 f   libserverplob:splob.obj
 0001:00020be0       _fnRecycleObject           00421be0 f   libserverplob:splob.obj
 0001:00021580       _fnMakeZombie              00422580 f   libserverplob:splob.obj
 0001:00021e00       _fnEnumSessionKill         00422e00 f   libserverplob:splob.obj
 0001:00023920       _fnEnumSessionFlush        00424920 f   libserverplob:splob.obj
 0001:00023940       _fnStabilise               00424940 f   libserverplob:splob.obj
 0001:0001e190       _fnRestart                 0041f190 f   libserverplob:splobadmin.obj
 0001:0001e280       _fnReset                   0041f280 f   libserverplob:splobadmin.obj
 0001:0001e2d0       _fnSigTerm                 0041f2d0 f   libserverplob:splobadmin.obj
 0001:0001e390       _fnExitOrRestart           0041f390 f   libserverplob:splobadmin.obj
 0001:0001a1e0       _mfnInitRoot               0041b1e0 f   libserverplob:splobroot.obj
 0001:0001a220       _mfnPrintRoot              0041b220 f   libserverplob:splobroot.obj
 0001:0001a260       _mfnInitUser               0041b260 f   libserverplob:splobroot.obj
 0001:0001a280       _mfnUserNameOf             0041b280 f   libserverplob:splobroot.obj
 0001:0001a340       _mfnPrintUser              0041b340 f   libserverplob:splobroot.obj
 0001:0001a3b0       _mfnUserCompare            0041b3b0 f   libserverplob:splobroot.obj
 0001:0001a3e0       _mfnInitMach               0041b3e0 f   libserverplob:splobroot.obj
 0001:0001a400       _mfnMachNameOf             0041b400 f   libserverplob:splobroot.obj
 0001:0001a4c0       _mfnPrintMach              0041b4c0 f   libserverplob:splobroot.obj
 0001:0001a5b0       _mfnMachCompare            0041b5b0 f   libserverplob:splobroot.obj
 0001:0001a640       _fnGetPlobRoot             0041b640 f   libserverplob:splobroot.obj
 0001:0001a860       _fnGetPlobUser             0041b860 f   libserverplob:splobroot.obj
 0001:0001a920       _fnGetPlobMach             0041b920 f   libserverplob:splobroot.obj
 0001:0001b660       _fnEnumMachSearch          0041c660 f   libserverplob:splobroot.obj
 0001:00018200       _fnServerMkLogPrompt       00419200 f   libserverplob:splobmisc.obj
 0001:00018260       _fnErrorHandler            00419260 f   libserverplob:splobmisc.obj
 0001:00018670       _fnPeekHandleFree          00419670 f   libserverplob:splobmisc.obj
 0001:0004a830       _fnInitializeU2win32Module 0044b830 f   libpostore:win32_u2win32.obj
 0001:0004a7e0       _fnInitializeUnistdModule  0044b7e0 f   libpostore:win32_unistd.obj
 0001:0004a190       _fnBitVectorCreate         0044b190 f   libpostore:win32_mman.obj
 0001:0004a200       _fnBitVectorDestroy        0044b200 f   libpostore:win32_mman.obj
 0001:0004a230       _fnBitVectorGetError       0044b230 f   libpostore:win32_mman.obj
 0001:0004a260       _fnBitVectorSet            0044b260 f   libpostore:win32_mman.obj
 0001:0004a2c0       _fnBitVectorSetError       0044b2c0 f   libpostore:win32_mman.obj
 0001:0004a2f0       _fnInitializeMmanModule    0044b2f0 f   libpostore:win32_mman.obj
 0001:00049730       _fnInitializeFileModule    0044a730 f   libpostore:win32_file.obj
 0001:000468e0       _close_disk                004478e0 f   libpostore:win32_svmstore.obj
 0001:00046920       _unmap_disk                00447920 f   libpostore:win32_svmstore.obj
 0001:00046970       _fnError                   00447970 f   libpostore:win32_svmstore.obj
 0001:00046a60       _reset_freelist            00447a60 f   libpostore:win32_svmstore.obj
 0001:00046aa0       _write_root                00447aa0 f   libpostore:win32_svmstore.obj
 0001:00046b40       _memcopy                   00447b40 f   libpostore:win32_svmstore.obj
 0001:00046b70       _sync_root                 00447b70 f   libpostore:win32_svmstore.obj
 0001:00046bb0       _sync_pages                00447bb0 f   libpostore:win32_svmstore.obj
 0001:00046d40       _shadow_pte                00447d40 f   libpostore:win32_svmstore.obj
 0001:00046da0       _sync_page                 00447da0 f   libpostore:win32_svmstore.obj
 0001:00046e20       _move_page                 00447e20 f   libpostore:win32_svmstore.obj
 0001:00046ee0       _extend_store              00447ee0 f   libpostore:win32_svmstore.obj
 0001:00046f40       _remmap_page               00447f40 f   libpostore:win32_svmstore.obj
 0001:00047650       _map_page                  00448650 f   libpostore:win32_svmstore.obj
 0001:00047740       _FLSet                     00448740 f   libpostore:win32_svmstore.obj
 0001:00047780       _FLSearch                  00448780 f   libpostore:win32_svmstore.obj
 0001:000477f0       _FLBitSearch               004487f0 f   libpostore:win32_svmstore.obj
 0001:00047830       _shadow_copy               00448830 f   libpostore:win32_svmstore.obj
 0001:000478f0       _RLClear                   004488f0 f   libpostore:win32_svmstore.obj
 0001:00047f00       _unmap_page                00448f00 f   libpostore:win32_svmstore.obj
 0001:000480a0       _init_store                004490a0 f   libpostore:win32_svmstore.obj
 0001:000480f0       _open_disk                 004490f0 f   libpostore:win32_svmstore.obj
 0001:00048450       _reorderStore              00449450 f   libpostore:win32_svmstore.obj
 0001:00048670       _reorderPage               00449670 f   libpostore:win32_svmstore.obj
 0001:000486b0       _get_suitable_va           004496b0 f   libpostore:win32_svmstore.obj
 0001:00048780       _setup_freelist            00449780 f   libpostore:win32_svmstore.obj
 0001:00048830       _clear_freelist            00449830 f   libpostore:win32_svmstore.obj
 0001:00048860       _allocate_shadowBlocks     00449860 f   libpostore:win32_svmstore.obj
 0001:000488b0       _read_root                 004498b0 f   libpostore:win32_svmstore.obj
 0001:000488d0       _restore_pages             004498d0 f   libpostore:win32_svmstore.obj
 0001:00048aa0       _remmap_page_restore       00449aa0 f   libpostore:win32_svmstore.obj
 0001:00048b40       _setup_root_pages          00449b40 f   libpostore:win32_svmstore.obj
 0001:00048bc0       _setup_length_info         00449bc0 f   libpostore:win32_svmstore.obj
 0001:00048cb0       _inc_restart_clock         00449cb0 f   libpostore:win32_svmstore.obj
 0001:00048ed0       _init_store_compact        00449ed0 f   libpostore:win32_svmstore.obj
 0001:00048f10       _restore_pages_compact     00449f10 f   libpostore:win32_svmstore.obj
 0001:00049030       _compact_store             0044a030 f   libpostore:win32_svmstore.obj
 0001:000490e0       _getHighestUsed            0044a0e0 f   libpostore:win32_svmstore.obj
 0001:00049480       _fill_root_page            0044a480 f   libpostore:win32_svmstore.obj
 0001:000494e0       _writepagetablestart       0044a4e0 f   libpostore:win32_svmstore.obj
 0001:00049560       _writezeropages            0044a560 f   libpostore:win32_svmstore.obj
 0001:00049660       _page_fault                0044a660 f   libpostore:win32_svmstore.obj
 0001:00044fd0       _save_controls             00445fd0 f   libpostore:win32_sheap.obj
 0001:00045350       _gc_1_sheap                00446350 f   libpostore:win32_sheap.obj
 0001:000453b0       _gc_2_sheap                004463b0 f   libpostore:win32_sheap.obj
 0001:00045530       _gc_3_sheap                00446530 f   libpostore:win32_sheap.obj
 0001:000455b0       _gc_4_sheap                004465b0 f   libpostore:win32_sheap.obj
 0001:00045730       _sheap_error               00446730 f   libpostore:win32_sheap.obj
 0001:000457b0       _copy_object               004467b0 f   libpostore:win32_sheap.obj
 0001:00045e70       _remap_stabilise           00446e70 f   libpostore:win32_sheap.obj
 0001:00045ec0       _remap_sheap               00446ec0 f   libpostore:win32_sheap.obj
 0001:000461e0       _init_sheap                004471e0 f   libpostore:win32_sheap.obj
 0001:00046310       _sstore_error              00447310 f   libpostore:win32_sheap.obj
 0001:00046330       _sheap_save                00447330 f   libpostore:win32_sheap.obj
 0001:00046340       _sheap_restore             00447340 f   libpostore:win32_sheap.obj
 0001:00046350       _sheap_write_fault         00447350 f   libpostore:win32_sheap.obj
 0001:000463b0       _sheap_page_fault          004473b0 f   libpostore:win32_sheap.obj
 0001:000463f0       _init_SS_Real_Address      004473f0 f   libpostore:win32_sheap.obj
 0001:00046420       _extract_controls          00447420 f   libpostore:win32_sheap.obj
 0001:000464c0       _initialise_controls       004474c0 f   libpostore:win32_sheap.obj
 0001:00046620       _initial_map               00447620 f   libpostore:win32_sheap.obj
 0001:000466a0       _gc_remap                  004476a0 f   libpostore:win32_sheap.obj
 0001:00044c10       _fnInitializeSiginfoModule 00445c10 f   libpostore:win32_win32sig.obj
 0001:00044c60       _fnMapExceptionToSignal    00445c60 f   libpostore:win32_win32sig.obj
 0001:00044d40       _fnFillSignalContext       00445d40 f   libpostore:win32_win32sig.obj
