 plobd

 Timestamp is 37bf4934 (Sun Aug 22 02:49:56 1999)

 Preferred load address is 00400000

 Start         Length     Name                   Class
 0001:00000000 0004a9b8H .text                   CODE
 0002:00000000 00008d4cH .rdata                  DATA
 0002:00008d50 00002907H .edata                  DATA
 0003:00000000 00000004H .CRT$XCA                DATA
 0003:00000004 00000004H .CRT$XCZ                DATA
 0003:00000008 00000004H .CRT$XIA                DATA
 0003:0000000c 00000004H .CRT$XIZ                DATA
 0003:00000010 00009b14H .data                   DATA
 0003:00009b28 0002315cH .bss                    DATA
 0004:00000000 00000064H .idata$2                DATA
 0004:00000064 00000014H .idata$3                DATA
 0004:00000078 00000214H .idata$4                DATA
 0004:0000028c 00000214H .idata$5                DATA
 0004:000004a0 00000642H .idata$6                DATA
 0005:00000000 00000178H .rsrc$01                DATA
 0005:00000180 00001bccH .rsrc$02                DATA

  Address         Publics by Value              Rva+Base   Lib:Object

 0001:00000000       _fnLISPsuspendCallback     00401000 f splobcallb.obj
 0001:00000020       _fnLISPwakeupCallback      00401020 f splobcallb.obj
 0001:00000040       _fnLISPerrorCallback       00401040 f splobcallb.obj
 0001:000001d0       _fnPlobdGetVersion         004011d0 f plobdsvc.obj
 0001:000001e0       _fnPlobdSetVersion         004011e0 f plobdsvc.obj
 0001:000001f0       _fnPlobdGetPortOffset      004011f0 f plobdsvc.obj
 0001:00000200       _fnPlobdGetPort            00401200 f plobdsvc.obj
 0001:00000210       _fnPlobdSetPort            00401210 f plobdsvc.obj
 0001:00000220       _fnServerPlobdRequest      00401220 f plobdsvc.obj
 0001:00000230       _fnServerPlobdReply        00401230 f plobdsvc.obj
 0001:00000340       _fnrpc_fnclientdbreadroot_1 00401340 f plobdsvc.obj
 0001:00000490       _fnrpc_fnserverdbwriteroot_1 00401490 f plobdsvc.obj
 0001:000005e0       _fnrpc_fnclientdbsessions_1 004015e0 f plobdsvc.obj
 0001:00000730       _fnrpc_fnservergetversion_1 00401730 f plobdsvc.obj
 0001:00000880       _fnrpc_fnclientdbcreatemachine_1 00401880 f plobdsvc.obj
 0001:000009d0       _fnrpc_fnclientmachineloginp_1 004019d0 f plobdsvc.obj
 0001:00000b20       _fnrpc_fnclientmachineaddr_1 00401b20 f plobdsvc.obj
 0001:00000d10       _fnrpc_fnclientdbmachinesearch_1 00401d10 f plobdsvc.obj
 0001:00000e60       _fnrpc_fnclientdbmachinedelete_1 00401e60 f plobdsvc.obj
 0001:00000fb0       _fnrpc_fnclientdbmachineinsert_1 00401fb0 f plobdsvc.obj
 0001:00001100       _fnrpc_fnclientdbmachines_1 00402100 f plobdsvc.obj
 0001:00001250       _fnrpc_fnservergetportbydirectory_1 00402250 f plobdsvc.obj
 0001:000013a0       _fnrpc_fnservergetpid_1    004023a0 f plobdsvc.obj
 0001:000014e0       _fnrpc_fnservergetdirectory_1 004024e0 f plobdsvc.obj
 0001:000016c0       _fnrpc_fnserverexit_1      004026c0 f plobdsvc.obj
 0001:00001810       _fnrpc_fnserverdbreset_1   00402810 f plobdsvc.obj
 0001:00001960       _fnrpc_fnserverrestart_1   00402960 f plobdsvc.obj
 0001:00001ab0       _fnrpc_fnclientobjectcanmodify_1 00402ab0 f plobdsvc.obj
 0001:00001c00       _fnrpc_fnserverdbclose_batch_1 00402c00 f plobdsvc.obj
 0001:00001cb0       _fnrpc_fnclientdbconfiguration_1 00402cb0 f plobdsvc.obj
 0001:00001e10       _fnrpc_fnserverdbcreateobject_1 00402e10 f plobdsvc.obj
 0001:00001f70       _fnrpc_fnserverdbcreateobjects_1 00402f70 f plobdsvc.obj
 0001:00002170       _fnrpc_fnserverobjectdestroy_batch_1 00403170 f plobdsvc.obj
 0001:00002220       _fnrpc_fnserverobjectobjidsize_1 00403220 f plobdsvc.obj
 0001:00002370       _fnrpc_fnserverdbopen_1    00403370 f plobdsvc.obj
 0001:000024d0       _fnrpc_fnserverobjectflush_1 004034d0 f plobdsvc.obj
 0001:00002620       _fnrpc_fnserverobjectreadatindex_1 00403620 f plobdsvc.obj
 0001:00002780       _fnrpc_fnserverobjectreadatindices_1 00403780 f plobdsvc.obj
 0001:00002a10       _fnrpc_fnserverobjectreadobjid_1 00403a10 f plobdsvc.obj
 0001:00002b70       _fnrpc_fnserverobjectreadvalues_1 00403b70 f plobdsvc.obj
 0001:00002d80       _fnrpc_fnclientdbstatistics_1 00403d80 f plobdsvc.obj
 0001:00002ef0       _fnrpc_fnserverdbstabilise_batch_1 00403ef0 f plobdsvc.obj
 0001:00002f90       _fnrpc_fnserverobjecttypetag_1 00403f90 f plobdsvc.obj
 0001:000030e0       _fnrpc_fnserverobjectvaluesize_1 004040e0 f plobdsvc.obj
 0001:00003230       _fnrpc_fnserverobjectwriteatindex_1 00404230 f plobdsvc.obj
 0001:00003390       _fnrpc_fnserverobjectwriteatindices_1 00404390 f plobdsvc.obj
 0001:000034f0       _fnrpc_fnserverobjectwriteobjid_1 004044f0 f plobdsvc.obj
 0001:00003650       _fnrpc_fnserverobjectwritevalues_1 00404650 f plobdsvc.obj
 0001:000037b0       _fnrpc_fnshortmakedependent_1 004047b0 f plobdsvc.obj
 0001:00003900       _fnrpc_fnserverobjectpeekslots_1 00404900 f plobdsvc.obj
 0001:00003af0       _fnrpc_fnserverobjectpeekvalues_1 00404af0 f plobdsvc.obj
 0001:00003db0       _fnrpc_fnserverobjectpoke_batch_1 00404db0 f plobdsvc.obj
 0001:00003e70       _fnrpc_fnflushmode_1       00404e70 f plobdsvc.obj
 0001:00003fc0       _fnrpc_fnflagword_1        00404fc0 f plobdsvc.obj
 0001:00004110       _fnrpc_fnshortmakeivector_1 00405110 f plobdsvc.obj
 0001:00004260       _fnrpc_fnshortmakestring_1 00405260 f plobdsvc.obj
 0001:000043b0       _fnrpc_fnserverdbcreatestructures_1 004053b0 f plobdsvc.obj
 0001:000045b0       _fnrpc_fnserverdbcreateinstances_1 004055b0 f plobdsvc.obj
 0001:00004830       _fnrpc_fnserverinstancewritewrapper_1 00405830 f plobdsvc.obj
 0001:00004980       _fnrpc_fnserverinstancewritedata_1 00405980 f plobdsvc.obj
 0001:00004ad0       _fnrpc_fnserverdbtypetagname_1 00405ad0 f plobdsvc.obj
 0001:00004c20       _fnrpc_fnserverobjectprettyprint_1 00405c20 f plobdsvc.obj
 0001:00004e00       _fnrpc_fnshortprintsymbol_1 00405e00 f plobdsvc.obj
 0001:00004fe0       _fnrpc_fnshortmakesinglefloat_1 00405fe0 f plobdsvc.obj
 0001:00005130       _fnrpc_fnshortmakedoublefloat_1 00406130 f plobdsvc.obj
 0001:00005280       _fnrpc_fnserverdbmakebignum_1 00406280 f plobdsvc.obj
 0001:000053d0       _fnrpc_fnserverobjectreadbignum_1 004063d0 f plobdsvc.obj
 0001:000055c0       _fnrpc_fnserverobjectreaddoublefloat_1 004065c0 f plobdsvc.obj
 0001:00005710       _fnrpc_fnserverobjectreadfixnum_1 00406710 f plobdsvc.obj
 0001:00005870       _fnrpc_fnserverobjectreadsinglefloat_1 00406870 f plobdsvc.obj
 0001:000059c0       _fnrpc_fnserverobjectwritebignum_1 004069c0 f plobdsvc.obj
 0001:00005b20       _fnrpc_fnserverobjectwritedoublefloat_1 00406b20 f plobdsvc.obj
 0001:00005c70       _fnrpc_fnserverobjectwritefixnum_1 00406c70 f plobdsvc.obj
 0001:00005dd0       _fnrpc_fnserverobjectwritesinglefloat_1 00406dd0 f plobdsvc.obj
 0001:00005f20       _fnrpc_fnclientlockprint_1 00406f20 f plobdsvc.obj
 0001:00006070       _fnrpc_fnclienttransactionlockget_1 00407070 f plobdsvc.obj
 0001:000061d0       _fnrpc_fnservertransactionlockinsert_1 004071d0 f plobdsvc.obj
 0001:00006340       _fnrpc_fnservertransactionlockset_1 00407340 f plobdsvc.obj
 0001:000064b0       _fnrpc_fnservertransactionunlock_1 004074b0 f plobdsvc.obj
 0001:00006610       _fnrpc_fnservertransactionunlockall_1 00407610 f plobdsvc.obj
 0001:00006760       _fnrpc_fnservertransactionunlockallall_1 00407760 f plobdsvc.obj
 0001:000068b0       _fnrpc_fnshortmakereadonly_1 004078b0 f plobdsvc.obj
 0001:00006a00       _fnrpc_fnservertransactionbegin_1 00407a00 f plobdsvc.obj
 0001:00006b50       _fnrpc_fnservertransactioncancel_1 00407b50 f plobdsvc.obj
 0001:00006ca0       _fnrpc_fnservertransactionend_1 00407ca0 f plobdsvc.obj
 0001:00006df0       _fnrpc_fnservertransactionflush_batch_1 00407df0 f plobdsvc.obj
 0001:00006e90       _fnrpc_fnserverdbtransactionp_1 00407e90 f plobdsvc.obj
 0001:00006fe0       _fnrpc_fnclientbtreeclear_1 00407fe0 f plobdsvc.obj
 0001:00007130       _fnrpc_fnclientbtreecount_1 00408130 f plobdsvc.obj
 0001:00007280       _fnrpc_fnserverbtreedelete_1 00408280 f plobdsvc.obj
 0001:000073d0       _fnrpc_fnserverbtreedeletebyfloat_1 004083d0 f plobdsvc.obj
 0001:00007520       _fnrpc_fnserverbtreedeletebydouble_1 00408520 f plobdsvc.obj
 0001:00007670       _fnrpc_fnserverbtreedeletebystring_1 00408670 f plobdsvc.obj
 0001:000077c0       _fnrpc_fnserverbtreeinsert_1 004087c0 f plobdsvc.obj
 0001:00007920       _fnrpc_fnserverbtreeinsertbyfloat_1 00408920 f plobdsvc.obj
 0001:00007a80       _fnrpc_fnserverbtreeinsertbydouble_1 00408a80 f plobdsvc.obj
 0001:00007be0       _fnrpc_fnserverbtreeinsertbystring_1 00408be0 f plobdsvc.obj
 0001:00007d40       _fnrpc_fnserverbtreemapsearch_1 00408d40 f plobdsvc.obj
 0001:00007eb0       _fnrpc_fnserverbtreemapsearchbyfloat_1 00408eb0 f plobdsvc.obj
 0001:00008020       _fnrpc_fnserverbtreemapsearchbydouble_1 00409020 f plobdsvc.obj
 0001:00008190       _fnrpc_fnserverbtreemapsearchbystring_1 00409190 f plobdsvc.obj
 0001:00008300       _fnrpc_fnserverbtreemapseek_1 00409300 f plobdsvc.obj
 0001:00008470       _fnrpc_fnserverbtreemapseekset_1 00409470 f plobdsvc.obj
 0001:000085d0       _fnrpc_fnserverbtreemapfirst_1 004095d0 f plobdsvc.obj
 0001:00008940       _fnrpc_fnserverbtreemapfirstbyfloat_1 00409940 f plobdsvc.obj
 0001:00008cb0       _fnrpc_fnserverbtreemapfirstbydouble_1 00409cb0 f plobdsvc.obj
 0001:00009020       _fnrpc_fnserverbtreemapfirstbystring_1 0040a020 f plobdsvc.obj
 0001:00009390       _fnrpc_fnclientbtreemapnext_1 0040a390 f plobdsvc.obj
 0001:000096e0       _fnrpc_fnclientbtreemaplast_1 0040a6e0 f plobdsvc.obj
 0001:00009830       _fnrpc_fnclientbtreeprint_1 0040a830 f plobdsvc.obj
 0001:00009980       _fnrpc_fnserverbtreesearch_1 0040a980 f plobdsvc.obj
 0001:00009af0       _fnrpc_fnserverbtreesearchbyfloat_1 0040aaf0 f plobdsvc.obj
 0001:00009c60       _fnrpc_fnserverbtreesearchbydouble_1 0040ac60 f plobdsvc.obj
 0001:00009dd0       _fnrpc_fnserverbtreesearchbystring_1 0040add0 f plobdsvc.obj
 0001:00009f40       _fnrpc_fnclientbtreeroot_1 0040af40 f plobdsvc.obj
 0001:0000a090       _fnrpc_fnclientbtreesize_1 0040b090 f plobdsvc.obj
 0001:0000a1e0       _fnrpc_fnclientbtreetestmode_1 0040b1e0 f plobdsvc.obj
 0001:0000a330       _fnrpc_fnclientbtreepagesize_1 0040b330 f plobdsvc.obj
 0001:0000a480       _fnrpc_fnclientbtreepageparent_1 0040b480 f plobdsvc.obj
 0001:0000a5d0       _fnrpc_fnclientbtreepagecount_1 0040b5d0 f plobdsvc.obj
 0001:0000a720       _fnrpc_fnclientbtreepagegetsize_1 0040b720 f plobdsvc.obj
 0001:0000a870       _fnrpc_fnclientbtreepageitem_1 0040b870 f plobdsvc.obj
 0001:0000ac20       _main                      0040bc20 f plobdsvc.obj
 0001:0000ac40       _fnMain                    0040bc40 f plobdsvc.obj
 0001:0000b920       _xdr_GETVERSION            0040c920 f plobdxdr.obj
 0001:0000b940       _xdr_MACHLOGINP            0040c940 f plobdxdr.obj
 0001:0000b960       _xdr_LISPROOTIDX           0040c960 f plobdxdr.obj
 0001:0000b980       _xdr_SHSYMBOLIDX           0040c980 f plobdxdr.obj
 0001:0000b9a0       _xdr_SHFUNCTIONIDX         0040c9a0 f plobdxdr.obj
 0001:0000b9c0       _xdr_SHTLATTERIDX          0040c9c0 f plobdxdr.obj
 0001:0000b9e0       _xdr_SHTYPETAG             0040c9e0 f plobdxdr.obj
 0001:0000ba00       _xdr_ERRLVL                0040ca00 f plobdxdr.obj
 0001:0000ba20       _xdr_GETACTION             0040ca20 f plobdxdr.obj
 0001:0000ba40       _xdr_SHLOCK                0040ca40 f plobdxdr.obj
 0001:0000ba60       _xdr_DAYLIGHTSAVINGTIME    0040ca60 f plobdxdr.obj
 0001:0000ba80       _xdr_DEPENDENTMODE         0040ca80 f plobdxdr.obj
 0001:0000baa0       _xdr_NUMERICSTDSTREAM      0040caa0 f plobdxdr.obj
 0001:0000bac0       _xdr_FLUSHMODE             0040cac0 f plobdxdr.obj
 0001:0000bae0       _xdr_FLAGMODE              0040cae0 f plobdxdr.obj
 0001:0000bb00       _xdr_SHCONSIDX             0040cb00 f plobdxdr.obj
 0001:0000bb20       _xdr_SHVECTORIDX           0040cb20 f plobdxdr.obj
 0001:0000bb40       _xdr_IVECTORTAG            0040cb40 f plobdxdr.obj
 0001:0000bb60       _xdr_IVECTORIDX            0040cb60 f plobdxdr.obj
 0001:0000bb80       _xdr_SHARRAYIDX            0040cb80 f plobdxdr.obj
 0001:0000bba0       _xdr_SHSTRINGIDX           0040cba0 f plobdxdr.obj
 0001:0000bbc0       _xdr_SHBITVECTORIDX        0040cbc0 f plobdxdr.obj
 0001:0000bbe0       _xdr_SHSTRUCTIDX           0040cbe0 f plobdxdr.obj
 0001:0000bc00       _xdr_SHSTRUCTDESCIDX       0040cc00 f plobdxdr.obj
 0001:0000bc20       _xdr_SHSTRUCTSLOTDESCIDX   0040cc20 f plobdxdr.obj
 0001:0000bc40       _xdr_SHPACKAGEIDX          0040cc40 f plobdxdr.obj
 0001:0000bc60       _xdr_SHINSTIDX             0040cc60 f plobdxdr.obj
 0001:0000bc80       _xdr_SHPLOBDESCRIDX        0040cc80 f plobdxdr.obj
 0001:0000bca0       _xdr_SHCLASSDESCRIDX       0040cca0 f plobdxdr.obj
 0001:0000bcc0       _xdr_SHCLASSLOTIDX         0040ccc0 f plobdxdr.obj
 0001:0000bce0       _xdr_SHDIRCLASSLOTIDX      0040cce0 f plobdxdr.obj
 0001:0000bd00       _xdr_SHEFFCLASSLOTIDX      0040cd00 f plobdxdr.obj
 0001:0000bd20       _xdr_SHMETHODIDX           0040cd20 f plobdxdr.obj
 0001:0000bd40       _xdr_COMPARETAG            0040cd40 f plobdxdr.obj
 0001:0000bd60       _xdr_TYPEFLAGS             0040cd60 f plobdxdr.obj
 0001:0000bd80       _xdr_SHRATIOIDX            0040cd80 f plobdxdr.obj
 0001:0000bda0       _xdr_SHCOMPLEXIDX          0040cda0 f plobdxdr.obj
 0001:0000bdc0       _xdr_SHBIGNUMIDX           0040cdc0 f plobdxdr.obj
 0001:0000bde0       _xdr_READONLYMODE          0040cde0 f plobdxdr.obj
 0001:0000be00       _xdr_SHHEAPIDX             0040ce00 f plobdxdr.obj
 0001:0000be20       _xdr_BTREERESULT           0040ce20 f plobdxdr.obj
 0001:0000be40       _xdr_SHBTREEIDX            0040ce40 f plobdxdr.obj
 0001:0000be60       _xdr_SEEK                  0040ce60 f plobdxdr.obj
 0001:0000be80       _xdr_psint                 0040ce80 f plobdxdr.obj
 0001:0000bea0       _xdr_SHORTOBJID            0040cea0 f plobdxdr.obj
 0001:0000bec0       _xdr_OBJID                 0040cec0 f plobdxdr.obj
 0001:0000bee0       _xdr_TRACTID               0040cee0 f plobdxdr.obj
 0001:0000bf00       _xdr_as_is_vector_t        0040cf00 f plobdxdr.obj
 0001:0000bf20       _xdr_void_vector_t         0040cf20 f plobdxdr.obj
 0001:0000bf40       _xdr_int_vector_t          0040cf40 f plobdxdr.obj
 0001:0000bf70       _xdr_u_int_vector_t        0040cf70 f plobdxdr.obj
 0001:0000bfa0       _xdr_float_vector_t        0040cfa0 f plobdxdr.obj
 0001:0000bfd0       _xdr_double_vector_t       0040cfd0 f plobdxdr.obj
 0001:0000c000       _xdr_string_t              0040d000 f plobdxdr.obj
 0001:0000c020       _xdr_fnClientDbReadRoot_rets 0040d020 f plobdxdr.obj
 0001:0000c070       _xdr_fnServerDbWriteRoot_rets 0040d070 f plobdxdr.obj
 0001:0000c0c0       _xdr_fnServerDbWriteRoot_args 0040d0c0 f plobdxdr.obj
 0001:0000c100       _xdr_fnClientDbSessions_rets 0040d100 f plobdxdr.obj
 0001:0000c150       _xdr_fnServerGetVersion_rets 0040d150 f plobdxdr.obj
 0001:0000c1a0       _xdr_fnServerGetVersion_args 0040d1a0 f plobdxdr.obj
 0001:0000c1e0       _xdr_fnClientDbCreateMachine_rets 0040d1e0 f plobdxdr.obj
 0001:0000c230       _xdr_fnClientDbCreateMachine_args 0040d230 f plobdxdr.obj
 0001:0000c280       _xdr_fnClientMachineLoginP_rets 0040d280 f plobdxdr.obj
 0001:0000c2d0       _xdr_fnClientMachineLoginP_args 0040d2d0 f plobdxdr.obj
 0001:0000c320       _xdr_fnClientMachineAddr_rets 0040d320 f plobdxdr.obj
 0001:0000c380       _xdr_fnClientMachineAddr_args 0040d380 f plobdxdr.obj
 0001:0000c3d0       _xdr_fnClientDbMachineSearch_rets 0040d3d0 f plobdxdr.obj
 0001:0000c420       _xdr_fnClientDbMachineSearch_args 0040d420 f plobdxdr.obj
 0001:0000c460       _xdr_fnClientDbMachineDelete_rets 0040d460 f plobdxdr.obj
 0001:0000c4b0       _xdr_fnClientDbMachineDelete_args 0040d4b0 f plobdxdr.obj
 0001:0000c4f0       _xdr_fnClientDbMachineInsert_rets 0040d4f0 f plobdxdr.obj
 0001:0000c540       _xdr_fnClientDbMachineInsert_args 0040d540 f plobdxdr.obj
 0001:0000c580       _xdr_fnClientDbMachines_rets 0040d580 f plobdxdr.obj
 0001:0000c5d0       _xdr_fnServerGetPortByDirectory_rets 0040d5d0 f plobdxdr.obj
 0001:0000c620       _xdr_fnServerGetPortByDirectory_args 0040d620 f plobdxdr.obj
 0001:0000c660       _xdr_fnServerGetPID_rets   0040d660 f plobdxdr.obj
 0001:0000c6b0       _xdr_fnServerGetDirectory_rets 0040d6b0 f plobdxdr.obj
 0001:0000c710       _xdr_fnServerGetDirectory_args 0040d710 f plobdxdr.obj
 0001:0000c750       _xdr_fnServerExit_rets     0040d750 f plobdxdr.obj
 0001:0000c7a0       _xdr_fnServerExit_args     0040d7a0 f plobdxdr.obj
 0001:0000c7e0       _xdr_fnServerDbReset_rets  0040d7e0 f plobdxdr.obj
 0001:0000c830       _xdr_fnServerDbReset_args  0040d830 f plobdxdr.obj
 0001:0000c870       _xdr_fnServerRestart_rets  0040d870 f plobdxdr.obj
 0001:0000c8c0       _xdr_fnServerRestart_args  0040d8c0 f plobdxdr.obj
 0001:0000c900       _xdr_fnClientObjectCanModify_rets 0040d900 f plobdxdr.obj
 0001:0000c950       _xdr_fnClientObjectCanModify_args 0040d950 f plobdxdr.obj
 0001:0000c990       _xdr_fnServerDbClose_args  0040d990 f plobdxdr.obj
 0001:0000c9d0       _xdr_fnClientDbConfiguration_rets 0040d9d0 f plobdxdr.obj
 0001:0000ca70       _xdr_fnServerDbCreateObject_rets 0040da70 f plobdxdr.obj
 0001:0000cac0       _xdr_fnServerDbCreateObject_args 0040dac0 f plobdxdr.obj
 0001:0000cb30       _xdr_fnServerDbCreateObjects_rets 0040db30 f plobdxdr.obj
 0001:0000cb90       _xdr_fnServerDbCreateObjects_args 0040db90 f plobdxdr.obj
 0001:0000cc30       _xdr_fnServerObjectDestroy_args 0040dc30 f plobdxdr.obj
 0001:0000cc70       _xdr_fnServerObjectObjIdSize_rets 0040dc70 f plobdxdr.obj
 0001:0000ccc0       _xdr_fnServerObjectObjIdSize_args 0040dcc0 f plobdxdr.obj
 0001:0000cd00       _xdr_fnServerDbOpen_rets   0040dd00 f plobdxdr.obj
 0001:0000cd70       _xdr_fnServerDbOpen_args   0040dd70 f plobdxdr.obj
 0001:0000cdd0       _xdr_fnServerObjectFlush_rets 0040ddd0 f plobdxdr.obj
 0001:0000ce20       _xdr_fnServerObjectFlush_args 0040de20 f plobdxdr.obj
 0001:0000ce60       _xdr_fnServerObjectReadAtIndex_rets 0040de60 f plobdxdr.obj
 0001:0000ced0       _xdr_fnServerObjectReadAtIndex_args 0040ded0 f plobdxdr.obj
 0001:0000cf40       _xdr_fnServerObjectReadAtIndices_rets 0040df40 f plobdxdr.obj
 0001:0000cfb0       _xdr_fnServerObjectReadAtIndices_args 0040dfb0 f plobdxdr.obj
 0001:0000d060       _xdr_fnServerObjectReadObjId_rets 0040e060 f plobdxdr.obj
 0001:0000d0c0       _xdr_fnServerObjectReadObjId_args 0040e0c0 f plobdxdr.obj
 0001:0000d130       _xdr_fnServerObjectReadValues_rets 0040e130 f plobdxdr.obj
 0001:0000d1c0       _xdr_fnServerObjectReadValues_args 0040e1c0 f plobdxdr.obj
 0001:0000d270       _xdr_fnClientDbStatistics_rets 0040e270 f plobdxdr.obj
 0001:0000d330       _xdr_fnServerObjectTypeTag_rets 0040e330 f plobdxdr.obj
 0001:0000d380       _xdr_fnServerObjectTypeTag_args 0040e380 f plobdxdr.obj
 0001:0000d3c0       _xdr_fnServerObjectValueSize_rets 0040e3c0 f plobdxdr.obj
 0001:0000d410       _xdr_fnServerObjectValueSize_args 0040e410 f plobdxdr.obj
 0001:0000d450       _xdr_fnServerObjectWriteAtIndex_rets 0040e450 f plobdxdr.obj
 0001:0000d4a0       _xdr_fnServerObjectWriteAtIndex_args 0040e4a0 f plobdxdr.obj
 0001:0000d540       _xdr_fnServerObjectWriteAtIndices_rets 0040e540 f plobdxdr.obj
 0001:0000d590       _xdr_fnServerObjectWriteAtIndices_args 0040e590 f plobdxdr.obj
 0001:0000d640       _xdr_fnServerObjectWriteObjId_rets 0040e640 f plobdxdr.obj
 0001:0000d690       _xdr_fnServerObjectWriteObjId_args 0040e690 f plobdxdr.obj
 0001:0000d720       _xdr_fnServerObjectWriteValues_rets 0040e720 f plobdxdr.obj
 0001:0000d770       _xdr_fnServerObjectWriteValues_args 0040e770 f plobdxdr.obj
 0001:0000d820       _xdr_fnShortMakeDependent_rets 0040e820 f plobdxdr.obj
 0001:0000d870       _xdr_fnShortMakeDependent_args 0040e870 f plobdxdr.obj
 0001:0000d8c0       _xdr_fnServerObjectPeekSlots_rets 0040e8c0 f plobdxdr.obj
 0001:0000d920       _xdr_fnServerObjectPeekSlots_args 0040e920 f plobdxdr.obj
 0001:0000d980       _xdr_fnServerObjectPeekValues_rets 0040e980 f plobdxdr.obj
 0001:0000da10       _xdr_fnServerObjectPeekValues_args 0040ea10 f plobdxdr.obj
 0001:0000dac0       _xdr_fnServerObjectPoke_args 0040eac0 f plobdxdr.obj
 0001:0000db60       _xdr_fnFlushMode_rets      0040eb60 f plobdxdr.obj
 0001:0000dbb0       _xdr_fnFlushMode_args      0040ebb0 f plobdxdr.obj
 0001:0000dbf0       _xdr_fnFlagWord_rets       0040ebf0 f plobdxdr.obj
 0001:0000dc40       _xdr_fnFlagWord_args       0040ec40 f plobdxdr.obj
 0001:0000dc80       _xdr_fnShortMakeIVector_rets 0040ec80 f plobdxdr.obj
 0001:0000dcd0       _xdr_fnShortMakeIVector_args 0040ecd0 f plobdxdr.obj
 0001:0000dd20       _xdr_fnShortMakeString_rets 0040ed20 f plobdxdr.obj
 0001:0000dd70       _xdr_fnShortMakeString_args 0040ed70 f plobdxdr.obj
 0001:0000ddb0       _xdr_fnServerDbCreateStructures_rets 0040edb0 f plobdxdr.obj
 0001:0000de20       _xdr_fnServerDbCreateStructures_args 0040ee20 f plobdxdr.obj
 0001:0000de80       _xdr_fnServerDbCreateInstances_rets 0040ee80 f plobdxdr.obj
 0001:0000df10       _xdr_fnServerDbCreateInstances_args 0040ef10 f plobdxdr.obj
 0001:0000df80       _xdr_fnServerInstanceWriteWrapper_rets 0040ef80 f plobdxdr.obj
 0001:0000dfd0       _xdr_fnServerInstanceWriteWrapper_args 0040efd0 f plobdxdr.obj
 0001:0000e020       _xdr_fnServerInstanceWriteData_rets 0040f020 f plobdxdr.obj
 0001:0000e070       _xdr_fnServerInstanceWriteData_args 0040f070 f plobdxdr.obj
 0001:0000e0c0       _xdr_fnServerDbTypeTagName_rets 0040f0c0 f plobdxdr.obj
 0001:0000e110       _xdr_fnServerObjectPrettyPrint_rets 0040f110 f plobdxdr.obj
 0001:0000e170       _xdr_fnServerObjectPrettyPrint_args 0040f170 f plobdxdr.obj
 0001:0000e1e0       _xdr_fnShortPrintSymbol_rets 0040f1e0 f plobdxdr.obj
 0001:0000e240       _xdr_fnShortPrintSymbol_args 0040f240 f plobdxdr.obj
 0001:0000e2a0       _xdr_fnShortMakeSingleFloat_rets 0040f2a0 f plobdxdr.obj
 0001:0000e2f0       _xdr_fnShortMakeSingleFloat_args 0040f2f0 f plobdxdr.obj
 0001:0000e330       _xdr_fnShortMakeDoubleFloat_rets 0040f330 f plobdxdr.obj
 0001:0000e380       _xdr_fnShortMakeDoubleFloat_args 0040f380 f plobdxdr.obj
 0001:0000e3c0       _xdr_fnServerDbMakeBignum_rets 0040f3c0 f plobdxdr.obj
 0001:0000e410       _xdr_fnServerDbMakeBignum_args 0040f410 f plobdxdr.obj
 0001:0000e470       _xdr_fnServerObjectReadBignum_rets 0040f470 f plobdxdr.obj
 0001:0000e4d0       _xdr_fnServerObjectReadBignum_args 0040f4d0 f plobdxdr.obj
 0001:0000e540       _xdr_fnServerObjectReadDoubleFloat_rets 0040f540 f plobdxdr.obj
 0001:0000e5a0       _xdr_fnServerObjectReadDoubleFloat_args 0040f5a0 f plobdxdr.obj
 0001:0000e5e0       _xdr_fnServerObjectReadFixnum_rets 0040f5e0 f plobdxdr.obj
 0001:0000e640       _xdr_fnServerObjectReadFixnum_args 0040f640 f plobdxdr.obj
 0001:0000e6b0       _xdr_fnServerObjectReadSingleFloat_rets 0040f6b0 f plobdxdr.obj
 0001:0000e710       _xdr_fnServerObjectReadSingleFloat_args 0040f710 f plobdxdr.obj
 0001:0000e750       _xdr_fnServerObjectWriteBignum_rets 0040f750 f plobdxdr.obj
 0001:0000e7a0       _xdr_fnServerObjectWriteBignum_args 0040f7a0 f plobdxdr.obj
 0001:0000e810       _xdr_fnServerObjectWriteDoubleFloat_rets 0040f810 f plobdxdr.obj
 0001:0000e860       _xdr_fnServerObjectWriteDoubleFloat_args 0040f860 f plobdxdr.obj
 0001:0000e8b0       _xdr_fnServerObjectWriteFixnum_rets 0040f8b0 f plobdxdr.obj
 0001:0000e900       _xdr_fnServerObjectWriteFixnum_args 0040f900 f plobdxdr.obj
 0001:0000e990       _xdr_fnServerObjectWriteSingleFloat_rets 0040f990 f plobdxdr.obj
 0001:0000e9e0       _xdr_fnServerObjectWriteSingleFloat_args 0040f9e0 f plobdxdr.obj
 0001:0000ea30       _xdr_fnClientLockPrint_rets 0040fa30 f plobdxdr.obj
 0001:0000ea80       _xdr_fnClientLockPrint_args 0040fa80 f plobdxdr.obj
 0001:0000eae0       _xdr_fnClientTransactionLockGet_rets 0040fae0 f plobdxdr.obj
 0001:0000eb30       _xdr_fnClientTransactionLockGet_args 0040fb30 f plobdxdr.obj
 0001:0000ebc0       _xdr_fnServerTransactionLockInsert_rets 0040fbc0 f plobdxdr.obj
 0001:0000ec30       _xdr_fnServerTransactionLockInsert_args 0040fc30 f plobdxdr.obj
 0001:0000ecc0       _xdr_fnServerTransactionLockSet_rets 0040fcc0 f plobdxdr.obj
 0001:0000ed30       _xdr_fnServerTransactionLockSet_args 0040fd30 f plobdxdr.obj
 0001:0000edc0       _xdr_fnServerTransactionUnlock_rets 0040fdc0 f plobdxdr.obj
 0001:0000ee20       _xdr_fnServerTransactionUnlock_args 0040fe20 f plobdxdr.obj
 0001:0000ee90       _xdr_fnServerTransactionUnlockAll_rets 0040fe90 f plobdxdr.obj
 0001:0000eee0       _xdr_fnServerTransactionUnlockAll_args 0040fee0 f plobdxdr.obj
 0001:0000ef30       _xdr_fnServerTransactionUnlockAllAll_rets 0040ff30 f plobdxdr.obj
 0001:0000ef80       _xdr_fnServerTransactionUnlockAllAll_args 0040ff80 f plobdxdr.obj
 0001:0000efc0       _xdr_fnShortMakeReadOnly_rets 0040ffc0 f plobdxdr.obj
 0001:0000f010       _xdr_fnShortMakeReadOnly_args 00410010 f plobdxdr.obj
 0001:0000f060       _xdr_fnServerTransactionBegin_rets 00410060 f plobdxdr.obj
 0001:0000f0b0       _xdr_fnServerTransactionBegin_args 004100b0 f plobdxdr.obj
 0001:0000f0f0       _xdr_fnServerTransactionCancel_rets 004100f0 f plobdxdr.obj
 0001:0000f140       _xdr_fnServerTransactionCancel_args 00410140 f plobdxdr.obj
 0001:0000f180       _xdr_fnServerTransactionEnd_rets 00410180 f plobdxdr.obj
 0001:0000f1d0       _xdr_fnServerTransactionEnd_args 004101d0 f plobdxdr.obj
 0001:0000f210       _xdr_fnServerDbTransactionP_rets 00410210 f plobdxdr.obj
 0001:0000f260       _xdr_fnServerDbTransactionP_args 00410260 f plobdxdr.obj
 0001:0000f2a0       _xdr_fnClientBtreeClear_rets 004102a0 f plobdxdr.obj
 0001:0000f2f0       _xdr_fnClientBtreeClear_args 004102f0 f plobdxdr.obj
 0001:0000f330       _xdr_fnClientBtreeCount_rets 00410330 f plobdxdr.obj
 0001:0000f380       _xdr_fnClientBtreeCount_args 00410380 f plobdxdr.obj
 0001:0000f3c0       _xdr_fnServerBtreeDelete_rets 004103c0 f plobdxdr.obj
 0001:0000f410       _xdr_fnServerBtreeDelete_args 00410410 f plobdxdr.obj
 0001:0000f470       _xdr_fnServerBtreeDeleteByFloat_rets 00410470 f plobdxdr.obj
 0001:0000f4c0       _xdr_fnServerBtreeDeleteByFloat_args 004104c0 f plobdxdr.obj
 0001:0000f510       _xdr_fnServerBtreeDeleteByDouble_rets 00410510 f plobdxdr.obj
 0001:0000f560       _xdr_fnServerBtreeDeleteByDouble_args 00410560 f plobdxdr.obj
 0001:0000f5b0       _xdr_fnServerBtreeDeleteByString_rets 004105b0 f plobdxdr.obj
 0001:0000f600       _xdr_fnServerBtreeDeleteByString_args 00410600 f plobdxdr.obj
 0001:0000f650       _xdr_fnServerBtreeInsert_rets 00410650 f plobdxdr.obj
 0001:0000f6a0       _xdr_fnServerBtreeInsert_args 004106a0 f plobdxdr.obj
 0001:0000f730       _xdr_fnServerBtreeInsertByFloat_rets 00410730 f plobdxdr.obj
 0001:0000f780       _xdr_fnServerBtreeInsertByFloat_args 00410780 f plobdxdr.obj
 0001:0000f7f0       _xdr_fnServerBtreeInsertByDouble_rets 004107f0 f plobdxdr.obj
 0001:0000f840       _xdr_fnServerBtreeInsertByDouble_args 00410840 f plobdxdr.obj
 0001:0000f8b0       _xdr_fnServerBtreeInsertByString_rets 004108b0 f plobdxdr.obj
 0001:0000f900       _xdr_fnServerBtreeInsertByString_args 00410900 f plobdxdr.obj
 0001:0000f970       _xdr_fnServerBtreemapSearch_rets 00410970 f plobdxdr.obj
 0001:0000f9c0       _xdr_fnServerBtreemapSearch_args 004109c0 f plobdxdr.obj
 0001:0000faa0       _xdr_fnServerBtreemapSearchByFloat_rets 00410aa0 f plobdxdr.obj
 0001:0000faf0       _xdr_fnServerBtreemapSearchByFloat_args 00410af0 f plobdxdr.obj
 0001:0000fbd0       _xdr_fnServerBtreemapSearchByDouble_rets 00410bd0 f plobdxdr.obj
 0001:0000fc20       _xdr_fnServerBtreemapSearchByDouble_args 00410c20 f plobdxdr.obj
 0001:0000fd00       _xdr_fnServerBtreemapSearchByString_rets 00410d00 f plobdxdr.obj
 0001:0000fd50       _xdr_fnServerBtreemapSearchByString_args 00410d50 f plobdxdr.obj
 0001:0000fe30       _xdr_fnServerBtreemapSeek_rets 00410e30 f plobdxdr.obj
 0001:0000fed0       _xdr_fnServerBtreemapSeek_args 00410ed0 f plobdxdr.obj
 0001:0000ff30       _xdr_fnServerBtreemapSeekSet_rets 00410f30 f plobdxdr.obj
 0001:0000ff80       _xdr_fnServerBtreemapSeekSet_args 00410f80 f plobdxdr.obj
 0001:00010010       _xdr_fnServerBtreemapFirst_rets 00411010 f plobdxdr.obj
 0001:000100c0       _xdr_fnServerBtreemapFirst_args 004110c0 f plobdxdr.obj
 0001:000101f0       _xdr_fnServerBtreemapFirstByFloat_rets 004111f0 f plobdxdr.obj
 0001:000102a0       _xdr_fnServerBtreemapFirstByFloat_args 004112a0 f plobdxdr.obj
 0001:000103d0       _xdr_fnServerBtreemapFirstByDouble_rets 004113d0 f plobdxdr.obj
 0001:00010480       _xdr_fnServerBtreemapFirstByDouble_args 00411480 f plobdxdr.obj
 0001:000105b0       _xdr_fnServerBtreemapFirstByString_rets 004115b0 f plobdxdr.obj
 0001:00010660       _xdr_fnServerBtreemapFirstByString_args 00411660 f plobdxdr.obj
 0001:00010790       _xdr_fnClientBtreemapNext_rets 00411790 f plobdxdr.obj
 0001:00010830       _xdr_fnClientBtreemapNext_args 00411830 f plobdxdr.obj
 0001:000108d0       _xdr_fnClientBtreemapLast_rets 004118d0 f plobdxdr.obj
 0001:00010920       _xdr_fnClientBtreemapLast_args 00411920 f plobdxdr.obj
 0001:00010960       _xdr_fnClientBtreePrint_rets 00411960 f plobdxdr.obj
 0001:000109b0       _xdr_fnClientBtreePrint_args 004119b0 f plobdxdr.obj
 0001:00010a00       _xdr_fnServerBtreeSearch_rets 00411a00 f plobdxdr.obj
 0001:00010aa0       _xdr_fnServerBtreeSearch_args 00411aa0 f plobdxdr.obj
 0001:00010b00       _xdr_fnServerBtreeSearchByFloat_rets 00411b00 f plobdxdr.obj
 0001:00010ba0       _xdr_fnServerBtreeSearchByFloat_args 00411ba0 f plobdxdr.obj
 0001:00010c00       _xdr_fnServerBtreeSearchByDouble_rets 00411c00 f plobdxdr.obj
 0001:00010ca0       _xdr_fnServerBtreeSearchByDouble_args 00411ca0 f plobdxdr.obj
 0001:00010d00       _xdr_fnServerBtreeSearchByString_rets 00411d00 f plobdxdr.obj
 0001:00010da0       _xdr_fnServerBtreeSearchByString_args 00411da0 f plobdxdr.obj
 0001:00010e00       _xdr_fnClientBtreeRoot_rets 00411e00 f plobdxdr.obj
 0001:00010e50       _xdr_fnClientBtreeRoot_args 00411e50 f plobdxdr.obj
 0001:00010e90       _xdr_fnClientBtreeSize_rets 00411e90 f plobdxdr.obj
 0001:00010ee0       _xdr_fnClientBtreeSize_args 00411ee0 f plobdxdr.obj
 0001:00010f20       _xdr_fnClientBtreeTestMode_rets 00411f20 f plobdxdr.obj
 0001:00010f70       _xdr_fnClientBtreeTestMode_args 00411f70 f plobdxdr.obj
 0001:00010fc0       _xdr_fnClientBtreePageSize_rets 00411fc0 f plobdxdr.obj
 0001:00011010       _xdr_fnClientBtreePageSize_args 00412010 f plobdxdr.obj
 0001:00011060       _xdr_fnClientBtreepageParent_rets 00412060 f plobdxdr.obj
 0001:000110b0       _xdr_fnClientBtreepageParent_args 004120b0 f plobdxdr.obj
 0001:000110f0       _xdr_fnClientBtreepageCount_rets 004120f0 f plobdxdr.obj
 0001:00011140       _xdr_fnClientBtreepageCount_args 00412140 f plobdxdr.obj
 0001:00011180       _xdr_fnClientBtreepageGetSize_rets 00412180 f plobdxdr.obj
 0001:000111d0       _xdr_fnClientBtreepageGetSize_args 004121d0 f plobdxdr.obj
 0001:00011210       _xdr_fnClientBtreepageItem_rets 00412210 f plobdxdr.obj
 0001:000112c0       _xdr_fnClientBtreepageItem_args 004122c0 f plobdxdr.obj
 0001:00011950       _xdr_fnPatchedServerObjectReadValues_rets 00412950 f plobpxdr.obj
 0001:000119c0       _xdr_fnPatchedServerObjectWriteValues_args 004129c0 f plobpxdr.obj
 0001:00011a50       _xdr_fnPatchedServerObjectPeekValues_rets 00412a50 f plobpxdr.obj
 0001:00011d30       _xdr_fnPatchedServerObjectPoke_args 00412d30 f plobpxdr.obj
 0001:00012090       _fnGlobalErrorHandler      00413090 f libcommonplob:global.obj
 0001:00012160       _fnGlobalSetErrorHandler   00413160 f libcommonplob:global.obj
 0001:00012190       _fnLogOpen                 00413190 f libcommonplob:global.obj
 0001:00012220       _fnLogClose                00413220 f libcommonplob:global.obj
 0001:00012260       _fnLogSetDirectory         00413260 f libcommonplob:global.obj
 0001:00012290       _fnLogNextVersion          00413290 f libcommonplob:global.obj
 0001:00012380       _fnSetFnMkLogPrompt        00413380 f libcommonplob:global.obj
 0001:000123a0       __fnGlobalLog              004133a0 f libcommonplob:global.obj
 0001:00012520       __fnGlobalAssertFailed     00413520 f libcommonplob:global.obj
 0001:00012690       __fnGlobalCError           00413690 f libcommonplob:global.obj
 0001:000126e0       __fnGlobalError            004136e0 f libcommonplob:global.obj
 0001:00012730       _fnGetHost                 00413730 f libcommonplob:global.obj
 0001:00012790       _fnGetUser                 00413790 f libcommonplob:global.obj
 0001:00012800       _fnStrCmp                  00413800 f libcommonplob:global.obj
 0001:00012850       _strnncmp                  00413850 f libcommonplob:global.obj
 0001:000128d0       _strnnicmp                 004138d0 f libcommonplob:global.obj
 0001:00012980       _fnStrLwr                  00413980 f libcommonplob:global.obj
 0001:000129c0       _fnStrUpr                  004139c0 f libcommonplob:global.obj
 0001:00012a00       _fnStrICmp                 00413a00 f libcommonplob:global.obj
 0001:00012a80       _fnStrNICmp                00413a80 f libcommonplob:global.obj
 0001:00012b10       _fnDeinitializeCommon      00413b10 f libcommonplob:global.obj
 0001:00012b40       _fnInitializeCommon        00413b40 f libcommonplob:global.obj
 0001:00012b80       _fnInitializeGlobalModule  00413b80 f libcommonplob:global.obj
 0001:00012b90       _fnDeinitializeGlobalModule 00413b90 f libcommonplob:global.obj
 0001:00012ba0       _fnInitCommonPlobModule    00413ba0 f libcommonplob:plob.obj
 0001:00012bd0       _fnDeinitCommonPlobModule  00413bd0 f libcommonplob:plob.obj
 0001:00012be0       _fnDeinitializePlob        00413be0 f libcommonplob:plob.obj
 0001:00012c10       _fnInitializePlob          00413c10 f libcommonplob:plob.obj
 0001:00012c50       _fnImmediate2ObjId         00413c50 f libcommonplob:plob.obj
 0001:00012da0       _fnObjId2Immediate         00413da0 f libcommonplob:plob.obj
 0001:00012e20       _fnInitCommonTypeModule    00413e20 f libcommonplob:plobtype.obj
 0001:00012eb0       _fnDeinitCommonTypeModule  00413eb0 f libcommonplob:plobtype.obj
 0001:000131f0       _fnRegisterPlobClass       004141f0 f libcommonplob:plobtype.obj
 0001:00013300       _fnPrintImmediateObject    00414300 f libcommonplob:plobtype.obj
 0001:00013460       _fnCompareTag2String       00414460 f libcommonplob:plobtype.obj
 0001:00013530       _fnTypeTagName             00414530 f libcommonplob:plobtype.obj
 0001:000135a0       _fnTypeTagSizeValue        004145a0 f libcommonplob:plobtype.obj
 0001:00013670       _fnShortObjIdValidP        00414670 f libcommonplob:plobtype.obj
 0001:000136b0       _fnLISPmapClassInfoFirst   004146b0 f libcommonplob:plobtype.obj
 0001:00013780       _fnLISPmapClassInfoNext    00414780 f libcommonplob:plobtype.obj
 0001:00013900       _fnRegisterFunction        00414900 f libcommonplob:generic.obj
 0001:00013a90       _fnRegisterClass           00414a90 f libcommonplob:generic.obj
 0001:00013ce0       _fnRegisterMethod          00414ce0 f libcommonplob:generic.obj
 0001:00013fb0       _fnFindClassName           00414fb0 f libcommonplob:generic.obj
 0001:00014010       _fnFindClassInfo           00415010 f libcommonplob:generic.obj
 0001:000141b0       _fnFindFunctionByName      004151b0 f libcommonplob:generic.obj
 0001:00014210       _fnFindMethod              00415210 f libcommonplob:generic.obj
 0001:000143b0       _fnEnumClassInfo           004153b0 f libcommonplob:generic.obj
 0001:00014410       _fnClassInfoFirst          00415410 f libcommonplob:generic.obj
 0001:000144a0       _fnClassInfoNext           004154a0 f libcommonplob:generic.obj
 0001:00014530       _fnInitializeGenericModule 00415530 f libcommonplob:generic.obj
 0001:00014540       _fnDeinitializeGenericModule 00415540 f libcommonplob:generic.obj
 0001:00014ac0       _fnMalloc                  00415ac0 f libcommonplob:trmalloc.obj
 0001:00014c00       _fnReAlloc                 00415c00 f libcommonplob:trmalloc.obj
 0001:00014e20       _fnFree                    00415e20 f libcommonplob:trmalloc.obj
 0001:00014f10       _fnMallocFlags             00415f10 f libcommonplob:trmalloc.obj
 0001:00014f50       _fnMallocLabel             00415f50 f libcommonplob:trmalloc.obj
 0001:00014f90       _fnMallocLog               00415f90 f libcommonplob:trmalloc.obj
 0001:00014fd0       _fnInitializeMallocModule  00415fd0 f libcommonplob:trmalloc.obj
 0001:00014fe0       _fnDeinitializeMallocModule 00415fe0 f libcommonplob:trmalloc.obj
 0001:00015450       _fnHashCreate              00416450 f libcommonplob:hash.obj
 0001:00015520       _fnHashDestroy             00416520 f libcommonplob:hash.obj
 0001:00015650       _fnHashResize              00416650 f libcommonplob:hash.obj
 0001:00015720       _fnHashClear               00416720 f libcommonplob:hash.obj
 0001:000157e0       _fnHashInsert              004167e0 f libcommonplob:hash.obj
 0001:00015a90       _fnHashGet                 00416a90 f libcommonplob:hash.obj
 0001:00015bd0       _fnHashEnum                00416bd0 f libcommonplob:hash.obj
 0001:00015cf0       _fnHashFirst               00416cf0 f libcommonplob:hash.obj
 0001:00015e30       _fnHashNext                00416e30 f libcommonplob:hash.obj
 0001:00015fc0       _fnHashLast                00416fc0 f libcommonplob:hash.obj
 0001:00016080       _fnHashDelete              00417080 f libcommonplob:hash.obj
 0001:000162e0       _fnHashOccupied            004172e0 f libcommonplob:hash.obj
 0001:000164c0       _fnHashDebug               004174c0 f libcommonplob:hash.obj
 0001:00016870       _fnInitializeHashModule    00417870 f libcommonplob:hash.obj
 0001:00016880       _fnDeinitializeHashModule  00417880 f libcommonplob:hash.obj
 0001:000168b0       _fnInitCommonAdminModule   004178b0 f libcommonplob:plobadmin.obj
 0001:000168c0       _fnDeinitCommonAdminModule 004178c0 f libcommonplob:plobadmin.obj
 0001:000168d0       _fnDatabaseP               004178d0 f libcommonplob:plobadmin.obj
 0001:00016e00       _fnStorePid                00417e00 f libcommonplob:plobadmin.obj
 0001:00016e30       _fnUnstorePid              00417e30 f libcommonplob:plobadmin.obj
 0001:00016e60       _fnGetDirectoryByPort      00417e60 f libcommonplob:plobadmin.obj
 0001:000170a0       _fnGetPortByDirectory      004180a0 f libcommonplob:plobadmin.obj
 0001:00017130       _fnGetPidByPort            00418130 f libcommonplob:plobadmin.obj
 0001:000171a0       _fnStartLocalServer        004181a0 f libcommonplob:plobadmin.obj
 0001:00017470       _fnInitCommonBTreeModule   00418470 f libcommonplob:plobbtree.obj
 0001:000174a0       _fnDeinitCommonBTreeModule 004184a0 f libcommonplob:plobbtree.obj
 0001:000174b0       _fnInitCommonRootModule    004184b0 f libcommonplob:plobroot.obj
 0001:000174e0       _fnDeinitCommonRootModule  004184e0 f libcommonplob:plobroot.obj
 0001:000174f0       _fnGetVersionString        004184f0 f libcommonplob:plobroot.obj
 0001:00017580       _fnGetVersionDateString    00418580 f libcommonplob:plobroot.obj
 0001:000175c0       _fnGetCopyrightString      004185c0 f libcommonplob:plobroot.obj
 0001:00017650       _fnGetEmailString          00418650 f libcommonplob:plobroot.obj
 0001:00017670       _fnGetCompileDateString    00418670 f libcommonplob:plobroot.obj
 0001:00017690       _fnGetCompileTimeString    00418690 f libcommonplob:plobroot.obj
 0001:000176b0       _fnGetCompileOpsysString   004186b0 f libcommonplob:plobroot.obj
 0001:000176d0       _fnInitCommonHeapModule    004186d0 f libcommonplob:plobheap.obj
 0001:00017700       _fnDeinitCommonHeapModule  00418700 f libcommonplob:plobheap.obj
 0001:00017710       _fnInitCommonLockModule    00418710 f libcommonplob:ploblock.obj
 0001:00017740       _fnDeinitCommonLockModule  00418740 f libcommonplob:ploblock.obj
 0001:00017750       _fnInitCommonCLOSModule    00418750 f libcommonplob:plobclos.obj
 0001:00017780       _fnDeinitCommonCLOSModule  00418780 f libcommonplob:plobclos.obj
 0001:00017790       _fnInitCommonStructModule  00418790 f libcommonplob:plobstruct.obj
 0001:000177c0       _fnDeinitCommonStructModule 004187c0 f libcommonplob:plobstruct.obj
 0001:000177d0       _fnInitCommonSequModule    004187d0 f libcommonplob:plobsequ.obj
 0001:00017800       _fnDeinitCommonSequModule  00418800 f libcommonplob:plobsequ.obj
 0001:00017810       _fnInitCommonNumberModule  00418810 f libcommonplob:plobnumber.obj
 0001:00017870       _fnDeinitCommonNumberModule 00418870 f libcommonplob:plobnumber.obj
 0001:000178b0       _fnPrintFloat              004188b0 f libcommonplob:plobnumber.obj
 0001:00017940       _fnMakeBignumPointer       00418940 f libcommonplob:plobnumber.obj
 0001:000179b0       _fnInitCommonFfModule      004189b0 f libcommonplob:plobff.obj
 0001:000179c0       _fnDeinitCommonFfModule    004189c0 f libcommonplob:plobff.obj
 0001:000179d0       _fnRegisterCcallable       004189d0 f libcommonplob:plobff.obj
 0001:00017a00       _fnInitCommonMiscModule    00418a00 f libcommonplob:plobmisc.obj
 0001:00017a10       _fnDeinitCommonMiscModule  00418a10 f libcommonplob:plobmisc.obj
 0001:00017a20       _fnIdentity                00418a20 f libcommonplob:plobmisc.obj
 0001:00017a40       _fnShiftLeftAndSet         00418a40 f libcommonplob:plobmisc.obj
 0001:00017a80       _fnUnmaskAndAdd            00418a80 f libcommonplob:plobmisc.obj
 0001:00017ab0       _fnSplitURL                00418ab0 f libcommonplob:plobmisc.obj
 0001:00017bb0       _fnMergeURLs               00418bb0 f libcommonplob:plobmisc.obj
 0001:00017e10       _fnGetHostAddr             00418e10 f libcommonplob:plobmisc.obj
 0001:000182d0       _fnInitializeMiscModule    004192d0 f libserverplob:splobmisc.obj
 0001:00018310       _fnDeinitializeMiscModule  00419310 f libserverplob:splobmisc.obj
 0001:000183b0       _fnStoreError              004193b0 f libserverplob:splobmisc.obj
 0001:00018440       _fnStoreErrorIf            00419440 f libserverplob:splobmisc.obj
 0001:00018480       _fnPLOBerrorCallback       00419480 f libserverplob:splobmisc.obj
 0001:000184c0       _fnPLOBsaveCallback        004194c0 f libserverplob:splobmisc.obj
 0001:000184d0       _fnPLOBrestoreCallback     004194d0 f libserverplob:splobmisc.obj
 0001:000184e0       _fnPLOBstabiliseCallback   004194e0 f libserverplob:splobmisc.obj
 0001:000184f0       _fnPLOBsuspendCallback     004194f0 f libserverplob:splobmisc.obj
 0001:000185e0       _fnPLOBwakeupCallback      004195e0 f libserverplob:splobmisc.obj
 0001:000186d0       _fnPeekHandleCreate        004196d0 f libserverplob:splobmisc.obj
 0001:00018800       _fnPeekHandleDestroy       00419800 f libserverplob:splobmisc.obj
 0001:00018840       _fnPeekHandleDestroyAll    00419840 f libserverplob:splobmisc.obj
 0001:000188b0       _fnPeekHandleInsert        004198b0 f libserverplob:splobmisc.obj
 0001:00018a40       _fnPeekHandlePtr           00419a40 f libserverplob:splobmisc.obj
 0001:00018a90       _fnMakeDependent           00419a90 f libserverplob:splobmisc.obj
 0001:00018c10       _fnMakeDependentFromSymbol 00419c10 f libserverplob:splobmisc.obj
 0001:00018ea0       _fnDependentP              00419ea0 f libserverplob:splobmisc.obj
 0001:00018f90       _fnShortMakeDependent      00419f90 f libserverplob:splobmisc.obj
 0001:00019190       _fnServerObjectPeekSlots   0041a190 f libserverplob:splobmisc.obj
 0001:000195c0       _fnServerObjectPeekValues  0041a5c0 f libserverplob:splobmisc.obj
 0001:00019980       _fnServerObjectPoke        0041a980 f libserverplob:splobmisc.obj
 0001:00019e10       _fnFlushMode               0041ae10 f libserverplob:splobmisc.obj
 0001:00019f70       _fnFlagWord                0041af70 f libserverplob:splobmisc.obj
 0001:0001a0c0       _fnInitializeRootModule    0041b0c0 f libserverplob:splobroot.obj
 0001:0001a2b0       _fnDeinitializeRootModule  0041b2b0 f libserverplob:splobroot.obj
 0001:0001aac0       _fnGetNextTractId          0041bac0 f libserverplob:splobroot.obj
 0001:0001ab40       _fnGetRootFreeList         0041bb40 f libserverplob:splobroot.obj
 0001:0001ab90       _fnSetRootFreeList         0041bb90 f libserverplob:splobroot.obj
 0001:0001ac30       _fnGetRootLockQueue        0041bc30 f libserverplob:splobroot.obj
 0001:0001ad00       _fnGetRootLock             0041bd00 f libserverplob:splobroot.obj
 0001:0001ad50       _fnSetRootLock             0041bd50 f libserverplob:splobroot.obj
 0001:0001ae40       _fnIncGCcounter            0041be40 f libserverplob:splobroot.obj
 0001:0001af40       _fnGetGCcounter            0041bf40 f libserverplob:splobroot.obj
 0001:0001afe0       _fnSetGlobalMinMaxObjId    0041bfe0 f libserverplob:splobroot.obj
 0001:0001b050       _fnUsers                   0041c050 f libserverplob:splobroot.obj
 0001:0001b120       _fnUserInsertByName        0041c120 f libserverplob:splobroot.obj
 0001:0001b2b0       _fnUserSearchByName        0041c2b0 f libserverplob:splobroot.obj
 0001:0001b330       _fnUserDeleteByName        0041c330 f libserverplob:splobroot.obj
 0001:0001b400       _fnMachs                   0041c400 f libserverplob:splobroot.obj
 0001:0001b4d0       _fnCreateMachine           0041c4d0 f libserverplob:splobroot.obj
 0001:0001b6e0       _fnMachLoginP              0041c6e0 f libserverplob:splobroot.obj
 0001:0001b950       _fnMachInsertByAddr        0041c950 f libserverplob:splobroot.obj
 0001:0001ba60       _fnMachSearchByAddr        0041ca60 f libserverplob:splobroot.obj
 0001:0001bb00       _fnMachDeleteByAddr        0041cb00 f libserverplob:splobroot.obj
 0001:0001bbf0       _fnSessions                0041cbf0 f libserverplob:splobroot.obj
 0001:0001bcc0       _fnSessionInsert           0041ccc0 f libserverplob:splobroot.obj
 0001:0001bd50       _fnSessionSearch           0041cd50 f libserverplob:splobroot.obj
 0001:0001be10       _fnSessionDelete           0041ce10 f libserverplob:splobroot.obj
 0001:0001bf20       _fnReadLispRoot            0041cf20 f libserverplob:splobroot.obj
 0001:0001bf80       _fnLoginP                  0041cf80 f libserverplob:splobroot.obj
 0001:0001c130       _fnAdminP                  0041d130 f libserverplob:splobroot.obj
 0001:0001c1a0       _fnAdminSet                0041d1a0 f libserverplob:splobroot.obj
 0001:0001c200       _fnClientDbReadRoot        0041d200 f libserverplob:splobroot.obj
 0001:0001c470       _fnServerDbWriteRoot       0041d470 f libserverplob:splobroot.obj
 0001:0001cae0       _fnClientDbSessions        0041dae0 f libserverplob:splobroot.obj
 0001:0001ccd0       _fnServerGetVersion        0041dcd0 f libserverplob:splobroot.obj
 0001:0001ceb0       _fnClientDbCreateMachine   0041deb0 f libserverplob:splobroot.obj
 0001:0001d0d0       _fnClientMachineLoginP     0041e0d0 f libserverplob:splobroot.obj
 0001:0001d320       _fnClientMachineAddr       0041e320 f libserverplob:splobroot.obj
 0001:0001d580       _fnClientDbMachineSearch   0041e580 f libserverplob:splobroot.obj
 0001:0001d850       _fnClientDbMachineDelete   0041e850 f libserverplob:splobroot.obj
 0001:0001db30       _fnClientDbMachineInsert   0041eb30 f libserverplob:splobroot.obj
 0001:0001dee0       _fnClientDbMachines        0041eee0 f libserverplob:splobroot.obj
 0001:0001e360       _fnInitializeAdminModule   0041f360 f libserverplob:splobadmin.obj
 0001:0001e3b0       _fnDeinitializeAdminModule 0041f3b0 f libserverplob:splobadmin.obj
 0001:0001e610       _fnGetClientCred           0041f610 f libserverplob:splobadmin.obj
 0001:0001e8a0       _fnServerGetPortByDirectory 0041f8a0 f libserverplob:splobadmin.obj
 0001:0001ea00       _fnServerGetPID            0041fa00 f libserverplob:splobadmin.obj
 0001:0001ead0       _fnServerGetDirectory      0041fad0 f libserverplob:splobadmin.obj
 0001:0001ec00       _fnServerExit              0041fc00 f libserverplob:splobadmin.obj
 0001:0001ed70       _fnServerDbReset           0041fd70 f libserverplob:splobadmin.obj
 0001:0001eee0       _fnServerRestart           0041fee0 f libserverplob:splobadmin.obj
 0001:0001f050       _fnInitializeAfterRegister 00420050 f libserverplob:splob.obj
 0001:0001f170       _fnInitializePlobModule    00420170 f libserverplob:splob.obj
 0001:0001f1c0       _fnDeinitializePlobModule  004201c0 f libserverplob:splob.obj
 0001:0001f290       _fnServerInitializePlob    00420290 f libserverplob:splob.obj
 0001:0001fc60       _fnTypeString              00420c60 f libserverplob:splob.obj
 0001:0001fcb0       _fnObjId2ObjPtr            00420cb0 f libserverplob:splob.obj
 0001:0001fec0       _fnObjId2ValPtr            00420ec0 f libserverplob:splob.obj
 0001:000200b0       _fnInvalidateAllCaches     004210b0 f libserverplob:splob.obj
 0001:00020190       _fnAtomicLock              00421190 f libserverplob:splob.obj
 0001:000203b0       _fnAtomicUnlock            004213b0 f libserverplob:splob.obj
 0001:00020560       _fnClientObjectCanModify   00421560 f libserverplob:splob.obj
 0001:00020750       _fnServerDbClose           00421750 f libserverplob:splob.obj
 0001:00020a30       _fnClientDbConfiguration   00421a30 f libserverplob:splob.obj
 0001:00020e40       _fnCreateObject            00421e40 f libserverplob:splob.obj
 0001:000211c0       _fnServerDbCreateObject    004221c0 f libserverplob:splob.obj
 0001:00021350       _fnServerDbCreateObjects   00422350 f libserverplob:splob.obj
 0001:00021670       _fnDestroyObject           00422670 f libserverplob:splob.obj
 0001:00021a00       _fnServerObjectDestroy     00422a00 f libserverplob:splob.obj
 0001:00021bd0       _fnServerObjectObjIdSize   00422bd0 f libserverplob:splob.obj
 0001:00021e10       _fnServerDbOpen            00422e10 f libserverplob:splob.obj
 0001:00022580       _fnServerObjectFlush       00423580 f libserverplob:splob.obj
 0001:00022740       _fnServerObjectReadAtIndex 00423740 f libserverplob:splob.obj
 0001:00022b70       _fnServerObjectReadAtIndices 00423b70 f libserverplob:splob.obj
 0001:00023030       _fnServerObjectReadObjId   00424030 f libserverplob:splob.obj
 0001:00023290       _fnServerObjectReadValues  00424290 f libserverplob:splob.obj
 0001:00023970       _fnServerDbStabilise       00424970 f libserverplob:splob.obj
 0001:00023ad0       _fnClientDbStatistics      00424ad0 f libserverplob:splob.obj
 0001:00023cc0       _fnServerObjectTypeTag     00424cc0 f libserverplob:splob.obj
 0001:00023e70       _fnServerObjectValueSize   00424e70 f libserverplob:splob.obj
 0001:00024090       _fnClientObjectValueSize   00425090 f libserverplob:splob.obj
 0001:00024220       _fnServerObjectWriteAtIndex 00425220 f libserverplob:splob.obj
 0001:00024780       _fnServerObjectWriteAtIndices 00425780 f libserverplob:splob.obj
 0001:00024e00       _fnServerObjectWriteObjId  00425e00 f libserverplob:splob.obj
 0001:00024fa0       _fnServerObjectWriteValues 00425fa0 f libserverplob:splob.obj
 0001:00025590       _fnInitializeSequModule    00426590 f libserverplob:splobsequ.obj
 0001:00025d50       _fnDeinitializeSequModule  00426d50 f libserverplob:splobsequ.obj
 0001:000267c0       _fnMakeVector              004277c0 f libserverplob:splobsequ.obj
 0001:00026810       _fnMakeIVector             00427810 f libserverplob:splobsequ.obj
 0001:00026980       _fnShortMakeIVector        00427980 f libserverplob:splobsequ.obj
 0001:00026b10       _fnStringPtr               00427b10 f libserverplob:splobsequ.obj
 0001:00026cb0       _fnMakeString              00427cb0 f libserverplob:splobsequ.obj
 0001:00026d90       _fnShortMakeString         00427d90 f libserverplob:splobsequ.obj
 0001:00026ef0       _fnInitializeStructModule  00427ef0 f libserverplob:splobstruct.obj
 0001:00026f50       _fnDeinitializeStructModule 00427f50 f libserverplob:splobstruct.obj
 0001:00027000       _fnAddName                 00428000 f libserverplob:splobstruct.obj
 0001:00027220       _fnLocateStructDescr       00428220 f libserverplob:splobstruct.obj
 0001:00027810       _fnFindClass               00428810 f libserverplob:splobstruct.obj
 0001:000279a0       _fnFindPackage             004289a0 f libserverplob:splobstruct.obj
 0001:000279f0       _fnCreatePackage           004289f0 f libserverplob:splobstruct.obj
 0001:00027c80       _fnFindSymbol              00428c80 f libserverplob:splobstruct.obj
 0001:00027cd0       _fnCreateSymbol            00428cd0 f libserverplob:splobstruct.obj
 0001:00027dc0       _fnServerDbCreateStructures 00428dc0 f libserverplob:splobstruct.obj
 0001:00028280       _fnInitializeCLOSModule    00429280 f libserverplob:splobclos.obj
 0001:000282e0       _fnDeinitializeCLOSModule  004292e0 f libserverplob:splobclos.obj
 0001:00028440       _fnLocateClassDescr        00429440 f libserverplob:splobclos.obj
 0001:00028bb0       _fnServerDbCreateInstances 00429bb0 f libserverplob:splobclos.obj
 0001:000290c0       _fnServerInstanceWriteWrapper 0042a0c0 f libserverplob:splobclos.obj
 0001:00029440       _fnServerInstanceWriteData 0042a440 f libserverplob:splobclos.obj
 0001:000296a0       _fnInitializeTypeModule    0042a6a0 f libserverplob:splobtype.obj
 0001:00029830       _fnDeinitializeTypeModule  0042a830 f libserverplob:splobtype.obj
 0001:00029840       _fnTypeTagOf               0042a840 f libserverplob:splobtype.obj
 0001:00029970       _fnUnexpectedTypeTag       0042a970 f libserverplob:splobtype.obj
 0001:00029b70       _mfnInitStandard           0042ab70 f libserverplob:splobtype.obj
 0001:00029d10       _fnNameCompare             0042ad10 f libserverplob:splobtype.obj
 0001:00029df0       _fnServerDbTypeTagName     0042adf0 f libserverplob:splobtype.obj
 0001:00029f40       _fnServerObjectPrettyPrint 0042af40 f libserverplob:splobtype.obj
 0001:0002a0f0       _fnShortPrintSymbol        0042b0f0 f libserverplob:splobtype.obj
 0001:0002a290       _fnPrintObject             0042b290 f libserverplob:splobtype.obj
 0001:0002a510       _fnTypeAddBuiltInClasses   0042b510 f libserverplob:splobtype.obj
 0001:0002a770       _fnBarifyString            0042b770 f libserverplob:splobtype.obj
 0001:0002a860       _fnPrintSymbol             0042b860 f libserverplob:splobtype.obj
 0001:0002aa50       _mfnStandardValues         0042ba50 f libserverplob:splobtype.obj
 0001:0002aa70       _mfnStandardValueTypeTag   0042ba70 f libserverplob:splobtype.obj
 0001:0002aa90       _gfnValues                 0042ba90 f libserverplob:splobtype.obj
 0001:0002ab90       _gfnValueTypeTag           0042bb90 f libserverplob:splobtype.obj
 0001:0002ac90       _gfnInitializeInstance     0042bc90 f libserverplob:splobtype.obj
 0001:0002adb0       _gfnPrintObjectDetails     0042bdb0 f libserverplob:splobtype.obj
 0001:0002af10       _gfnCount                  0042bf10 f libserverplob:splobtype.obj
 0001:0002afd0       _gfnDestroy                0042bfd0 f libserverplob:splobtype.obj
 0001:0002b0a0       _gfnCompare                0042c0a0 f libserverplob:splobtype.obj
 0001:0002b180       _gfnEqual                  0042c180 f libserverplob:splobtype.obj
 0001:0002b260       _gfnFlush                  0042c260 f libserverplob:splobtype.obj
 0001:0002b320       _gfnNameOf                 0042c320 f libserverplob:splobtype.obj
 0001:0002b3f0       _gfnLockAcquired           0042c3f0 f libserverplob:splobtype.obj
 0001:0002b4c0       _gfnLockReleased           0042c4c0 f libserverplob:splobtype.obj
 0001:0002b590       _gfnObjectStateChanged     0042c590 f libserverplob:splobtype.obj
 0001:0002b660       _fnInitializeNumberModule  0042c660 f libserverplob:splobnumber.obj
 0001:0002ba80       _fnDeinitializeNumberModule 0042ca80 f libserverplob:splobnumber.obj
 0001:0002cdd0       _mfnNumberCompare          0042ddd0 f libserverplob:splobnumber.obj
 0001:0002cfb0       _fnMakeFloat               0042dfb0 f libserverplob:splobnumber.obj
 0001:0002d060       _fnMakeDouble              0042e060 f libserverplob:splobnumber.obj
 0001:0002d110       _fnServerDbMakeBignum      0042e110 f libserverplob:splobnumber.obj
 0001:0002d3b0       _fnShortMakeSingleFloat    0042e3b0 f libserverplob:splobnumber.obj
 0001:0002d540       _fnShortMakeDoubleFloat    0042e540 f libserverplob:splobnumber.obj
 0001:0002d6d0       _fnServerObjectReadBignum  0042e6d0 f libserverplob:splobnumber.obj
 0001:0002db00       _fnServerObjectReadDoubleFloat 0042eb00 f libserverplob:splobnumber.obj
 0001:0002dca0       _fnServerObjectReadFixnum  0042eca0 f libserverplob:splobnumber.obj
 0001:0002df00       _fnServerObjectReadSingleFloat 0042ef00 f libserverplob:splobnumber.obj
 0001:0002e0a0       _fnServerObjectWriteBignum 0042f0a0 f libserverplob:splobnumber.obj
 0001:0002e4c0       _fnServerObjectWriteDoubleFloat 0042f4c0 f libserverplob:splobnumber.obj
 0001:0002e660       _fnServerObjectWriteFixnum 0042f660 f libserverplob:splobnumber.obj
 0001:0002e800       _fnServerObjectWriteSingleFloat 0042f800 f libserverplob:splobnumber.obj
 0001:0002e9a0       _fnInitializeLockModule    0042f9a0 f libserverplob:sploblock.obj
 0001:0002eb00       _fnDeinitializeLockModule  0042fb00 f libserverplob:sploblock.obj
 0001:00031900       _fnPrintLock               00432900 f libserverplob:sploblock.obj
 0001:00031ce0       _fnUnlock                  00432ce0 f libserverplob:sploblock.obj
 0001:00032490       _fnLockGet                 00433490 f libserverplob:sploblock.obj
 0001:00032cf0       _fnLockInsert              00433cf0 f libserverplob:sploblock.obj
 0001:00032d20       _fnLockSet                 00433d20 f libserverplob:sploblock.obj
 0001:00032e30       _fnSetLockRetry            00433e30 f libserverplob:sploblock.obj
 0001:00032f50       _fnUnlockAll               00433f50 f libserverplob:sploblock.obj
 0001:00033330       _fnUnlockAllAll            00434330 f libserverplob:sploblock.obj
 0001:00033590       _fnMakeReadOnly            00434590 f libserverplob:sploblock.obj
 0001:00033690       _fnClientLockPrint         00434690 f libserverplob:sploblock.obj
 0001:000338b0       _fnClientTransactionLockGet 004348b0 f libserverplob:sploblock.obj
 0001:00033b90       _fnServerTransactionLockInsert 00434b90 f libserverplob:sploblock.obj
 0001:00033f20       _fnServerTransactionLockSet 00434f20 f libserverplob:sploblock.obj
 0001:00034290       _fnServerTransactionUnlock 00435290 f libserverplob:sploblock.obj
 0001:00034500       _fnServerTransactionUnlockAll 00435500 f libserverplob:sploblock.obj
 0001:00034760       _fnServerTransactionUnlockAllAll 00435760 f libserverplob:sploblock.obj
 0001:00034960       _fnShortMakeReadOnly       00435960 f libserverplob:sploblock.obj
 0001:000355b0       _fnInitializeHeapModule    004365b0 f libserverplob:splobheap.obj
 0001:00035710       _fnDeinitializeHeapModule  00436710 f libserverplob:splobheap.obj
 0001:00037dc0       _fnMakeHeap                00438dc0 f libserverplob:splobheap.obj
 0001:00037e60       _fnHeapUser                00438e60 f libserverplob:splobheap.obj
 0001:00037ed0       _fnHeapMachine             00438ed0 f libserverplob:splobheap.obj
 0001:00037f40       _fnHeapDescription         00438f40 f libserverplob:splobheap.obj
 0001:00037fb0       _fnTransactionBegin        00438fb0 f libserverplob:splobheap.obj
 0001:000381a0       _fnServerTransactionBegin  004391a0 f libserverplob:splobheap.obj
 0001:00038390       _fnTransactionCancel       00439390 f libserverplob:splobheap.obj
 0001:000384c0       _fnServerTransactionCancel 004394c0 f libserverplob:splobheap.obj
 0001:000386b0       _fnTransactionEnd          004396b0 f libserverplob:splobheap.obj
 0001:00038810       _fnServerTransactionEnd    00439810 f libserverplob:splobheap.obj
 0001:00038a00       _fnServerTransactionFlush  00439a00 f libserverplob:splobheap.obj
 0001:00038b70       _fnServerDbTransactionP    00439b70 f libserverplob:splobheap.obj
 0001:00038e20       _fnInitializeBTreeModule   00439e20 f libserverplob:splobbtree.obj
 0001:00039010       _fnDeinitializeBTreeModule 0043a010 f libserverplob:splobbtree.obj
 0001:0003c220       _fnMakeBTree               0043d220 f libserverplob:splobbtree.obj
 0001:0003c7b0       _fnBTreeClear              0043d7b0 f libserverplob:splobbtree.obj
 0001:0003c8b0       _fnBTreeDelete             0043d8b0 f libserverplob:splobbtree.obj
 0001:0003cbb0       _fnBTreeDeleteByObjId      0043dbb0 f libserverplob:splobbtree.obj
 0001:0003cbf0       _fnBTreeInsert             0043dbf0 f libserverplob:splobbtree.obj
 0001:0003cdb0       _fnBTreeInsertByObjId      0043ddb0 f libserverplob:splobbtree.obj
 0001:0003ce00       _fnBTreeMap                0043de00 f libserverplob:splobbtree.obj
 0001:0003d1a0       _fnBTreeMapAll             0043e1a0 f libserverplob:splobbtree.obj
 0001:0003d1f0       _fnBTreeMapByObjId         0043e1f0 f libserverplob:splobbtree.obj
 0001:0003d280       _fnBTreeMapFirstByObjId    0043e280 f libserverplob:splobbtree.obj
 0001:0003e760       _fnBTreeMapSearch          0043f760 f libserverplob:splobbtree.obj
 0001:0003ea90       _fnBTreeMapSeek            0043fa90 f libserverplob:splobbtree.obj
 0001:0003ec60       _fnBTreeMapSeekSet         0043fc60 f libserverplob:splobbtree.obj
 0001:0003ee30       _fnBTreeMapFirst           0043fe30 f libserverplob:splobbtree.obj
 0001:0003f0c0       _fnBTreeMapNext            004400c0 f libserverplob:splobbtree.obj
 0001:0003f2e0       _fnBTreeMapLast            004402e0 f libserverplob:splobbtree.obj
 0001:0003f3c0       _fnBTreeSearch             004403c0 f libserverplob:splobbtree.obj
 0001:0003f490       _fnBTreeSearchByObjId      00440490 f libserverplob:splobbtree.obj
 0001:0003f530       _fnBTreeTestMode           00440530 f libserverplob:splobbtree.obj
 0001:0003f5c0       _fnBTreeRoot               004405c0 f libserverplob:splobbtree.obj
 0001:0003f5f0       _fnBTreeCount              004405f0 f libserverplob:splobbtree.obj
 0001:0003f680       _fnBTreeSize               00440680 f libserverplob:splobbtree.obj
 0001:0003f760       _fnBTreeSetPageSize        00440760 f libserverplob:splobbtree.obj
 0001:0003f960       _fnClientBtreeClear        00440960 f libserverplob:splobbtree.obj
 0001:0003fbd0       _fnClientBtreeCount        00440bd0 f libserverplob:splobbtree.obj
 0001:0003fde0       _fnServerBtreeDelete       00440de0 f libserverplob:splobbtree.obj
 0001:00040070       _fnServerBtreeDeleteByFloat 00441070 f libserverplob:splobbtree.obj
 0001:00040200       _fnServerBtreeDeleteByDouble 00441200 f libserverplob:splobbtree.obj
 0001:00040390       _fnServerBtreeDeleteByString 00441390 f libserverplob:splobbtree.obj
 0001:00040520       _fnServerBtreeInsert       00441520 f libserverplob:splobbtree.obj
 0001:000407c0       _fnServerBtreeInsertByFloat 004417c0 f libserverplob:splobbtree.obj
 0001:00040960       _fnServerBtreeInsertByDouble 00441960 f libserverplob:splobbtree.obj
 0001:00040b00       _fnServerBtreeInsertByString 00441b00 f libserverplob:splobbtree.obj
 0001:00040ca0       _fnServerBtreemapSearch    00441ca0 f libserverplob:splobbtree.obj
 0001:00040f90       _fnServerBtreemapSearchByFloat 00441f90 f libserverplob:splobbtree.obj
 0001:00041140       _fnServerBtreemapSearchByDouble 00442140 f libserverplob:splobbtree.obj
 0001:000412f0       _fnServerBtreemapSearchByString 004422f0 f libserverplob:splobbtree.obj
 0001:000414a0       _fnServerBtreemapSeek      004424a0 f libserverplob:splobbtree.obj
 0001:000416f0       _fnServerBtreemapSeekSet   004426f0 f libserverplob:splobbtree.obj
 0001:00041900       _fnServerBtreemapFirst     00442900 f libserverplob:splobbtree.obj
 0001:00041d10       _fnServerBtreemapFirstByFloat 00442d10 f libserverplob:splobbtree.obj
 0001:00041f30       _fnServerBtreemapFirstByDouble 00442f30 f libserverplob:splobbtree.obj
 0001:00042150       _fnServerBtreemapFirstByString 00443150 f libserverplob:splobbtree.obj
 0001:00042370       _fnClientBtreemapNext      00443370 f libserverplob:splobbtree.obj
 0001:000426c0       _fnClientBtreemapLast      004436c0 f libserverplob:splobbtree.obj
 0001:000428c0       _fnClientBtreePrint        004438c0 f libserverplob:splobbtree.obj
 0001:00042b00       _fnServerBtreeSearch       00443b00 f libserverplob:splobbtree.obj
 0001:00042dd0       _fnServerBtreeSearchByFloat 00443dd0 f libserverplob:splobbtree.obj
 0001:00042f70       _fnServerBtreeSearchByDouble 00443f70 f libserverplob:splobbtree.obj
 0001:00043110       _fnServerBtreeSearchByString 00444110 f libserverplob:splobbtree.obj
 0001:000432b0       _fnClientBtreeRoot         004442b0 f libserverplob:splobbtree.obj
 0001:00043510       _fnClientBtreeSize         00444510 f libserverplob:splobbtree.obj
 0001:00043700       _fnClientBtreeTestMode     00444700 f libserverplob:splobbtree.obj
 0001:00043900       _fnBTreePageParent         00444900 f libserverplob:splobbtree.obj
 0001:00043930       _fnBTreePageCount          00444930 f libserverplob:splobbtree.obj
 0001:000439c0       _fnBTreePageSize           004449c0 f libserverplob:splobbtree.obj
 0001:00043a00       _fnBTreePageItem           00444a00 f libserverplob:splobbtree.obj
 0001:00043ae0       _fnClientBtreePageSize     00444ae0 f libserverplob:splobbtree.obj
 0001:00043ce0       _fnClientBtreepageParent   00444ce0 f libserverplob:splobbtree.obj
 0001:00043f40       _fnClientBtreepageCount    00444f40 f libserverplob:splobbtree.obj
 0001:00044130       _fnClientBtreepageGetSize  00445130 f libserverplob:splobbtree.obj
 0001:00044320       _fnClientBtreepageItem     00445320 f libserverplob:splobbtree.obj
 0001:00044760       _fnInitializeFfModule      00445760 f libserverplob:splobff.obj
 0001:00044770       _fnDeinitializeFfModule    00445770 f libserverplob:splobff.obj
 0001:00044780       _fnHandleException         00445780 f libpostore:win32_win32sig.obj
 0001:00044b20       _sigaction                 00445b20 f libpostore:win32_win32sig.obj
 0001:00044ba0       _SH_close                  00445ba0 f libpostore:win32_sheap.obj
 0001:00044bb0       _SH_stabilise              00445bb0 f libpostore:win32_sheap.obj
 0001:00044d00       _SH_key_to_address         00445d00 f libpostore:win32_sheap.obj
 0001:00044d90       _SH_create_object          00445d90 f libpostore:win32_sheap.obj
 0001:00044f10       _SH_destroy_object         00445f10 f libpostore:win32_sheap.obj
 0001:00044f20       _SH_garbage_collect        00445f20 f libpostore:win32_sheap.obj
 0001:000455f0       _SH_full_garbage_collect   004465f0 f libpostore:win32_sheap.obj
 0001:00045680       _SH_incremental_garbage_collect 00446680 f libpostore:win32_sheap.obj
 0001:00045690       _SH_first_object           00446690 f libpostore:win32_sheap.obj
 0001:000456a0       _SH_read_words             004466a0 f libpostore:win32_sheap.obj
 0001:00045740       _SH_write_words            00446740 f libpostore:win32_sheap.obj
 0001:000457e0       _SH_read_byte              004467e0 f libpostore:win32_sheap.obj
 0001:00045860       _SH_write_byte             00446860 f libpostore:win32_sheap.obj
 0001:000458d0       _SH_read_word              004468d0 f libpostore:win32_sheap.obj
 0001:00045950       _SH_write_word             00446950 f libpostore:win32_sheap.obj
 0001:000459d0       _SH_read_key               004469d0 f libpostore:win32_sheap.obj
 0001:00045a50       _SH_write_key              00446a50 f libpostore:win32_sheap.obj
 0001:00045c20       _SH_can_modify             00446c20 f libpostore:win32_sheap.obj
 0001:00045cb0       _SH_configuration          00446cb0 f libpostore:win32_sheap.obj
 0001:00045ce0       _SH_statistics             00446ce0 f libpostore:win32_sheap.obj
 0001:00045d50       _SH_get_restart_clock      00446d50 f libpostore:win32_sheap.obj
 0001:00045d60       _SH_set_restart_clock      00446d60 f libpostore:win32_sheap.obj
 0001:00045d70       _SH_open                   00446d70 f libpostore:win32_sheap.obj
 0001:00045da0       _SH_open_at_addr           00446da0 f libpostore:win32_sheap.obj
 0001:00046320       _SH_read_lock              00447320 f libpostore:win32_sheap.obj
 0001:000463a0       _SH_set_lock               004473a0 f libpostore:win32_sheap.obj
 0001:00046420       _SH_write_lock             00447420 f libpostore:win32_sheap.obj
 0001:00046490       _SH_create_database        00447490 f libpostore:win32_sheap.obj
 0001:000464b0       _SH_set_signal_handler     004474b0 f libpostore:win32_sheap.obj
 0001:000464c0       _SS_close                  004474c0 f libpostore:win32_svmstore.obj
 0001:00046630       _SS_stabilise              00447630 f libpostore:win32_svmstore.obj
 0001:00046c40       _SS_real_address           00447c40 f libpostore:win32_svmstore.obj
 0001:00046c60       _SS_read_word              00447c60 f libpostore:win32_svmstore.obj
 0001:00046ce0       _SS_read_words             00447ce0 f libpostore:win32_svmstore.obj
 0001:00046d80       _SS_write_word             00447d80 f libpostore:win32_svmstore.obj
 0001:00046e00       _SS_write_words            00447e00 f libpostore:win32_svmstore.obj
 0001:00046ea0       _SS_first_address          00447ea0 f libpostore:win32_svmstore.obj
 0001:00046ec0       _SS_last_address           00447ec0 f libpostore:win32_svmstore.obj
 0001:00046ee0       _SS_set_sheap_version      00447ee0 f libpostore:win32_svmstore.obj
 0001:00046f60       _SS_get_sheap_version      00447f60 f libpostore:win32_svmstore.obj
 0001:00046fe0       _SS_set_restart_clock      00447fe0 f libpostore:win32_svmstore.obj
 0001:00047060       _SS_get_restart_clock      00448060 f libpostore:win32_svmstore.obj
 0001:000470e0       _SS_configuration          004480e0 f libpostore:win32_svmstore.obj
 0001:00047100       _SS_statistics             00448100 f libpostore:win32_svmstore.obj
 0001:00047110       _SS_saveVM                 00448110 f libpostore:win32_svmstore.obj
 0001:00047590       _SS_scratchVM              00448590 f libpostore:win32_svmstore.obj
 0001:00047810       _SS_reserveVM              00448810 f libpostore:win32_svmstore.obj
 0001:00047a40       _SS_dontneedVM             00448a40 f libpostore:win32_svmstore.obj
 0001:00047c20       _SS_open                   00448c20 f libpostore:win32_svmstore.obj
 0001:00047c50       _SS_open_at_addr           00448c50 f libpostore:win32_svmstore.obj
 0001:00048920       _SS_Xmemlock               00449920 f libpostore:win32_svmstore.obj
 0001:000489a0       _SS_set_lock               004499a0 f libpostore:win32_svmstore.obj
 0001:00048a30       _SS_compact                00449a30 f libpostore:win32_svmstore.obj
 0001:00048d70       _SS_create_database        00449d70 f libpostore:win32_svmstore.obj
 0001:00049250       _SS_initialize             0044a250 f libpostore:win32_svmstore.obj
 0001:00049280       _SS_set_signal_handler     0044a280 f libpostore:win32_svmstore.obj
 0001:00049370       _fnChmod                   0044a370 f libpostore:win32_file.obj
 0001:000493b0       _fnClose                   0044a3b0 f libpostore:win32_file.obj
 0001:00049430       _fnFcntl                   0044a430 f libpostore:win32_file.obj
 0001:00049450       _fnFsync                   0044a450 f libpostore:win32_file.obj
 0001:000494c0       _fnFtruncate               0044a4c0 f libpostore:win32_file.obj
 0001:00049540       _fnLockf                   0044a540 f libpostore:win32_file.obj
 0001:00049650       _fnLseek                   0044a650 f libpostore:win32_file.obj
 0001:000496f0       _fnMkdir                   0044a6f0 f libpostore:win32_file.obj
 0001:00049740       _fnMkstemp                 0044a740 f libpostore:win32_file.obj
 0001:00049810       _fnOpen                    0044a810 f libpostore:win32_file.obj
 0001:00049940       _fnRead                    0044a940 f libpostore:win32_file.obj
 0001:000499d0       _fnUmask                   0044a9d0 f libpostore:win32_file.obj
 0001:00049a00       _fnUnlink                  0044aa00 f libpostore:win32_file.obj
 0001:00049a50       _fnWrite                   0044aa50 f libpostore:win32_file.obj
 0001:00049ae0       _fnMmap                    0044aae0 f libpostore:win32_mman.obj
 0001:00049fa0       _fnMprotect                0044afa0 f libpostore:win32_mman.obj
 0001:0004a1d0       _fnMsync                   0044b1d0 f libpostore:win32_mman.obj
 0001:0004a300       _fnMunmap                  0044b300 f libpostore:win32_mman.obj
 0001:0004a400       _fnGetpagesize             0044b400 f libpostore:win32_unistd.obj
 0001:0004a460       _fnFdHandle                0044b460 f libpostore:win32_u2win32.obj
 0001:0004a4c0       _fnFdToFileHandle          0044b4c0 f libpostore:win32_u2win32.obj
 0001:0004a4f0       _fnGetLastErrno            0044b4f0 f libpostore:win32_u2win32.obj
 0001:0004a580       _svcerr_systemerr          0044b580 f oncrpc:oncrpc.dll
 0001:0004a586       _svc_sendreply             0044b586 f oncrpc:oncrpc.dll
 0001:0004a58c       _xdr_free                  0044b58c f oncrpc:oncrpc.dll
 0001:0004a592       _xdr_void                  0044b592 f oncrpc:oncrpc.dll
 0001:0004a598       _svctcp_create             0044b598 f oncrpc:oncrpc.dll
 0001:0004a59e       _svc_register              0044b59e f oncrpc:oncrpc.dll
 0001:0004a5a4       _rpc_nt_exit               0044b5a4 f oncrpc:oncrpc.dll
 0001:0004a5aa       _svcudp_create             0044b5aa f oncrpc:oncrpc.dll
 0001:0004a5b0       _pmap_unset                0044b5b0 f oncrpc:oncrpc.dll
 0001:0004a5b6       _rpc_nt_init               0044b5b6 f oncrpc:oncrpc.dll
 0001:0004a5bc       _svc_run                   0044b5bc f oncrpc:oncrpc.dll
 0001:0004a5c2       _svcerr_noproc             0044b5c2 f oncrpc:oncrpc.dll
 0001:0004a5c8       _svcerr_decode             0044b5c8 f oncrpc:oncrpc.dll
 0001:0004a5ce       _bzero                     0044b5ce f oncrpc:oncrpc.dll
 0001:0004a5d4       _xdr_enum                  0044b5d4 f oncrpc:oncrpc.dll
 0001:0004a5da       _xdr_int                   0044b5da f oncrpc:oncrpc.dll
 0001:0004a5e0       _xdr_bytes                 0044b5e0 f oncrpc:oncrpc.dll
 0001:0004a5e6       _xdr_array                 0044b5e6 f oncrpc:oncrpc.dll
 0001:0004a5ec       _xdr_u_int                 0044b5ec f oncrpc:oncrpc.dll
 0001:0004a5f2       _xdr_float                 0044b5f2 f oncrpc:oncrpc.dll
 0001:0004a5f8       _xdr_double                0044b5f8 f oncrpc:oncrpc.dll
 0001:0004a5fe       _xdr_string                0044b5fe f oncrpc:oncrpc.dll
 0001:0004a604       _xdr_bool                  0044b604 f oncrpc:oncrpc.dll
 0001:0004a60a       _xdr_opaque                0044b60a f oncrpc:oncrpc.dll
 0001:0004a610       _clnt_create               0044b610 f oncrpc:oncrpc.dll
 0001:0004a616       _svc_unregister            0044b616 f oncrpc:oncrpc.dll
 0001:0004a61c       __errno                    0044b61c f msvcrt:MSVCRT.dll
 0001:0004a622       _abort                     0044b622 f msvcrt:MSVCRT.dll
 0001:0004a628       _strstr                    0044b628 f msvcrt:MSVCRT.dll
 0001:0004a62e       _sprintf                   0044b62e f msvcrt:MSVCRT.dll
 0001:0004a640       __except_handler3          0044b640 f msvcrt:MSVCRT.dll
 0001:0004a646       __strdup                   0044b646 f msvcrt:MSVCRT.dll
 0001:0004a64c       _free                      0044b64c f msvcrt:MSVCRT.dll
 0001:0004a652       _exit                      0044b652 f msvcrt:MSVCRT.dll
 0001:0004a658       _fprintf                   0044b658 f msvcrt:MSVCRT.dll
 0001:0004a660       _malloc                    0044b660 f msvcrt:MSVCRT.dll
 0001:0004a670       _mainCRTStartup            0044b670 f msvcrt:crtexe.obj
 0001:0004a7c0       _fputs                     0044b7c0 f msvcrt:MSVCRT.dll
 0001:0004a7c6       __filbuf                   0044b7c6 f msvcrt:MSVCRT.dll
 0001:0004a7cc       _fflush                    0044b7cc f msvcrt:MSVCRT.dll
 0001:0004a7d2       _strncpy                   0044b7d2 f msvcrt:MSVCRT.dll
 0001:0004a7d8       _vsprintf                  0044b7d8 f msvcrt:MSVCRT.dll
 0001:0004a7de       _fopen                     0044b7de f msvcrt:MSVCRT.dll
 0001:0004a7e4       _fclose                    0044b7e4 f msvcrt:MSVCRT.dll
 0001:0004a7ea       _rename                    0044b7ea f msvcrt:MSVCRT.dll
 0001:0004a7f0       _remove                    0044b7f0 f msvcrt:MSVCRT.dll
 0001:0004a7f6       _fputc                     0044b7f6 f msvcrt:MSVCRT.dll
 0001:0004a7fc       _strftime                  0044b7fc f msvcrt:MSVCRT.dll
 0001:0004a802       _localtime                 0044b802 f msvcrt:MSVCRT.dll
 0001:0004a808       _time                      0044b808 f msvcrt:MSVCRT.dll
 0001:0004a80e       _longjmp                   0044b80e f msvcrt:MSVCRT.dll
 0001:0004a814       _tolower                   0044b814 f msvcrt:MSVCRT.dll
 0001:0004a81a       _toupper                   0044b81a f msvcrt:MSVCRT.dll
 0001:0004a820       __onexit                   0044b820 f msvcrt:atonexit.obj
 0001:0004a850       _atexit                    0044b850 f msvcrt:atonexit.obj
 0001:0004a870       __setjmp3                  0044b870 f msvcrt:MSVCRT.dll
 0001:0004a876       _difftime                  0044b876 f msvcrt:MSVCRT.dll
 0001:0004a87c       __ftol                     0044b87c f msvcrt:MSVCRT.dll
 0001:0004a882       _realloc                   0044b882 f msvcrt:MSVCRT.dll
 0001:0004a888       _printf                    0044b888 f msvcrt:MSVCRT.dll
 0001:0004a88e       _puts                      0044b88e f msvcrt:MSVCRT.dll
 0001:0004a894       _rand                      0044b894 f msvcrt:MSVCRT.dll
 0001:0004a89a       _sscanf                    0044b89a f msvcrt:MSVCRT.dll
 0001:0004a8a0       _fgets                     0044b8a0 f msvcrt:MSVCRT.dll
 0001:0004a8a6       _strncmp                   0044b8a6 f msvcrt:MSVCRT.dll
 0001:0004a8ac       __spawnl                   0044b8ac f msvcrt:MSVCRT.dll
 0001:0004a8b2       __getpid                   0044b8b2 f msvcrt:MSVCRT.dll
 0001:0004a8b8       _strchr                    0044b8b8 f msvcrt:MSVCRT.dll
 0001:0004a8be       __seh_longjmp_unwind@4     0044b8be f msvcrt:MSVCRT.dll
 0001:0004a8c4       _signal                    0044b8c4 f msvcrt:MSVCRT.dll
 0001:0004a8ca       __getcwd                   0044b8ca f msvcrt:MSVCRT.dll
 0001:0004a8d0       __beginthread              0044b8d0 f msvcrt:MSVCRT.dll
 0001:0004a8d6       __spawnv                   0044b8d6 f msvcrt:MSVCRT.dll
 0001:0004a8e0       __isctype                  0044b8e0 f msvcrt:MSVCRT.dll
 0001:0004a8f0       _strtoul                   0044b8f0 f msvcrt:MSVCRT.dll
 0001:0004a8f6       _setvbuf                   0044b8f6 f msvcrt:MSVCRT.dll
 0001:0004a8fc       _fread                     0044b8fc f msvcrt:MSVCRT.dll
 0001:0004a902       _fwrite                    0044b902 f msvcrt:MSVCRT.dll
 0001:0004a908       _fseek                     0044b908 f msvcrt:MSVCRT.dll
 0001:0004a90e       _ftell                     0044b90e f msvcrt:MSVCRT.dll
 0001:0004a914       __unlink                   0044b914 f msvcrt:MSVCRT.dll
 0001:0004a920       __alloca_probe             0044b920   msvcrt:chkstk.obj
 0001:0004a920       __chkstk                   0044b920   msvcrt:chkstk.obj
 0001:0004a950       __XcptFilter               0044b950 f msvcrt:MSVCRT.dll
 0001:0004a956       __initterm                 0044b956 f msvcrt:MSVCRT.dll
 0001:0004a960       __setdefaultprecision      0044b960 f msvcrt:fp8.obj
 0001:0004a980       __matherr                  0044b980 f msvcrt:merr.obj
 0001:0004a990       __setargv                  0044b990 f msvcrt:dllargv.obj
 0001:0004a9a0       ___dllonexit               0044b9a0 f msvcrt:MSVCRT.dll
 0001:0004a9a6       __controlfp                0044b9a6 f msvcrt:MSVCRT.dll
 0001:0004a9ac       _gethostname@8             0044b9ac f ws2_32:WS2_32.dll
 0001:0004a9b2       _WSAStartup@8              0044b9b2 f ws2_32:WS2_32.dll
 0002:0000162c       _szEmpty                   0044d62c   libcommonplob:global.obj
 0002:00001630       _szAt                      0044d630   libcommonplob:global.obj
 0002:00001638       _szNULL                    0044d638   libcommonplob:global.obj
 0002:00001640       _szSpace                   0044d640   libcommonplob:global.obj
[...]
FIXUPS: 1c0b5 23 a 1f 2d 28 8 23 25 22 1d 2d 1c d b 2d 14 fffff7a3 50 28
FIXUPS: 1bac4 5c 2a 28 a 20 28 a 21 28 24 28 a 28 23 a 1f 29 28 a 22 28
FIXUPS: 1bd90 2e 1e 32 20 1e 28 fffff6dc 73 25 e 70 26 f 3c e 39 28 8 a
FIXUPS: 1b766 22 a0 43 12 9 13 b 22 c 1c 25 8 6 27 22 50 28 26 4515 32
FIXUPS: 1ffaa 4e 13 20 ffffb0be 30 30 30 30 30 30 30 30 30 39 61 1d 18
FIXUPS: 1b38a 26 20 65 29 a 2e 15 25 18 22 26 4351 5f 29 44 e 4e 13 20
FIXUPS: 1fa40 5 31 13 20 6e 5 17 17 59 13 20 67 32 5b 4e 13 20 62 32 5b
FIXUPS: 1fe88 13 20 fffff46a 1a d 1c d 2b 12 17 b 6 8 4e 5d c b 27 9 6
FIXUPS: 1f4e4 3a 25 6 46 3e 1d 5b 46 2c 26 30 6e 30 693e 3c 28 29 5e f
FIXUPS: 26223 9 28 58 27 b5 1d 41 5c 77 13 20 53 e ffff8ca8 1d 8 6 8 17
FIXUPS: 1f264 22 f 30 a 2b 65d9 13 26 5a 21 ab 17 72 8c 22 3b 2f 1a f 2b
FIXUPS: 25c84 3b 65 13 20 54 e 84 32 69 22 4e 13 20 6d 32 6a fffff0e4 10
FIXUPS: 251c6 13 20 6f 32 6a 65 13 28 58 21 8b 15 33 76 20 36 29 18 f 25
FIXUPS: 25648 86 e 53 13 20 6a 32 6a fffff145 32 1e 30 4b 13 20 65 32 66
FIXUPS: 24bc6 a4 13 20 60 32 69 2d 4e 13 20 69 32 6a 65 e 28 56 13 20 5e
FIXUPS: 250ff fffff032 72 20 70 13 20 72 32 6a 8d 3c 28 29 5e f 3e 9 28
FIXUPS: 245c2 21 6a 17 177 e 53 13 20 27 54 22 19 29 ffffef70 58 21 8b
FIXUPS: 239de 36 1e 7d e 53 13 20 73 32 6a 65 13 28 5c 21 c3 20 6c 1b 5d
FIXUPS: 23f44 8d 13 20 6b 32 69 fffff15a 12 41 28 19 b 9 24 3e 1c 18 19
FIXUPS: 233d4 4d f 48 5f 50 13 20 6c 32 a8 e 34 13 20 6d 32 6a 65 13 fffff415
FIXUPS: 22d10 e 28 53 13 20 2c 5e b 27 34 5c 6 48 74 27 8 26 66 14 22 47
FIXUPS: 23174 1c f 19 29 c e 36 16 fffff46d 13 14 23 55 3b 13 53 e 13 1c
FIXUPS: 22843 33 25 2b 52 34 21 b 20 32 1f 56 32 43 65 f 4b 13 20 69 32
FIXUPS: 21eb7 4d 4a 53 25 23 69 2d 34 41 1b 31 4d b 65 32 66 18 51 13 20
FIXUPS: 22393 32 6e 2b 6f 62 13 20 71 43 3e fffff2da 1b 9 a 5 21 a 13 39
FIXUPS: 219eb 20 62 32 66 23 8f 13 20 56 22 52 2f 4e 9 52 3e 13 a 30 1a
FIXUPS: 21e4f 2c fffff478 10 36 13 47 2b 2e 78 9 31 4e 13 47 59 32 67 65
FIXUPS: 216ab 4e 13 20 7b 35 50 33 6 3f 9 1d 27 11 5 fffff335 d 8 5 14
FIXUPS: 20c96 28 40 24 3e 81 21 4f e 48 26 40 23 3e 5e 21 46 e 59 34 d0
FIXUPS: 211c7 21 78 9 36 41 fffff649 2a 11 9 d 10 47 50 1d c 18 15 e 42
FIXUPS: 20ad8 1f 8 6 17 15 28 a 6 6 6 6 e 13 12 52 1a 17 fffff576 59 36
FIXUPS: 2023c 13 8 21 5 45 1a 17a af 93 53 5e 5f 7 d 10 2e 27 12 35 14
FIXUPS: 207b4 35 1a 20 11 6a 37 1e 7172 51 13 20 33 40 22 3e 55 23 6b 1f
FIXUPS: 27cdf 2b 1f 28 1a d 55 32 48 51 13 20 ffff818f 26 56 13 1d 23 a
FIXUPS: 2017a 73e0 11 f 11 f 1e f 15 a 3d 1f 14 20 20 4c 38 a 4e 24 15
FIXUPS: 277cd 2a 44 3a 45 4b 15 2a 9 70 32 66 fffff49a 2d 14 e 30 18 d
FIXUPS: 26fe6 28 1b 10 76 5c 33 16 13 8 11 e 1d 9 13 27 84 18 170 2d 40
FIXUPS: 2749a 18 56 43 fffff39e 30 30 30 30 2d 2d 2d 2d 2d 2d 2d 2d 2d
FIXUPS: 26b6b 2d 2d 2d 2d 2d 2d 30 30 30 30 38 30 43 3d 30 7c 14 20fc 17
FIXUPS: 29035 e 50 64 e 46 20 30 1c 18 59 13 20 ffffd35e 30 30 30 30 30
FIXUPS: 266d9 30 30 30 30 30 30 30 30 30 30 21df 17 1f 12 1e 1e 1e 16 39
FIXUPS: 28bd2 21 1c 31 25 25 28 14 20 28 17 2d b 1e 1e 16 54 32 68 6c 2c
FIXUPS: 28f71 e fffff4c3 24 12 45 59 a8 50 2f 14 b 6c 40 34 33 62 1d 38
FIXUPS: 2884e 8 24 6e 40 16 24 2b 1d 28 f 29 28 12 38 1bcd 13 20 ffffd897
FIXUPS: 27f3d 7e 19 3c 2a 2b 74 b 1b 1c 25 24 25 12 2d 1b 5f 24 35 3d 26
FIXUPS: 28322 25 e 26 e 69 31 1b5d 9 13 1c 24 18 72 13 20 64 32 6a 69 29
FIXUPS: 2a261 e 83 1b 3b e 50 3c 13 20 6a 32 6a 65 2b 21 18 14 fffff2a2
FIXUPS: 298cd 68 27 4c 14 e 2d 14 e 2d 35 b 13 6b 30 4a 78 32 68 6c 2c
FIXUPS: 29d64 e 7e 17 49 20 4d e 64 24 fffff350 2a 3f 37 e 17 32 24 25
FIXUPS: 293f1 26 e 3d 24 31 2f 26 25 8a 20 1b 24 12 9 23 4a 5a 6d 6a 40
FIXUPS: 29847 36 2791 2e 37 40 24 50 37 2e 35 3a 37 19 20 33 2e 37 28 33
FIXUPS: 2c38c 37 38 33 2e 37 38 33 2e 37 38 33 2e 37 fffff3f3 34 20 26
FIXUPS: 2bac5 36 39 3d 30 25 36 39 3d 47 2f 40 39 f 22 2c 21 2c 2f 40 39
FIXUPS: 2bec2 22 3a 33 2e 37 25 fffff579 6c 2a 1f 19 13 45 d e 1c d f 5c
FIXUPS: 2b743 f 2b 21 42 67 28 35 2b 17 11 40 12 1a 1d e 24 43 27 fffff4f7
FIXUPS: 2af7f 32 74 10 14 48 13 20 6b 32 74 1b 48 13 20 39 51 31 14 9 3d
FIXUPS: 2b38d 13 f 5d 35 43 4f 1a 3e 5 fffff4f0 9 22 33 27 1c 51 25 e e
FIXUPS: 2abc0 1c 21 1b 22 36 e 32 1c 1a 1c 19 2a 7 4a 15 30 52 1a 4b 4e
FIXUPS: 2aef3 4722 20 68 32 69 22 4e 13 20 62 32 69 1c 4e 13 20 ffffad4e
FIXUPS: 2a6ed 2a 2a 2a 2d 2d 30 30 2b 37 22 35 43 62 2d 4485 71 13 20 64
FIXUPS: 2ef6f 69 24 51 13 20 69 32 6a 6b 12 28 71 7a 16 16 e 8d 4f 3f 13
FIXUPS: 2f49d 60 32 69 1c 4e fffff025 52 13 20 70 32 6a 6b 12 25 74 7a
FIXUPS: 2e95e 16 e 8a 5d 3f 13 20 62 32 69 24 51 13 20 5d 32 69 2c 71 fffff1a7
FIXUPS: 2dfe4 10 22 9 22 2b 28 10 22 9 22 62 32 66 1c 2a 28 69 93 13 20
FIXUPS: 2e3ee 32 67 c 52 13 20 66 32 67 fffff1bc 26 28 11 11 2b 27 b 13
FIXUPS: 2d8c9 31 30 1c be 43 59 6a b 22 6f b 22 50 25 3e 2e 160 2d 73 45
FIXUPS: 2df3e 13 fffff079 33 27 19 11b 5d 16 20 d5 11a 90 2f 32 29 14 22
FIXUPS: 2d55d 14 22 17 36 29 34 29 14 22 33 14 22 17 5b 31 fffff43b e 43
FIXUPS: 2cc48 e 2d 14 e 43 14 e 2d 14 e 43 14 e 2d 14 e 43 14 e 2c 13 e
FIXUPS: 2cecd 28 39 24 12 36 fffff719 2d 2d 2d 2d 2d 2d 2d 2d 2d 2d 2d
FIXUPS: 2c8cf 2d 2d 2d 2d 2d 2d 2d 30 30 62 14 e 2d 14 e 43 14 e 2d 95e3
FIXUPS: 36208 67 2d 17 10 17 4f 18 36 12 15 10 12 1c a 3b 5b 21 17 10 16
FIXUPS: 364f9 32 d 13 9 e 15 10 16 ffff60e9 9785 20 22 2a 9 13 17 10 16
FIXUPS: 35efa 22 50 28 50 d 1d a 16 10 17 1d 18 15 35 11 22 10 21 15 10
FIXUPS: 36173 30 fffff5fc 32 67 75 12 4e 13 20 5f 32 67 65 12 4e 13 20
FIXUPS: 35b73 1f 22 50 28 b 18 10 17 1d 18 33 2a 4f 17 44 fffff148 65 32
FIXUPS: 34ffb 98 6c 30 1f 4c 20 28 5d 13 20 5d 32 6a 65 70 1e 50 13 20
FIXUPS: 3553d 32 67 61 6c 12 50 13 20 ffffef4f 48 32 6a 65 33 4e 13 20
FIXUPS: 348ef 32 6a 65 6c 30 1f 48 41 13 20 68 32 6a 9b 7b 31 1f 51 20
FIXUPS: 34e6a 5d 13 fffff1bf 80 9 22 c 2d 51 22 50 28 22 63 b9 9 26 c 31
FIXUPS: 34430 4c 24 17 1f 31 f 32 15 1a 24 63 48 17 18 fffff360 20 2c 2e
FIXUPS: 33a8b 5b 1f 31 15 3a 26 27 31 56 31 1e 6e 3c 3e 1b e 38 27 62 4c
FIXUPS: 33f00 13 22 a1 13 39 22 fffff233 22 7f 67 1f 52 46 e 2d 39 3e 1b
FIXUPS: 33511 31 35 55 1b e 43 46 25 13 48 6c 37 67 6c 6a 15 37 50 17 fffff213
FIXUPS: 32bb7 33 1e 4c 24 16 13 2d 36 3e 1b e 43 46 28 13 3c 57 22 50 28
FIXUPS: 32f7e 55 8e 57 46 e 71 60 22 50 fffff3c3 28 24 72 28 5c 88 28 6a
FIXUPS: 328ae 1b 1e 27 28 2b 28 41 18 10 18 13 12 29 f 9 3a 1e 4c 24 16
FIXUPS: 32b61 34 fffff44e 22 2a 1a 1e e 19 32 a 13 a5 2a f 1f 68 15 13
FIXUPS: 3227b 21 5f 7a 15 13 4d 23 1f 68 15 13 20 1f ae fffff398 22 61
FIXUPS: 319d0 25 2a 19 2b 22 29 34 ab 38 42 22 50 28 22 6a 34 37 23 46
FIXUPS: 31e71 40 13 37 44 27 1a 2f 29 fffff250 1a 48 20 1e 40 4f 4e 24
FIXUPS: 313dc 5d 5b 22 50 28 22 78 c 25 2a 19 27 1f 2c 28 8b 3e e 97 63
FIXUPS: 318c9 50 fffff2d6 78 7c 1f a1 4a 58 50 3c 24 1f 1f 10 4f 4f 16
FIXUPS: 31047 c 1f 1f 25 b 10 1f 1f 26 1f 11 25 c 1f 33 fffff460 9 22 17
FIXUPS: 306ac 2b 22 26 26 2a 9 15 39 13 19 66 22 50 28 22 69 c 25 2a 19
FIXUPS: 30a1d 23 25 8b 14 2a 5e fffff3e2 22 50 28 36 22 50 28 148 2a 1d
FIXUPS: 30282 21 19 39 22 3f 2d 2a 1e 49 4c 33 c 25 2a 1c 21 1f 36 4e e
FIXUPS: 39bdf 68 6e 11 6a 5e 40 13 20 ffff5bca 30 30 30 30 c8 b 5b 52 4d
FIXUPS: 2fc87 28 5e 66 30 b 34 5f 21 3c 22 50 28 96c5 12 4e 13 20 36 f
FIXUPS: 3974b 1a 15 18 b 16 33 13 56 32 67 65 12 4e 13 20 5f 32 44 11 9
FIXUPS: 39b1a 13 20 60 fffff4ca 1a 13 16 13 19 b 17 17 28 23 14 d 54 32
FIXUPS: 39278 65 12 4e 13 20 35 f 72 16 e 1d 33 13 52 32 67 fffff6c7 9
FIXUPS: 38ca3 b 9 9 41 24 44 25 14 2a 28 13 d 22 35 28 f 22 17 28 f 22
FIXUPS: 38f4b 28 f 22 1f 28 18 39 fffff94d 9 3e 16 e 29 b 9 9 3e 17 e 15
FIXUPS: 38ad4 b 9 9 3f e e 15 1b b 9 9 3f e e 19 1a 18 17 fffff97f 5d 39
FIXUPS: 3869e 18 1a 46 5a 30 d 1f a 9 9 39 e 15 a 9 9 36 17 13 15 a 9 9
FIXUPS: 38930 e e 29 b fffff88e 15 e 24 11 15 1a 3e e 18 15 8 3f 19 e 3e
FIXUPS: 3841c 13 c 9 9 38 e 5e 18 10 a 9 9 45 e 30 fffff7b7 24 22 9 38
FIXUPS: 37e05 3c 2d 24 22 9 38 f 7e 3d 24 13 4f c 8 39 e 22 d 8 3f e e
FIXUPS: 3817f 3c c 8 fffff726 c 8 39 f 18 d 8 39 e 31 10 13 c 8 39 12 15
FIXUPS: 37a9e 8 39 e 39 55 20 16 72 74 35 1d 1c 3c fffff76e 17 36 39 47
FIXUPS: 375a6 36 24 d 18 1b 20 3e 10 34 d 1e 33 23 15 9 c 15 9 36 24 1a
FIXUPS: 3782b 8 39 e 67 fffff6f9 37 24 21 10 16 63 24 21 10 5a 1f c 17
FIXUPS: 3720a 2f d 17 15 3b 20 15 c 39 3e 1e 4e 21 25 1a 3f 10 fffff761
FIXUPS: 36c58 13 a 3c e 1a c 8 39 e 1a 18 d 12 22 12 e 18 14 44 9 22 50
FIXUPS: 36eda 5a 1f f 9 9 2d 23 fffff7ed 3c 3a 2c 34 42 3b 15 13 a 2c 22
FIXUPS: 3698f 35 e 1a 2d 26 b e 35 e 1f 3c 3f c f 3c 13 11 9 1f e630 65
FIXUPS: 4527b 4e 13 20 64 32 67 2e 65 6e 13 26 9 9a 1f 8a 87 13 20 ffff0e7d
FIXUPS: 365e6 30 30 30 30 30 30 2c 5d f e26e a 5f 49 e 56 32 6a 65 12 4e
FIXUPS: 44c96 20 69 32 67 65 11 6a 50 13 20 64 32 67 65 e 4e 13 20 63 32
FIXUPS: 442ef 32 67 65 e 6d 50 13 20 64 32 67 65 e 4e 13 20 63 32 6a 65
FIXUPS: 44852 4e 13 20 37 a 27 a 5e 27 a fffff1a0 6a 65 70 1a 26 1e 19
FIXUPS: 43d76 13 20 64 32 69 28 4e 13 20 5c 32 69 28 4e 13 20 5c 32 69
FIXUPS: 44210 4e 13 20 fffff271 29 28 18 25 f 1e 12 1c 26 57 13 20 64 32
FIXUPS: 43798 65 e 63 13 20 61 32 67 68 13 36 b 51 13 20 67 fffff214 36
FIXUPS: 42dc2 25 55 4f 4e 13 20 6a 36 36 25 55 4f 4e 13 20 6a 36 36 25
FIXUPS: 4327c 4f 4e 13 20 6a 36 36 25 56 fffff1a6 4d 13 20 6c 32 67 65
FIXUPS: 42844 18 4e 13 20 71 36 36 28 59 65 6e 29 28 18 28 36 1e 12 38
FIXUPS: 42c63 5a 13 20 fffff1cc 37 41 13 20 66 32 66 30 4e 13 20 67 32
FIXUPS: 42215 30 4e 13 20 67 32 66 30 4e 13 20 69 32 67 65 32 1b fffff0c0
FIXUPS: 41700 1c 53 13 20 5b 32 69 21 4e 13 20 63 32 69 21 4e 13 20 63
FIXUPS: 41b6f 69 21 4e 13 20 65 32 67 69 6a fffff145 17 1b 53 13 20 65
FIXUPS: 410df 69 19 4e 13 20 5b 32 69 19 4e 13 20 5b 32 69 19 4e 13 20
FIXUPS: 41562 32 6a 65 70 fffff09b e 60 44 f 48 f 4b f 49 f 67 32 6a 65
FIXUPS: 40b10 f 53 13 20 6a 32 67 65 28 51 13 20 66 32 6a 65 fffff2f3 4a
FIXUPS: 4027c 3e 15 1d 28 40 14 21 16 b 25 28 17 2a c 3d 33 22 65 e 4f
FIXUPS: 405ca e 23 e 5e 25 e 58 53 fffff5a6 41 2e c 22 e 6d 3c 28 5a 13
FIXUPS: 3fefe 13 15 2a 46 2c 24 24 14 37 f 33 11 2f 29 56 20 20 20 23 1c
FIXUPS: 3f706 69 28 5b 3d 2e 5e d 6e 21 2a 6d f d 3a f d 13 34 29 57 d
FIXUPS: 3fb52 3f 16 15 46 23 4a 28 1b 17 fffff2e6 43 56 31 22 67 2a 10
FIXUPS: 3f16f 25 50 37 20 4c 4f 18 16 20 4c 4f 18 2b 2e 23 5c 8a 38 59
FIXUPS: 3f617 4e 50 3e fffff110 1c 1c 45 50 1c 1c 43 58 58 44 31 39 4c
FIXUPS: 3eb13 9a e 64 22 4b a9 11 22 2c 3c 1b 22 5a 22 78 7e e fffff191
FIXUPS: 3e15b e c 13 5a 30 29 37 19 28 28 29 41 28 3a 22 53 22 2f 22 34
FIXUPS: 3e547 31 53 47 33 32 52 22 49 31 fffff46b 18 19 28 17 2e 14 28
FIXUPS: 3dccc 18 1f 18 26 8f 1d 36 28 22 45 2e c 21 55 1b 22 55 1b 43 22
FIXUPS: 3e0b3 51 e fffff394 2f 72 e8 60 2d 30 67 45 27 28 17 2e 1d 14 a
FIXUPS: 3d8c3 28 17 2e 51 1c 21 29 26 26 22 59 2d 17 f 37 fffff13b 15 7b
FIXUPS: 3cd75 71 39 33 24 7a 74 26 23 18 26 3e 1d 1a 40 25 89 69 21 1b
FIXUPS: 3d20c 21 10 43 2a 8a b3 43 2e fffff1de 10 14 60 1f 25 55 1d 1c
FIXUPS: 3c7a2 31 2a 2f 2e 56 1a 59 20 f 13 f 28 f 46 24 47 11 94 6d 17
FIXUPS: 3cbf5 69 fffff5bc 26 1e 13 35 28 1f 11 10 2e 22 10 47 2f 12 37
FIXUPS: 3c45c 19 12 15 15 2d 12 19 1a 11 14 41 2d 33 1a 1a fffff573 1c
FIXUPS: 3bbcb d 13 4b 13 17 6a 68 109 23 9 e 36 52 11 75 2d 81 40 2b 3a
FIXUPS: 3c0f3 40 22 10 29 11 2f 21 12 fffff0b7 10 100 79 69 4f 23 70 15
FIXUPS: 3b5ed 17 11 66 19 4b 16 4b 15 4b 15 17e 37 26 3a 13 26 9 22 7a
FIXUPS: 3bae3 19 4e fffff036 1d 13 41 5b 71 13 30 33 22 68 36 22 50 28
FIXUPS: 3aef8 13 b 33 5b 13 60 7e 2b 9e 34 c 6a 9 26 f 26 fffff346 e 3b
FIXUPS: 3a657 b 11 19 7c 4d 18 13 10 a 2a 27 22 50 28 36 63 18 54 1b 13
FIXUPS: 3a9f4 13 63 17 2d 22 50 28 fffff48e 30 2c 2d 7b 1d 1f 15 4d 3b
FIXUPS: 3a1c6 2c 48 54 14 22 3f 1d 26 1c a0 19 22 14 14 6f 31 e 4d 16 a
FIXUPS: 3a59c fffd92c2 80 3a f 1c f 3a 19 27 19 28 24 f 17 f 28 26 f 1e
FIXUPS: 13af0 7c 15 5 262a0 30 30 30 30 30 30 30 30 fffd946c d 19 5 d 30
FIXUPS: 13488 a 6 c e 2c e b 9 30 36 37 d 4c 4b d 1e 30 2f 21 2c 22 47
FIXUPS: 1379b 4c 24 fffff7a5 aa 1f 25 38 12 12 30 12 d 21 66 8 15 3e 1a
FIXUPS: 13262 14 21 1e 12 12 25 10 40 15 27 2a 17 14 d 18 1186 26 21 24
FIXUPS: 1463d 3d 44 15 45 2a 4c 15 45 2a fffff3a7 8a 1f 31 22 4f 16 90
FIXUPS: 13e0f ffffefbd 12 f 2d 2c 17 9 23 f9 1094 21 22 27 53 1f d 30 13
FIXUPS: 14161 33 17 14 1a 23 21 3c 6b 24 29 21 2f 37 2d 29 1d 13 1c f 21
FIXUPS: 1453b 38 c5f 29 23 21 5b 21 76 40 4c 39 25 15 57 24 15 57 3c 16
FIXUPS: 1558f 10 16 13 e 21 2d ffffe815 38 2d 64 93 20 1d acc 18 2e 3c
FIXUPS: 14b64 4d 43 27 11 22 63 18 28 21 29 24 29 42 46 44 44 47 27 1d
FIXUPS: 14f99 21 41 23 61 21 7c a1 a9a 3f d 14 f 1b 5f 17 b 44 8a 27 3b
FIXUPS: 15e9f 3a 14 2d 45 1c 1f 1f 1d 3d 1d ffffe84e 27 6c 15 3c 84 1e
FIXUPS: 14a6f 2d2f fc ffffddc1 35 4e 2b 43 55 41 d 15 d 15 14 16 25 1d
FIXUPS: 158a9 129 8 24 25 1b 18 4b 38 2c 17 50 b 3e 71 17c9 51 21 33 47
FIXUPS: 17507 17 12 12 e 21 21 1e 4e 11 1f 13 18 1c 11 11 13 20 e 2a f
FIXUPS: 1772e e 13 b e 17 fffff667 e 28 27 24 40 e 2a 3d e 32 6f 21 3f
FIXUPS: 17039 2a 2e 21 3d e 5c 43 6c 86 21 3c 21 3f e 28 21 3f fffff2ea
FIXUPS: 166eb e e 28 21 3d e 53 21 3f e 1a 6b 90 bf 6e 21 3f e 7a 58 21
FIXUPS: 16c3e e 24 2a 67 24 3f e 2a fffff3df 10 72 22 44 1a 27 3c 24 13
FIXUPS: 16336 48 13 28 40 1e 1b 2a 1e 22 5a 15 26 4d e 45 e 1f 2c 33 21
FIXUPS: 166bd 18c1 17 2f 1e 6 11 71 48 12 f 12 12 12 e 2d 1e 5a 4f 33 14
FIXUPS: 18281 1c 22 45 23 54 91 3e ffffdc88 25 21 25 1a28 12 20 d d 15
FIXUPS: 17bdf 6 12 9 9 79 85 54 27 d 18 d 2e 29 5 12 18 f 29 12 12 2e e
FIXUPS: 17ee4 32 26 627 27 24 1f 13 d 18 8 4d 20 20 20 fffffdcc fffff45b
FIXUPS: 178fd 12 16 28 10 1d 31 d 47 15 22 31 27 26 45 d 13 d 12ce 2f 5b
FIXUPS: 18f0f 4b b4 21 4e 64 55 8a a7 fffff773 1b fffffe34 38 41 1a 21
FIXUPS: 18912 39 21 2a fffffe53 ffffffbd ffffffc0 ffffffc0 ffffffc0 fffffde0
FIXUPS: 184ff 1e 33 ffff4158 21 26 d 2a 8 7 15 ffff48be 20 78 11 35 1b
FIXUPS: 111e 31 13 1c 13 20 17879 20 40 36 21 38 42 68 96 33 33 33 ffff2f63
FIXUPS: bc5d a 1c 8 7 f 6 7 9 1b 8 7 e 1d 8 7 f 6 7 9 1a 8 7 8 14 8 7 16
FIXUPS: bdaf 5 37 fffff84b 65 52 62 16 21 65 52 69 16 21 4f 29 37 29 36
FIXUPS: ba17 1b a 30 29 1c a 8a 59 3b 2d 25 8 10 5 6 fffff1b1 16 21 81
FIXUPS: af09 66 16 21 65 52 62 16 21 65 52 62 16 21 69 52 5e 16 21 69 52
FIXUPS: b4af 16 21 65 52 62 16 ffffef40 1c a 7f 59 3b 2d 54 16 21 65 52
FIXUPS: a85f 16 21 69 52 5e 16 21 81 52 66 16 21 81 52 66 16 21 85 52 fffff0fe
FIXUPS: 9f43 59 3b 2d 52 16 21 4f 29 36 2c 1b a 30 29 1c a a0 59 3b 2d
FIXUPS: a3c6 16 21 4f 29 36 2c 1b a 30 fffff388 3b 2d 5a 16 21 4f 29 36
FIXUPS: 9a87 1b a 30 29 1c a a0 59 3b 2d 5a 16 21 4f 29 36 2c 1b a 30 29
FIXUPS: 9e91 fffff1f5 8d 52 5a 16 21 85 52 62 16 21 81 52 66 16 21 75 52
FIXUPS: 9606 16 21 4f 29 36 2c 1b a 30 29 1c a a0 ffffef94 16 21 75 52
FIXUPS: 894f 16 21 71 52 66 16 21 75 52 62 16 21 71 52 66 16 21 85 52 62
FIXUPS: 8ef5 21 85 52 62 16 ffffeef6 52 62 16 21 65 52 62 16 21 65 52 62
FIXUPS: 82c5 21 6d 52 5a 16 21 69 52 5e 16 21 6d 52 5a 16 21 69 52 ffffefa0
FIXUPS: 778f 16 21 65 52 62 16 21 69 52 5e 16 21 65 52 62 16 21 65 52 62
FIXUPS: 7ce5 21 65 52 62 16 48 42 16 21 ffffef40 69 52 5e 16 21 6d 52 5a
FIXUPS: 70b5 21 75 52 62 16 21 7f 52 68 16 21 7f 52 68 16 21 76 52 61 16
FIXUPS: 7676 69 ffffef10 16 21 6a 52 5d 16 21 76 52 61 16 21 6a 52 5d 16
FIXUPS: 6a26 71 52 66 16 21 6d 52 5a 16 21 75 52 62 16 fffff037 21 7f 59
FIXUPS: 5f79 28 1c a 48 16 21 65 52 62 16 21 69 52 5e 16 21 6d 52 61 16
FIXUPS: 643d 8c 59 34 2d 1c a fffff111 77 59 3b 30 1b a 45 16 21 69 52
FIXUPS: 59af 16 21 69 52 5e 16 21 61 52 6d 16 21 83 59 34 28 1c a 4b fffff105
FIXUPS: 4f8d 62 16 21 65 52 62 16 21 69 52 5e 16 21 65 52 69 16 21 8d 59
FIXUPS: 553e 2d 1b a 56 16 21 4e 29 1c fffff145 21 69 52 65 16 21 88 59
FIXUPS: 4a89 2d 1b a 4b 16 21 51 2c 2e 29 1b a 81 59 3b 2d 47 16 60 4a
FIXUPS: 4eb5 21 fffff0a7 42 16 21 65 52 62 16 21 65 52 62 16 21 79 52 5e
FIXUPS: 43d5 21 7d 52 5a 16 21 75 52 62 16 21 7d 52 5a fffff00e 4e 29 1c
FIXUPS: 388a 7e 59 3b 30 1b a 4e 16 21 76 52 68 16 21 a2 59 34 2d 1c a
FIXUPS: 3daf 16 21 7f 52 68 16 fffff0a8 94 59 3b 2d 1b a 48 16 4c 4e 16
FIXUPS: 3286 65 52 62 16 21 77 52 60 16 21 65 52 62 16 21 7b 52 63 16 ffffefbf
FIXUPS: 27dd 62 16 21 65 52 62 16 21 65 52 62 16 21 65 52 62 16 4c 4e 16
FIXUPS: 2d16 75 52 62 16 21 71 52 6d 16 fffff023 16 21 65 52 62 16 21 61
FIXUPS: 2219 66 16 21 65 52 62 16 21 5a 4f 67 16 21 77 59 34 28 1c a 50
FIXUPS: 2705 21 fffff070 65 52 62 16 21 69 52 5e 16 21 69 52 65 16 21 84
FIXUPS: 1c6a 3b 2d 1b a 48 16 21 65 52 62 16 21 65 52 10318 14 24 14 14
FIXUPS: 12309 14 14 14 14 14 fffeef78 25 18 10 3d 16 21 61 52 66 16 21
FIXUPS: 155b 52 62 16 21 61 52 66 16 107cc 14 28 14 14 28 14 14 28 14 14
FIXUPS: 1206d 14 14 28 14 2c 14 14 28 14 2c 14 14 28 14 2c 14 14 14 14
FIXUPS: 12281 fffff9a0 14 14 14 14 14 28 14 14 14 24 14 14 14 14 14 14
FIXUPS: 11dad 14 14 14 24 14 14 28 14 2c 14 14 28 14 2c fffff9d8 28 14
FIXUPS: 1196d 14 14 28 14 14 28 14 14 14 14 14 14 28 14 14 14 24 14 14
FIXUPS: 11b49 14 14 14 28 14 14 14 24 fffffa28 14 24 14 14 14 14 14 14
FIXUPS: 116f9 14 14 14 14 14 14 2c 14 14 14 14 14 14 28 14 14 14 14 14
FIXUPS: 118b5 28 14 fffffa84 14 14 14 2c 14 14 14 14 14 14 14 24 14 14
FIXUPS: 114c9 14 14 14 14 14 14 14 14 14 14 2c 14 14 14 14 14 fffffaac
FIXUPS: 110e1 14 14 14 14 14 14 14 14 14 14 14 14 2c 14 14 14 14 14 14
FIXUPS: 11289 24 14 14 14 14 14 14 14 14 14 fffffa74 14 14 14 2c 14 14
FIXUPS: 10e79 14 14 14 28 14 14 14 24 14 14 28 14 14 14 14 14 2c 14 14
FIXUPS: 11059 14 14 14 14 fffffa54 14 14 14 14 14 14 14 14 14 2c 14 14
FIXUPS: 10c2d 14 14 14 14 14 14 14 14 14 2c 14 14 28 14 14 14 14 14 fffffa3c
FIXUPS: 10811 14 28 14 14 14 14 20 14 14 28 14 14 14 14 20 14 14 28 14
FIXUPS: 109f5 14 14 14 14 14 14 14 2c 14 14 fffff9f8 14 14 28 14 14 28
FIXUPS: 10581 14 28 14 14 28 14 14 28 14 14 28 14 14 14 14 14 2c 14 14
FIXUPS: 1078d 14 14 14 14 fffff970 14 2c 14 14 28 14 2c 14 14 28 14 2c
FIXUPS: 102c1 14 28 14 2c 14 14 28 14 2c 14 14 28 14 14 14 24 14 14 fffff950
FIXUPS: fe09 24 14 14 14 14 20 14 14 28 14 14 28 14 14 28 14 2c 14 14 28
FIXUPS: 10031 14 28 14 14 28 14 2c 14 14 fffff9dc 14 28 14 14 14 14 14
FIXUPS: fbcd 14 14 14 14 20 14 14 14 14 14 2c 14 14 14 14 20 14 14 14 14
FIXUPS: fda1 2c 14 fffff9f4 14 14 20 14 14 28 14 14 28 14 14 28 14 14 14
FIXUPS: f95d 14 2c 14 14 28 14 14 28 14 14 28 14 14 14 24 fffff9cc 24 14
FIXUPS: f505 14 14 20 14 14 14 24 14 2c 14 14 14 24 14 14 14 14 20 14 14
FIXUPS: f6f9 24 14 2c 14 14 28 14 fffff9d0 14 14 14 20 14 14 14 24 14 14
FIXUPS: f289 24 14 14 28 14 2c 14 14 28 14 2c 14 14 28 14 14 14 24 14 14
FIXUPS: ee69 24 14 14 14 14 14 2c 14 14 14 14 20 14 14 28 14 14 28 14 14
FIXUPS: f07d 14 14 28 14 14 28 14 14 14 24 fffff9a0 14 14 28 14 14 28 14
FIXUPS: ebfd 14 14 28 14 2c 14 14 28 14 14 28 14 14 28 14 2c 14 14 14 14
FIXUPS: ee2d 14 14 fffff9d8 14 14 28 14 14 28 14 14 14 24 14 14 14 24 14
FIXUPS: e9b5 14 14 14 2c 14 14 14 14 14 14 14 24 14 14 14 fffffa1c 28 14
FIXUPS: e575 28 14 14 14 14 14 14 14 24 14 14 28 14 14 14 14 14 2c 14 14
FIXUPS: e77d 14 14 14 14 14 14 14 fffffa14 14 14 14 24 14 14 14 14 14 14
FIXUPS: e309 14 20 14 14 28 14 2c 14 14 28 14 2c 14 14 28 14 14 14 14 14
FIXUPS: df4d 14 14 14 14 20 14 14 14 14 14 14 14 24 14 14 14 24 14 14 14
FIXUPS: e11d 20 14 14 14 14 14 2c 14 14 14 fffffa0c 28 14 2c 14 14 28 14
FIXUPS: dd0d 14 14 14 14 20 14 14 14 24 14 14 28 14 2c 14 14 14 14 20 14
FIXUPS: df05 14 14 fffff9e0 14 14 28 14 2c 14 2c 14 14 14 14 14 14 28 14
FIXUPS: daa5 28 14 14 14 14 20 14 14 14 24 14 14 14 14 14 fffff98c 14 14
FIXUPS: d5dd 14 14 28 14 2c 14 14 28 14 14 14 24 14 2c 14 14 28 14 2c 14
FIXUPS: d815 28 14 2c 14 14 28 14 fffff934 28 14 14 28 14 14 28 14 14 28
FIXUPS: d341 14 14 24 14 14 28 14 14 28 14 2c 14 14 28 14 2c 14 14 28 14
FIXUPS: ce2b 20 20 20 20 20 20 26 20 27 30 30 30 25 20 14 14 28 14 14 28
FIXUPS: d0e1 2c 14 14 28 14 14 28 14 2c 14 fffff82a 20 20 20 20 20 20 20
FIXUPS: cb2b 20 20 20 20 20 20 20 20 20 20 20 20 20 20 20 20 20 20 20 20
FIXUPS: cdcb 20 20 5bfe 14 22 23 19 19 30 1a 2a 19 34 16 37 67 2f 38 28
FIXUPS: 12cc2 58 23 14 14 14 22 ffff9b90 20 20 20 20 20 20 20 5990 1f 5b
FIXUPS: 12488 f 16 69 2f 45 66 9f e 2f 33 42 77 f f 13 34 17 4c 3c 2a 33
FIXUPS: 1295d 22 14 14 26 14 14
