 plobdadmin

 Timestamp is 3a895fad (Tue Feb 13 17:24:13 2001)

 Preferred load address is 00400000

 Start         Length     Name                   Class
 0001:00000000 000022f0H .text                   CODE
 0002:00000000 0000014cH .idata$5                DATA
 0002:00000150 000005b4H .rdata                  DATA
 0002:00000704 0000003cH .idata$2                DATA
 0002:00000740 00000014H .idata$3                DATA
 0002:00000754 0000014cH .idata$4                DATA
 0002:000008a0 00000504H .idata$6                DATA
 0002:00000da4 00000000H .edata                  DATA
 0003:00000000 00000004H .CRT$XCA                DATA
 0003:00000004 00000004H .CRT$XCZ                DATA
 0003:00000008 00000004H .CRT$XIA                DATA
 0003:0000000c 00000004H .CRT$XIZ                DATA
 0003:00000010 00000f20H .data                   DATA
 0003:00000f30 00000024H .bss                    DATA
 0004:00000000 00000178H .rsrc$01                DATA
 0004:00000180 00001c00H .rsrc$02                DATA

  Address         Publics by Value              Rva+Base     Lib:Object

 0001:00002090       _main                      00403090 f   plobdadmin.obj
 0001:00002150       _fnRegisterCcallable       00403150 f   librpclientplobimp:librpclientplob.dll
 0001:00002156       __setjmp3                  00403156 f   msvcrt:MSVCRT.dll
 0001:0000215c       __onexit                   0040315c f   msvcrt:atonexit.obj
 0001:00002188       _atexit                    00403188 f   msvcrt:atonexit.obj
 0001:0000219a       _mainCRTStartup            0040319a f   msvcrt:crtexe.obj
 0001:000022aa       ___dllonexit               004032aa f   msvcrt:MSVCRT.dll
 0001:000022b0       __XcptFilter               004032b0 f   msvcrt:MSVCRT.dll
 0001:000022b6       __initterm                 004032b6 f   msvcrt:MSVCRT.dll
 0001:000022bc       __setdefaultprecision      004032bc f   msvcrt:fp8.obj
 0001:000022ce       __matherr                  004032ce f   msvcrt:merr.obj
 0001:000022d1       __setargv                  004032d1 f   msvcrt:dllargv.obj
 0001:000022e0       __except_handler3          004032e0 f   msvcrt:MSVCRT.dll
 0001:000022e6       __controlfp                004032e6 f   msvcrt:MSVCRT.dll
 0002:00000000       __imp__DebugBreak@0        00404000     kernel32:KERNEL32.dll
 0002:00000004       \177KERNEL32_NULL_THUNK_DATA 00404004     kernel32:KERNEL32.dll
 0002:00000008       __imp__chdir               00404008     msvcrt:MSVCRT.dll
 0002:00000008       __imp___chdir              00404008     msvcrt:MSVCRT.dll
 0002:0000000c       __imp__getcwd              0040400c     msvcrt:MSVCRT.dll
 0002:0000000c       __imp___getcwd             0040400c     msvcrt:MSVCRT.dll
 0002:00000010       __imp___except_handler3    00404010     msvcrt:MSVCRT.dll
 0002:00000014       __imp___controlfp          00404014     msvcrt:MSVCRT.dll
 0002:00000018       __imp____p__fmode          00404018     msvcrt:MSVCRT.dll
 0002:0000001c       __imp____p__commode        0040401c     msvcrt:MSVCRT.dll
 0002:00000020       __imp____set_app_type      00404020     msvcrt:MSVCRT.dll
 0002:00000024       __imp____setusermatherr    00404024     msvcrt:MSVCRT.dll
 0002:00000028       __imp___initterm           00404028     msvcrt:MSVCRT.dll
 0002:0000002c       __imp___adjust_fdiv        0040402c     msvcrt:MSVCRT.dll
 0002:00000030       __imp____p___initenv       00404030     msvcrt:MSVCRT.dll
 0002:00000034       __imp___XcptFilter         00404034     msvcrt:MSVCRT.dll
 0002:00000038       __imp____getmainargs       00404038     msvcrt:MSVCRT.dll
 0002:0000003c       __imp___onexit             0040403c     msvcrt:MSVCRT.dll
 0002:00000040       __imp____dllonexit         00404040     msvcrt:MSVCRT.dll
 0002:00000044       __imp___exit               00404044     msvcrt:MSVCRT.dll
 0002:00000048       __imp__fputc               00404048     msvcrt:MSVCRT.dll
 0002:0000004c       __imp__strtok              0040404c     msvcrt:MSVCRT.dll
 0002:00000050       __imp__strncmp             00404050     msvcrt:MSVCRT.dll
 0002:00000054       __imp__fclose              00404054     msvcrt:MSVCRT.dll
 0002:00000058       __imp__fopen               00404058     msvcrt:MSVCRT.dll
 0002:0000005c       __imp__memmove             0040405c     msvcrt:MSVCRT.dll
 0002:00000060       __imp__strncpy             00404060     msvcrt:MSVCRT.dll
 0002:00000064       __imp__free                00404064     msvcrt:MSVCRT.dll
 0002:00000068       __imp__fputs               00404068     msvcrt:MSVCRT.dll
 0002:0000006c       __imp___strdup             0040406c     msvcrt:MSVCRT.dll
 0002:00000070       __imp___iob                00404070     msvcrt:MSVCRT.dll
 0002:00000074       __imp___setjmp3            00404074     msvcrt:MSVCRT.dll
 0002:00000078       __imp__getenv              00404078     msvcrt:MSVCRT.dll
 0002:0000007c       __imp__fprintf             0040407c     msvcrt:MSVCRT.dll
 0002:00000080       __imp__sprintf             00404080     msvcrt:MSVCRT.dll
 0002:00000084       __imp__fgets               00404084     msvcrt:MSVCRT.dll
 0002:00000088       __imp__sscanf              00404088     msvcrt:MSVCRT.dll
 0002:0000008c       __imp__fflush              0040408c     msvcrt:MSVCRT.dll
 0002:00000090       __imp__exit                00404090     msvcrt:MSVCRT.dll
 0002:00000094       __imp__longjmp             00404094     msvcrt:MSVCRT.dll
 0002:00000098       \177MSVCRT_NULL_THUNK_DATA 00404098     msvcrt:MSVCRT.dll
 0002:0000009c       __imp__fnClientBtreemapNext 0040409c     librpclientplobimp:librpclientplob.dll
 0002:000000a0       __imp__fnClientTransactionBegin 004040a0     librpclientplobimp:librpclientplob.dll
 0002:000000a4       __imp__fnMalloc            004040a4     librpclientplobimp:librpclientplob.dll
 0002:000000a8       __imp__fnClientDbStatistics 004040a8     librpclientplobimp:librpclientplob.dll
 0002:000000ac       __imp__fnClientDbSessions  004040ac     librpclientplobimp:librpclientplob.dll
 0002:000000b0       __imp__fnClientBtreemapFirst 004040b0     librpclientplobimp:librpclientplob.dll
 0002:000000b4       __imp__fnClientRestart     004040b4     librpclientplobimp:librpclientplob.dll
 0002:000000b8       __imp__fnClientObjectPrettyPrint 004040b8     librpclientplobimp:librpclientplob.dll
 0002:000000bc       __imp__fnClientTransactionEnd 004040bc     librpclientplobimp:librpclientplob.dll
 0002:000000c0       __imp__fnGetVersionString  004040c0     librpclientplobimp:librpclientplob.dll
 0002:000000c4       __imp__fnClientDbReset     004040c4     librpclientplobimp:librpclientplob.dll
 0002:000000c8       __imp__fnClientGetVersion  004040c8     librpclientplobimp:librpclientplob.dll
 0002:000000cc       __imp__fnSplitURL          004040cc     librpclientplobimp:librpclientplob.dll
 0002:000000d0       __imp__fnClientDbStabilise 004040d0     librpclientplobimp:librpclientplob.dll
 0002:000000d4       __imp__fnClientExit        004040d4     librpclientplobimp:librpclientplob.dll
 0002:000000d8       __imp__fnStartLocalServer  004040d8     librpclientplobimp:librpclientplob.dll
 0002:000000dc       __imp__fnStartRemoteServer 004040dc     librpclientplobimp:librpclientplob.dll
 0002:000000e0       __imp__szPlobd             004040e0     librpclientplobimp:librpclientplob.dll
 0002:000000e4       __imp__fnReAlloc           004040e4     librpclientplobimp:librpclientplob.dll
 0002:000000e8       __imp__szSpace             004040e8     librpclientplobimp:librpclientplob.dll
 0002:000000ec       __imp__szEmpty             004040ec     librpclientplobimp:librpclientplob.dll
 0002:000000f0       __imp____eErrorLevel__     004040f0     librpclientplobimp:librpclientplob.dll
 0002:000000f4       __imp____lpszErrorFile__   004040f4     librpclientplobimp:librpclientplob.dll
 0002:000000f8       __imp____lpszErrorProc__   004040f8     librpclientplobimp:librpclientplob.dll
 0002:000000fc       __imp__szStreamRead        004040fc     librpclientplobimp:librpclientplob.dll
 0002:00000100       __imp____nErrorLine__      00404100     librpclientplobimp:librpclientplob.dll
 0002:00000104       __imp___fnGlobalError      00404104     librpclientplobimp:librpclientplob.dll
 0002:00000108       __imp__fnClientDbClose     00404108     librpclientplobimp:librpclientplob.dll
 0002:0000010c       __imp__fnMergeURLs         0040410c     librpclientplobimp:librpclientplob.dll
 0002:00000110       __imp__fnServerGetDirectory 00404110     librpclientplobimp:librpclientplob.dll
 0002:00000114       __imp__fnClientDbOpen      00404114     librpclientplobimp:librpclientplob.dll
 0002:00000118       __imp__fnClientPlobd       00404118     librpclientplobimp:librpclientplob.dll
 0002:0000011c       __imp__fnClientPlobdFlush  0040411c     librpclientplobimp:librpclientplob.dll
 0002:00000120       __imp__szTcp               00404120     librpclientplobimp:librpclientplob.dll
 0002:00000124       __imp__fnFree              00404124     librpclientplobimp:librpclientplob.dll
 0002:00000128       __imp__szLocalhost         00404128     librpclientplobimp:librpclientplob.dll
 0002:0000012c       __imp__szFormatURL         0040412c     librpclientplobimp:librpclientplob.dll
 0002:00000130       __imp___fnGlobalAssertFailed 00404130     librpclientplobimp:librpclientplob.dll
 0002:00000134       __imp__fnMallocFlags       00404134     librpclientplobimp:librpclientplob.dll
 0002:00000138       __imp__fnGlobalErrorHandler 00404138     librpclientplobimp:librpclientplob.dll
 0002:0000013c       __imp__fnGetCopyrightString 0040413c     librpclientplobimp:librpclientplob.dll
 0002:00000140       __imp__ppszErrorLevel2String 00404140     librpclientplobimp:librpclientplob.dll
 0002:00000144       __imp__fnRegisterCcallable 00404144     librpclientplobimp:librpclientplob.dll
 0002:00000148       \177librpclientplob_NULL_THUNK_DATA 00404148     librpclientplobimp:librpclientplob.dll
 0002:00000704       __IMPORT_DESCRIPTOR_librpclientplob 00404704     librpclientplobimp:librpclientplob.dll
 0002:00000718       __IMPORT_DESCRIPTOR_MSVCRT 00404718     msvcrt:MSVCRT.dll
 0002:0000072c       __IMPORT_DESCRIPTOR_KERNEL32 0040472c     kernel32:KERNEL32.dll
 0002:00000740       __NULL_IMPORT_DESCRIPTOR   00404740     librpclientplobimp:librpclientplob.dll
 0003:00000000       ___xc_a                    00405000     msvcrt:cinitexe.obj
 0003:00000004       ___xc_z                    00405004     msvcrt:cinitexe.obj
 0003:00000008       ___xi_a                    00405008     msvcrt:cinitexe.obj
 0003:0000000c       ___xi_z                    0040500c     msvcrt:cinitexe.obj
 0003:00000f28       __fmode                    00405f28     binmode.obj
 0003:00000f2c       ___defaultmatherr          00405f2c     msvcrt:merr.obj
 0003:00000f3c       __dowildcard               00405f3c     msvcrt:wildcard.obj
 0003:00000f40       __newmode                  00405f40     msvcrt:_newmode.obj
 0003:00000f44       __commode                  00405f44     msvcrt:xncommod.obj
 0003:00000f48       __adjust_fdiv              00405f48     <common>
 0003:00000f4c       ___onexitend               00405f4c     <common>
 0003:00000f50       ___onexitbegin             00405f50     <common>

 entry point at        0001:0000219a

 Static symbols

 0001:00000000       _fnAdminErrorHandler       00401000 f   plobdadmin.obj
 0001:00000360       _fnAdminInit               00401360 f   plobdadmin.obj
 0001:000004e0       _fnAdminDeInit             004014e0 f   plobdadmin.obj
 0001:00000550       _fnAdminAtExit             00401550 f   plobdadmin.obj
 0001:00000580       _fnAdminStreamIn           00401580 f   plobdadmin.obj
 0001:000005e0       _fnAdminStreamOut          004015e0 f   plobdadmin.obj
 0001:00000620       _fnAdminAssertOpen         00401620 f   plobdadmin.obj
 0001:00000750       _fnAdminClose              00401750 f   plobdadmin.obj
 0001:00000780       _fnAdminSetRootDirectory   00401780 f   plobdadmin.obj
 0001:000007d0       _fnAdminReadRootDirectory  004017d0 f   plobdadmin.obj
 0001:00000880       _fnAdminSetURL             00401880 f   plobdadmin.obj
 0001:000008d0       _fnAdminReadURL            004018d0 f   plobdadmin.obj
 0001:00000960       _fnAdminLineGet            00401960 f   plobdadmin.obj
 0001:00000ab0       _fnAdminFilePush           00401ab0 f   plobdadmin.obj
 0001:00000bb0       _fnAdminFilePop            00401bb0 f   plobdadmin.obj
 0001:00000c20       _fnAdminFileLineInc        00401c20 f   plobdadmin.obj
 0001:00000c70       _fnAdminFileStackPrint     00401c70 f   plobdadmin.obj
 0001:00000cc0       _fnAdminArgPush            00401cc0 f   plobdadmin.obj
 0001:00000db0       _fnAdminArgPeek            00401db0 f   plobdadmin.obj
 0001:00000df0       _fnAdminArgPeekNotOption   00401df0 f   plobdadmin.obj
 0001:00000e10       _fnAdminArgPeekGet         00401e10 f   plobdadmin.obj
 0001:00000ea0       _fnAdminArgPop             00401ea0 f   plobdadmin.obj
 0001:00000f90       _fnAdminArgPopAll          00401f90 f   plobdadmin.obj
 0001:00000fd0       _fnAdminParse              00401fd0 f   plobdadmin.obj
 0001:00001020       _fnAdminArgGet             00402020 f   plobdadmin.obj
 0001:00001130       _fnAdminCmdClose           00402130 f   plobdadmin.obj
 0001:00001140       _fnAdminCmdEcho            00402140 f   plobdadmin.obj
 0001:00001210       _fnAdminCmdHelp            00402210 f   plobdadmin.obj
 0001:00001380       _fnAdminCreateStartLocal   00402380 f   plobdadmin.obj
 0001:000014b0       _fnAdminCreateStartRemote  004024b0 f   plobdadmin.obj
 0001:000014e0       _fnAdminCreateStart        004024e0 f   plobdadmin.obj
 0001:00001680       _fnAdminCmdCreate          00402680 f   plobdadmin.obj
 0001:000016a0       _fnAdminCmdStop            004026a0 f   plobdadmin.obj
 0001:00001730       _fnAdminCmdFlush           00402730 f   plobdadmin.obj
 0001:00001760       _fnAdminCmdInfo            00402760 f   plobdadmin.obj
 0001:00001850       _fnAdminCmdQuit            00402850 f   plobdadmin.obj
 0001:00001860       _fnAdminCmdReset           00402860 f   plobdadmin.obj
 0001:000018f0       _fnAdminCmdRestart         004028f0 f   plobdadmin.obj
 0001:00001980       _fnAdminCmdRoot            00402980 f   plobdadmin.obj
 0001:00001a00       _fnAdminCmdSessions        00402a00 f   plobdadmin.obj
 0001:00001ba0       _fnAdminCmdSource          00402ba0 f   plobdadmin.obj
 0001:00001bf0       _fnAdminCmdStart           00402bf0 f   plobdadmin.obj
 0001:00001c10       _fnAdminCmdStatistics      00402c10 f   plobdadmin.obj
 0001:00001d20       _fnAdminCmdURL             00402d20 f   plobdadmin.obj
 0001:00001db0       _fnAdminRun                00402db0 f   plobdadmin.obj
